Archive member included because of file (symbol)

c:/altera/11.0/nios2eds/bin/gnu/h-i686-mingw32/bin/../lib/gcc/nios2-elf/4.1.2/../../../../nios2-elf/lib\libc.a(lib_a-printf.o)
                              obj/interrupts.o (printf)
c:/altera/11.0/nios2eds/bin/gnu/h-i686-mingw32/bin/../lib/gcc/nios2-elf/4.1.2/../../../../nios2-elf/lib\libc.a(lib_a-puts.o)
                              obj/main.o (puts)
c:/altera/11.0/nios2eds/bin/gnu/h-i686-mingw32/bin/../lib/gcc/nios2-elf/4.1.2/../../../../nios2-elf/lib\libc.a(lib_a-strlen.o)
                              c:/altera/11.0/nios2eds/bin/gnu/h-i686-mingw32/bin/../lib/gcc/nios2-elf/4.1.2/../../../../nios2-elf/lib\libc.a(lib_a-puts.o) (strlen)
c:/altera/11.0/nios2eds/bin/gnu/h-i686-mingw32/bin/../lib/gcc/nios2-elf/4.1.2/../../../../nios2-elf/lib\libc.a(lib_a-vfprintf.o)
                              c:/altera/11.0/nios2eds/bin/gnu/h-i686-mingw32/bin/../lib/gcc/nios2-elf/4.1.2/../../../../nios2-elf/lib\libc.a(lib_a-printf.o) (___vfprintf_internal_r)
c:/altera/11.0/nios2eds/bin/gnu/h-i686-mingw32/bin/../lib/gcc/nios2-elf/4.1.2/../../../../nios2-elf/lib\libc.a(lib_a-wsetup.o)
                              c:/altera/11.0/nios2eds/bin/gnu/h-i686-mingw32/bin/../lib/gcc/nios2-elf/4.1.2/../../../../nios2-elf/lib\libc.a(lib_a-vfprintf.o) (__swsetup_r)
c:/altera/11.0/nios2eds/bin/gnu/h-i686-mingw32/bin/../lib/gcc/nios2-elf/4.1.2/../../../../nios2-elf/lib\libc.a(lib_a-dtoa.o)
                              c:/altera/11.0/nios2eds/bin/gnu/h-i686-mingw32/bin/../lib/gcc/nios2-elf/4.1.2/../../../../nios2-elf/lib\libc.a(lib_a-vfprintf.o) (_dtoa_r)
c:/altera/11.0/nios2eds/bin/gnu/h-i686-mingw32/bin/../lib/gcc/nios2-elf/4.1.2/../../../../nios2-elf/lib\libc.a(lib_a-fflush.o)
                              c:/altera/11.0/nios2eds/bin/gnu/h-i686-mingw32/bin/../lib/gcc/nios2-elf/4.1.2/../../../../nios2-elf/lib\libc.a(lib_a-vfprintf.o) (_fflush_r)
c:/altera/11.0/nios2eds/bin/gnu/h-i686-mingw32/bin/../lib/gcc/nios2-elf/4.1.2/../../../../nios2-elf/lib\libc.a(lib_a-findfp.o)
                              c:/altera/11.0/nios2eds/bin/gnu/h-i686-mingw32/bin/../lib/gcc/nios2-elf/4.1.2/../../../../nios2-elf/lib\libc.a(lib_a-vfprintf.o) (__sinit)
c:/altera/11.0/nios2eds/bin/gnu/h-i686-mingw32/bin/../lib/gcc/nios2-elf/4.1.2/../../../../nios2-elf/lib\libc.a(lib_a-freer.o)
                              c:/altera/11.0/nios2eds/bin/gnu/h-i686-mingw32/bin/../lib/gcc/nios2-elf/4.1.2/../../../../nios2-elf/lib\libc.a(lib_a-wsetup.o) (_free_r)
c:/altera/11.0/nios2eds/bin/gnu/h-i686-mingw32/bin/../lib/gcc/nios2-elf/4.1.2/../../../../nios2-elf/lib\libc.a(lib_a-fvwrite.o)
                              c:/altera/11.0/nios2eds/bin/gnu/h-i686-mingw32/bin/../lib/gcc/nios2-elf/4.1.2/../../../../nios2-elf/lib\libc.a(lib_a-puts.o) (__sfvwrite_r)
c:/altera/11.0/nios2eds/bin/gnu/h-i686-mingw32/bin/../lib/gcc/nios2-elf/4.1.2/../../../../nios2-elf/lib\libc.a(lib_a-fwalk.o)
                              c:/altera/11.0/nios2eds/bin/gnu/h-i686-mingw32/bin/../lib/gcc/nios2-elf/4.1.2/../../../../nios2-elf/lib\libc.a(lib_a-fflush.o) (_fwalk_reent)
c:/altera/11.0/nios2eds/bin/gnu/h-i686-mingw32/bin/../lib/gcc/nios2-elf/4.1.2/../../../../nios2-elf/lib\libc.a(lib_a-impure.o)
                              c:/altera/11.0/nios2eds/bin/gnu/h-i686-mingw32/bin/../lib/gcc/nios2-elf/4.1.2/../../../../nios2-elf/lib\libc.a(lib_a-printf.o) (_impure_ptr)
c:/altera/11.0/nios2eds/bin/gnu/h-i686-mingw32/bin/../lib/gcc/nios2-elf/4.1.2/../../../../nios2-elf/lib\libc.a(lib_a-locale.o)
                              c:/altera/11.0/nios2eds/bin/gnu/h-i686-mingw32/bin/../lib/gcc/nios2-elf/4.1.2/../../../../nios2-elf/lib\libc.a(lib_a-vfprintf.o) (_localeconv_r)
c:/altera/11.0/nios2eds/bin/gnu/h-i686-mingw32/bin/../lib/gcc/nios2-elf/4.1.2/../../../../nios2-elf/lib\libc.a(lib_a-makebuf.o)
                              c:/altera/11.0/nios2eds/bin/gnu/h-i686-mingw32/bin/../lib/gcc/nios2-elf/4.1.2/../../../../nios2-elf/lib\libc.a(lib_a-wsetup.o) (__smakebuf_r)
c:/altera/11.0/nios2eds/bin/gnu/h-i686-mingw32/bin/../lib/gcc/nios2-elf/4.1.2/../../../../nios2-elf/lib\libc.a(lib_a-mallocr.o)
                              c:/altera/11.0/nios2eds/bin/gnu/h-i686-mingw32/bin/../lib/gcc/nios2-elf/4.1.2/../../../../nios2-elf/lib\libc.a(lib_a-findfp.o) (_malloc_r)
c:/altera/11.0/nios2eds/bin/gnu/h-i686-mingw32/bin/../lib/gcc/nios2-elf/4.1.2/../../../../nios2-elf/lib\libc.a(lib_a-memchr.o)
                              c:/altera/11.0/nios2eds/bin/gnu/h-i686-mingw32/bin/../lib/gcc/nios2-elf/4.1.2/../../../../nios2-elf/lib\libc.a(lib_a-vfprintf.o) (memchr)
c:/altera/11.0/nios2eds/bin/gnu/h-i686-mingw32/bin/../lib/gcc/nios2-elf/4.1.2/../../../../nios2-elf/lib\libc.a(lib_a-memcpy.o)
                              c:/altera/11.0/nios2eds/bin/gnu/h-i686-mingw32/bin/../lib/gcc/nios2-elf/4.1.2/../../../../nios2-elf/lib\libc.a(lib_a-dtoa.o) (memcpy)
c:/altera/11.0/nios2eds/bin/gnu/h-i686-mingw32/bin/../lib/gcc/nios2-elf/4.1.2/../../../../nios2-elf/lib\libc.a(lib_a-memmove.o)
[...]
Memory Configuration

Name             Origin             Length             Attributes
reset            0x00280000         0x00000020
onchip_ram       0x00280020         0x0004bad0
*default*        0x00000000         0xffffffff

Linker script and memory map

LOAD ../the_whole_shit_bsp//obj/HAL/src/crt0.o
LOAD obj/drawing.o
LOAD obj/interrupts.o
LOAD obj/main.o
LOAD c:/altera/11.0/nios2eds/bin/gnu/h-i686-mingw32/bin/../lib/gcc/nios2-elf/4.1.2/../../../../nios2-elf/lib\libstdc++.a
LOAD c:/altera/11.0/nios2eds/bin/gnu/h-i686-mingw32/bin/../lib/gcc/nios2-elf/4.1.2/../../../../nios2-elf/lib\libm.a
LOAD c:/altera/11.0/nios2eds/bin/gnu/h-i686-mingw32/bin/../lib/gcc/nios2-elf/4.1.2\libgcc.a
START GROUP
LOAD c:/altera/11.0/nios2eds/bin/gnu/h-i686-mingw32/bin/../lib/gcc/nios2-elf/4.1.2/../../../../nios2-elf/lib\libc.a
LOAD c:/altera/11.0/nios2eds/bin/gnu/h-i686-mingw32/bin/../lib/gcc/nios2-elf/4.1.2\libgcc.a
LOAD ../the_whole_shit_bsp/\libhal_bsp.a
END GROUP
LOAD c:/altera/11.0/nios2eds/bin/gnu/h-i686-mingw32/bin/../lib/gcc/nios2-elf/4.1.2\libgcc.a
                0x00280000                __alt_mem_onchip_ram = 0x280000

.entry          0x00280000       0x20
 *(.entry)
 .entry         0x00280000       0x20 ../the_whole_shit_bsp//obj/HAL/src/crt0.o
                0x00280000                __reset

.exceptions     0x00280020      0x194
                0x00280020                PROVIDE (__ram_exceptions_start, ABSOLUTE (.))
                0x00280020                . = ALIGN (0x20)
 *(.irq)
 *(.exceptions.entry.label)
 .exceptions.entry.label
                0x00280020        0x0 ../the_whole_shit_bsp/\libhal_bsp.a(alt_irq_entry.o)
                0x00280020                alt_irq_entry
 .exceptions.entry.label
                0x00280020        0x0 ../the_whole_shit_bsp/\libhal_bsp.a(alt_exception_entry.o)
                0x00280020                alt_exception
 *(.exceptions.entry.user)
 *(.exceptions.entry)
 .exceptions.entry
                0x00280020       0x54 ../the_whole_shit_bsp/\libhal_bsp.a(alt_exception_entry.o)
 *(.exceptions.irqtest.user)
 *(.exceptions.irqtest)
 .exceptions.irqtest
                0x00280074       0x10 ../the_whole_shit_bsp/\libhal_bsp.a(alt_irq_entry.o)
 *(.exceptions.irqhandler.user)
 *(.exceptions.irqhandler)
 .exceptions.irqhandler
                0x00280084        0x4 ../the_whole_shit_bsp/\libhal_bsp.a(alt_irq_entry.o)
 *(.exceptions.irqreturn.user)
 *(.exceptions.irqreturn)
 .exceptions.irqreturn
                0x00280088        0x4 ../the_whole_shit_bsp/\libhal_bsp.a(alt_irq_entry.o)
 *(.exceptions.notirq.label)
 .exceptions.notirq.label
                0x0028008c        0x0 ../the_whole_shit_bsp/\libhal_bsp.a(alt_irq_entry.o)
 *(.exceptions.notirq.user)
 *(.exceptions.notirq)
 .exceptions.notirq
                0x0028008c        0x8 ../the_whole_shit_bsp/\libhal_bsp.a(alt_exception_entry.o)
 *(.exceptions.soft.user)
 *(.exceptions.soft)
 *(.exceptions.unknown.user)
 *(.exceptions.unknown)
 .exceptions.unknown
                0x00280094        0x4 ../the_whole_shit_bsp/\libhal_bsp.a(alt_exception_entry.o)
 *(.exceptions.exit.label)
 .exceptions.exit.label
                0x00280098        0x0 ../the_whole_shit_bsp/\libhal_bsp.a(alt_irq_entry.o)
 .exceptions.exit.label
                0x00280098        0x0 ../the_whole_shit_bsp/\libhal_bsp.a(alt_exception_entry.o)
 *(.exceptions.exit.user)
 *(.exceptions.exit)
 .exceptions.exit
                0x00280098       0x54 ../the_whole_shit_bsp/\libhal_bsp.a(alt_exception_entry.o)
 *(.exceptions)
 .exceptions    0x002800ec       0xc8 ../the_whole_shit_bsp/\libhal_bsp.a(alt_irq_handler.o)
                0x002800ec                alt_irq_handler
                0x002801b4                PROVIDE (__ram_exceptions_end, ABSOLUTE (.))
                0x00280020                PROVIDE (__flash_exceptions_start, LOADADDR (.exceptions))

.text           0x002801b4     0xcd70
                0x002801b4                PROVIDE (stext, ABSOLUTE (.))
 *(.interp)
 *(.hash)
 *(.dynsym)
 *(.dynstr)
 *(.gnu.version)
 *(.gnu.version_d)
 *(.gnu.version_r)
 *(.rel.init)
 *(.rela.init)
 *(.rel.text .rel.text.* .rel.gnu.linkonce.t.*)
 *(.rela.text .rela.text.* .rela.gnu.linkonce.t.*)
 *(.rel.fini)
 *(.rela.fini)
 *(.rel.rodata .rel.rodata.* .rel.gnu.linkonce.r.*)
 *(.rela.rodata .rela.rodata.* .rela.gnu.linkonce.r.*)
 *(.rel.data .rel.data.* .rel.gnu.linkonce.d.*)
 *(.rela.data .rela.data.* .rela.gnu.linkonce.d.*)
 *(.rel.tdata .rel.tdata.* .rel.gnu.linkonce.td.*)
 *(.rela.tdata .rela.tdata.* .rela.gnu.linkonce.td.*)
 *(.rel.tbss .rel.tbss.* .rel.gnu.linkonce.tb.*)
 *(.rela.tbss .rela.tbss.* .rela.gnu.linkonce.tb.*)
 *(.rel.ctors)
 *(.rela.ctors)
 *(.rel.dtors)
 *(.rela.dtors)
 *(.rel.got)
 *(.rela.got)
 *(.rel.sdata .rel.sdata.* .rel.gnu.linkonce.s.*)
 *(.rela.sdata .rela.sdata.* .rela.gnu.linkonce.s.*)
 *(.rel.sbss .rel.sbss.* .rel.gnu.linkonce.sb.*)
 *(.rela.sbss .rela.sbss.* .rela.gnu.linkonce.sb.*)
 *(.rel.sdata2 .rel.sdata2.* .rel.gnu.linkonce.s2.*)
 *(.rela.sdata2 .rela.sdata2.* .rela.gnu.linkonce.s2.*)
 *(.rel.sbss2 .rel.sbss2.* .rel.gnu.linkonce.sb2.*)
 *(.rela.sbss2 .rela.sbss2.* .rela.gnu.linkonce.sb2.*)
 *(.rel.bss .rel.bss.* .rel.gnu.linkonce.b.*)
 *(.rela.bss .rela.bss.* .rela.gnu.linkonce.b.*)
 *(.rel.plt)
 *(.rela.plt)
 *(.rel.dyn)
 *(.init)
 *(.plt)
 *(.text .stub .text.* .gnu.linkonce.t.*)
 .text          0x002801b4       0x4c ../the_whole_shit_bsp//obj/HAL/src/crt0.o
                0x002801b4                _start
 .text          0x00280200      0x500 obj/drawing.o
                0x00280200                draw_line
                0x00280274                line_fast
                0x0028059c                clear_screen
                0x002805d8                draw_box
 .text          0x00280700      0x138 obj/interrupts.o
                0x00280700                handle_button_interrupts
                0x002807dc                init_pio
 .text          0x00280838       0x90 obj/main.o
                0x00280838                main
 .text          0x002808c8       0x78 c:/altera/11.0/nios2eds/bin/gnu/h-i686-mingw32/bin/../lib/gcc/nios2-elf/4.1.2/../../../../nios2-elf/lib\libc.a(lib_a-printf.o)
                0x002808c8                printf
                0x0028090c                _printf_r
 .text          0x00280940       0xb4 c:/altera/11.0/nios2eds/bin/gnu/h-i686-mingw32/bin/../lib/gcc/nios2-elf/4.1.2/../../../../nios2-elf/lib\libc.a(lib_a-puts.o)
                0x00280940                _puts_r
                0x002809e0                puts
 .text          0x002809f4       0x74 c:/altera/11.0/nios2eds/bin/gnu/h-i686-mingw32/bin/../lib/gcc/nios2-elf/4.1.2/../../../../nios2-elf/lib\libc.a(lib_a-strlen.o)
                0x002809f4                strlen
 .text          0x00280a68     0x1f28 c:/altera/11.0/nios2eds/bin/gnu/h-i686-mingw32/bin/../lib/gcc/nios2-elf/4.1.2/../../../../nios2-elf/lib\libc.a(lib_a-vfprintf.o)
                0x00280ac0                ___vfprintf_internal_r
                0x0028296c                __vfprintf_internal
 .text          0x00282990      0x13c c:/altera/11.0/nios2eds/bin/gnu/h-i686-mingw32/bin/../lib/gcc/nios2-elf/4.1.2/../../../../nios2-elf/lib\libc.a(lib_a-wsetup.o)
                0x00282990                __swsetup_r
 .text          0x00282acc     0x17cc c:/altera/11.0/nios2eds/bin/gnu/h-i686-mingw32/bin/../lib/gcc/nios2-elf/4.1.2/../../../../nios2-elf/lib\libc.a(lib_a-dtoa.o)
                0x00282ce4                _dtoa_r
 .text          0x00284298      0x230 c:/altera/11.0/nios2eds/bin/gnu/h-i686-mingw32/bin/../lib/gcc/nios2-elf/4.1.2/../../../../nios2-elf/lib\libc.a(lib_a-fflush.o)
                0x00284298                _fflush_r
                0x00284494                fflush
 .text          0x002844c8      0x2c0 c:/altera/11.0/nios2eds/bin/gnu/h-i686-mingw32/bin/../lib/gcc/nios2-elf/4.1.2/../../../../nios2-elf/lib\libc.a(lib_a-findfp.o)
                0x00284520                __sfp_lock_acquire
                0x00284524                __sfp_lock_release
                0x00284528                __sinit_lock_acquire
                0x0028452c                __sinit_lock_release
                0x00284530                __sinit
                0x002845e4                __fp_unlock_all
                0x002845fc                __fp_lock_all
                0x00284614                _cleanup_r
                0x00284620                _cleanup
                0x00284630                __sfmoreglue
                0x00284698                __sfp
 .text          0x00284788      0x440 c:/altera/11.0/nios2eds/bin/gnu/h-i686-mingw32/bin/../lib/gcc/nios2-elf/4.1.2/../../../../nios2-elf/lib\libc.a(lib_a-freer.o)
                0x00284788                _malloc_trim_r
                0x002848b4                _free_r
 .text          0x00284bc8      0x49c c:/altera/11.0/nios2eds/bin/gnu/h-i686-mingw32/bin/../lib/gcc/nios2-elf/4.1.2/../../../../nios2-elf/lib\libc.a(lib_a-fvwrite.o)
                0x00284bc8                __sfvwrite_r
 .text          0x00285064      0x180 c:/altera/11.0/nios2eds/bin/gnu/h-i686-mingw32/bin/../lib/gcc/nios2-elf/4.1.2/../../../../nios2-elf/lib\libc.a(lib_a-fwalk.o)
                0x00285064                _fwalk_reent
                0x0028512c                _fwalk
 .text          0x002851e4        0x0 c:/altera/11.0/nios2eds/bin/gnu/h-i686-mingw32/bin/../lib/gcc/nios2-elf/4.1.2/../../../../nios2-elf/lib\libc.a(lib_a-impure.o)
 .text          0x002851e4       0xc4 c:/altera/11.0/nios2eds/bin/gnu/h-i686-mingw32/bin/../lib/gcc/nios2-elf/4.1.2/../../../../nios2-elf/lib\libc.a(lib_a-locale.o)
                0x002851e4                __locale_charset
                0x002851ec                _localeconv_r
                0x002851f8                localeconv
                0x00285208                _setlocale_r
                0x0028528c                setlocale
 .text          0x002852a8      0x194 c:/altera/11.0/nios2eds/bin/gnu/h-i686-mingw32/bin/../lib/gcc/nios2-elf/4.1.2/../../../../nios2-elf/lib\libc.a(lib_a-makebuf.o)
                0x002852a8                __smakebuf_r
 .text          0x0028543c      0x740 c:/altera/11.0/nios2eds/bin/gnu/h-i686-mingw32/bin/../lib/gcc/nios2-elf/4.1.2/../../../../nios2-elf/lib\libc.a(lib_a-mallocr.o)
                0x0028543c                _malloc_r
 .text          0x00285b7c       0xe4 c:/altera/11.0/nios2eds/bin/gnu/h-i686-mingw32/bin/../lib/gcc/nios2-elf/4.1.2/../../../../nios2-elf/lib\libc.a(lib_a-memchr.o)
                0x00285b7c                memchr
 .text          0x00285c60       0xa0 c:/altera/11.0/nios2eds/bin/gnu/h-i686-mingw32/bin/../lib/gcc/nios2-elf/4.1.2/../../../../nios2-elf/lib\libc.a(lib_a-memcpy.o)
                0x00285c60                memcpy
 .text          0x00285d00       0xe0 c:/altera/11.0/nios2eds/bin/gnu/h-i686-mingw32/bin/../lib/gcc/nios2-elf/4.1.2/../../../../nios2-elf/lib\libc.a(lib_a-memmove.o)
                0x00285d00                memmove
 .text          0x00285de0       0x98 c:/altera/11.0/nios2eds/bin/gnu/h-i686-mingw32/bin/../lib/gcc/nios2-elf/4.1.2/../../../../nios2-elf/lib\libc.a(lib_a-memset.o)
                0x00285de0                memset
 .text          0x00285e78      0xff4 c:/altera/11.0/nios2eds/bin/gnu/h-i686-mingw32/bin/../lib/gcc/nios2-elf/4.1.2/../../../../nios2-elf/lib\libc.a(lib_a-mprec.o)
                0x00285e78                _Bfree
                0x00285ea0                __hi0bits
                0x00285f10                __lo0bits
                0x00285fd4                __mcmp
                0x00286034                __ulp
                0x002860b4                __b2d
                0x002861d4                __ratio
                0x00286284                _mprec_log10
                0x00286318                __copybits
                0x00286370                __any_on
                0x002863f8                _Balloc
                0x002864b4                __d2b
                0x00286630                __mdiff
                0x002867bc                __lshift
                0x00286908                __multiply
                0x00286af0                __i2b
                0x00286b2c                __multadd
                0x00286c2c                __pow5mult
                0x00286d4c                __s2b
 .text          0x00286e6c      0x5f4 c:/altera/11.0/nios2eds/bin/gnu/h-i686-mingw32/bin/../lib/gcc/nios2-elf/4.1.2/../../../../nios2-elf/lib\libc.a(lib_a-reallocr.o)
                0x00286e6c                _realloc_r
 .text          0x00287460       0x40 c:/altera/11.0/nios2eds/bin/gnu/h-i686-mingw32/bin/../lib/gcc/nios2-elf/4.1.2/../../../../nios2-elf/lib\libc.a(lib_a-s_isinfd.o)
                0x00287460                __isinfd
 .text          0x002874a0       0x30 c:/altera/11.0/nios2eds/bin/gnu/h-i686-mingw32/bin/../lib/gcc/nios2-elf/4.1.2/../../../../nios2-elf/lib\libc.a(lib_a-s_isnand.o)
                0x002874a0                __isnand
 .text          0x002874d0       0x70 c:/altera/11.0/nios2eds/bin/gnu/h-i686-mingw32/bin/../lib/gcc/nios2-elf/4.1.2/../../../../nios2-elf/lib\libc.a(lib_a-sbrkr.o)
                0x002874d0                _sbrk_r
 .text          0x00287540      0x14c c:/altera/11.0/nios2eds/bin/gnu/h-i686-mingw32/bin/../lib/gcc/nios2-elf/4.1.2/../../../../nios2-elf/lib\libc.a(lib_a-stdio.o)
                0x00287540                __sclose
                0x00287548                __sseek
                0x002875b0                __swrite
                0x0028762c                __sread
 .text          0x0028768c       0xbc c:/altera/11.0/nios2eds/bin/gnu/h-i686-mingw32/bin/../lib/gcc/nios2-elf/4.1.2/../../../../nios2-elf/lib\libc.a(lib_a-strcmp.o)
                0x0028768c                strcmp
 .text          0x00287748       0x78 c:/altera/11.0/nios2eds/bin/gnu/h-i686-mingw32/bin/../lib/gcc/nios2-elf/4.1.2/../../../../nios2-elf/lib\libc.a(lib_a-writer.o)
                0x00287748                _write_r
 .text          0x002877c0       0xb4 c:/altera/11.0/nios2eds/bin/gnu/h-i686-mingw32/bin/../lib/gcc/nios2-elf/4.1.2/../../../../nios2-elf/lib\libc.a(lib_a-callocr.o)
                0x002877c0                _calloc_r
 .text          0x00287874       0x70 c:/altera/11.0/nios2eds/bin/gnu/h-i686-mingw32/bin/../lib/gcc/nios2-elf/4.1.2/../../../../nios2-elf/lib\libc.a(lib_a-closer.o)
                0x00287874                _close_r
 .text          0x002878e4      0x124 c:/altera/11.0/nios2eds/bin/gnu/h-i686-mingw32/bin/../lib/gcc/nios2-elf/4.1.2/../../../../nios2-elf/lib\libc.a(lib_a-fclose.o)
                0x002878e4                _fclose_r
                0x002879f4                fclose
 .text          0x00287a08       0x74 c:/altera/11.0/nios2eds/bin/gnu/h-i686-mingw32/bin/../lib/gcc/nios2-elf/4.1.2/../../../../nios2-elf/lib\libc.a(lib_a-fstatr.o)
                0x00287a08                _fstat_r
 .text          0x00287a7c        0x0 c:/altera/11.0/nios2eds/bin/gnu/h-i686-mingw32/bin/../lib/gcc/nios2-elf/4.1.2/../../../../nios2-elf/lib\libc.a(lib_a-int_errno.o)
 .text          0x00287a7c       0x70 c:/altera/11.0/nios2eds/bin/gnu/h-i686-mingw32/bin/../lib/gcc/nios2-elf/4.1.2/../../../../nios2-elf/lib\libc.a(lib_a-isattyr.o)
                0x00287a7c                _isatty_r
 .text          0x00287aec       0x78 c:/altera/11.0/nios2eds/bin/gnu/h-i686-mingw32/bin/../lib/gcc/nios2-elf/4.1.2/../../../../nios2-elf/lib\libc.a(lib_a-lseekr.o)
                0x00287aec                _lseek_r
 .text          0x00287b64       0x78 c:/altera/11.0/nios2eds/bin/gnu/h-i686-mingw32/bin/../lib/gcc/nios2-elf/4.1.2/../../../../nios2-elf/lib\libc.a(lib_a-readr.o)
                0x00287b64                _read_r
 .text          0x00287bdc      0x5dc c:/altera/11.0/nios2eds/bin/gnu/h-i686-mingw32/bin/../lib/gcc/nios2-elf/4.1.2\libgcc.a(_udivdi3.o)
                0x00287bdc                __udivdi3
 .text          0x002881b8      0x5b0 c:/altera/11.0/nios2eds/bin/gnu/h-i686-mingw32/bin/../lib/gcc/nios2-elf/4.1.2\libgcc.a(_umoddi3.o)
                0x002881b8                __umoddi3
 .text          0x00288768      0x504 c:/altera/11.0/nios2eds/bin/gnu/h-i686-mingw32/bin/../lib/gcc/nios2-elf/4.1.2\libgcc.a(_addsub_df.o)
                0x00288b78                __subdf3
                0x00288bf8                __adddf3
 .text          0x00288c6c      0x3c4 c:/altera/11.0/nios2eds/bin/gnu/h-i686-mingw32/bin/../lib/gcc/nios2-elf/4.1.2\libgcc.a(_mul_df.o)
                0x00288c6c                __muldf3
 .text          0x00289030      0x258 c:/altera/11.0/nios2eds/bin/gnu/h-i686-mingw32/bin/../lib/gcc/nios2-elf/4.1.2\libgcc.a(_div_df.o)
                0x00289030                __divdf3
 .text          0x00289288       0x88 c:/altera/11.0/nios2eds/bin/gnu/h-i686-mingw32/bin/../lib/gcc/nios2-elf/4.1.2\libgcc.a(_eq_df.o)
                0x00289288                __eqdf2
 .text          0x00289310       0x88 c:/altera/11.0/nios2eds/bin/gnu/h-i686-mingw32/bin/../lib/gcc/nios2-elf/4.1.2\libgcc.a(_ne_df.o)
                0x00289310                __nedf2
 .text          0x00289398       0x88 c:/altera/11.0/nios2eds/bin/gnu/h-i686-mingw32/bin/../lib/gcc/nios2-elf/4.1.2\libgcc.a(_gt_df.o)
                0x00289398                __gtdf2
 .text          0x00289420       0x88 c:/altera/11.0/nios2eds/bin/gnu/h-i686-mingw32/bin/../lib/gcc/nios2-elf/4.1.2\libgcc.a(_ge_df.o)
                0x00289420                __gedf2
 .text          0x002894a8       0x88 c:/altera/11.0/nios2eds/bin/gnu/h-i686-mingw32/bin/../lib/gcc/nios2-elf/4.1.2\libgcc.a(_lt_df.o)
                0x002894a8                __ltdf2
 .text          0x00289530       0xf8 c:/altera/11.0/nios2eds/bin/gnu/h-i686-mingw32/bin/../lib/gcc/nios2-elf/4.1.2\libgcc.a(_si_to_df.o)
                0x00289530                __floatsidf
 .text          0x00289628       0xd8 c:/altera/11.0/nios2eds/bin/gnu/h-i686-mingw32/bin/../lib/gcc/nios2-elf/4.1.2\libgcc.a(_df_to_si.o)
                0x00289628                __fixdfsi
 .text          0x00289700        0x0 c:/altera/11.0/nios2eds/bin/gnu/h-i686-mingw32/bin/../lib/gcc/nios2-elf/4.1.2\libgcc.a(_thenan_df.o)
 .text          0x00289700      0x194 c:/altera/11.0/nios2eds/bin/gnu/h-i686-mingw32/bin/../lib/gcc/nios2-elf/4.1.2\libgcc.a(_usi_to_df.o)
                0x00289700                __floatunsidf
 .text          0x00289894      0x14c c:/altera/11.0/nios2eds/bin/gnu/h-i686-mingw32/bin/../lib/gcc/nios2-elf/4.1.2\libgcc.a(lib2-divmod.o)
                0x00289910                __divsi3
                0x00289970                __modsi3
                0x002899d0                __udivsi3
                0x002899d8                __umodsi3
 .text          0x002899e0       0x98 c:/altera/11.0/nios2eds/bin/gnu/h-i686-mingw32/bin/../lib/gcc/nios2-elf/4.1.2\libgcc.a(_muldi3.o)
                0x002899e0                __muldi3
 .text          0x00289a78        0x0 c:/altera/11.0/nios2eds/bin/gnu/h-i686-mingw32/bin/../lib/gcc/nios2-elf/4.1.2\libgcc.a(_clz.o)
 .text          0x00289a78       0x80 c:/altera/11.0/nios2eds/bin/gnu/h-i686-mingw32/bin/../lib/gcc/nios2-elf/4.1.2\libgcc.a(_clzsi2.o)
                0x00289a78                __clzsi2
 .text          0x00289af8      0x314 c:/altera/11.0/nios2eds/bin/gnu/h-i686-mingw32/bin/../lib/gcc/nios2-elf/4.1.2\libgcc.a(_pack_df.o)
                0x00289af8                __pack_d
 .text          0x00289e0c      0x138 c:/altera/11.0/nios2eds/bin/gnu/h-i686-mingw32/bin/../lib/gcc/nios2-elf/4.1.2\libgcc.a(_unpack_df.o)
                0x00289e0c                __unpack_d
 .text          0x00289f44       0xc8 c:/altera/11.0/nios2eds/bin/gnu/h-i686-mingw32/bin/../lib/gcc/nios2-elf/4.1.2\libgcc.a(_fpcmp_parts_df.o)
                0x00289f44                __fpcmp_parts_d
 .text          0x0028a00c      0x15c ../the_whole_shit_bsp/\libhal_bsp.a(alt_close.o)
                0x0028a00c                close
 .text          0x0028a168       0x2c ../the_whole_shit_bsp/\libhal_bsp.a(alt_dev.o)
 .text          0x0028a194        0x0 ../the_whole_shit_bsp/\libhal_bsp.a(alt_errno.o)
 .text          0x0028a194      0x134 ../the_whole_shit_bsp/\libhal_bsp.a(alt_fstat.o)
                0x0028a194                fstat
 .text          0x0028a2c8      0x1c0 ../the_whole_shit_bsp/\libhal_bsp.a(alt_irq_register.o)
                0x0028a2c8                alt_irq_register
 .text          0x0028a488        0x0 ../the_whole_shit_bsp/\libhal_bsp.a(alt_irq_vars.o)
 .text          0x0028a488      0x120 ../the_whole_shit_bsp/\libhal_bsp.a(alt_isatty.o)
                0x0028a488                isatty
 .text          0x0028a5a8       0xec ../the_whole_shit_bsp/\libhal_bsp.a(alt_load.o)
                0x0028a5a8                alt_load
 .text          0x0028a694      0x150 ../the_whole_shit_bsp/\libhal_bsp.a(alt_lseek.o)
                0x0028a694                lseek
 .text          0x0028a7e4       0x6c ../the_whole_shit_bsp/\libhal_bsp.a(alt_main.o)
                0x0028a7e4                alt_main
 .text          0x0028a850       0x40 ../the_whole_shit_bsp/\libhal_bsp.a(alt_malloc_lock.o)
                0x0028a850                __malloc_lock
                0x0028a870                __malloc_unlock
 .text          0x0028a890      0x180 ../the_whole_shit_bsp/\libhal_bsp.a(alt_read.o)
                0x0028a890                read
 .text          0x0028aa10       0x60 ../the_whole_shit_bsp/\libhal_bsp.a(alt_release_fd.o)
                0x0028aa10                alt_release_fd
 .text          0x0028aa70       0xbc ../the_whole_shit_bsp/\libhal_bsp.a(alt_sbrk.o)
                0x0028aa70                sbrk
 .text          0x0028ab2c       0x30 ../the_whole_shit_bsp/\libhal_bsp.a(alt_usleep.o)
                0x0028ab2c                usleep
 .text          0x0028ab5c      0x180 ../the_whole_shit_bsp/\libhal_bsp.a(alt_write.o)
                0x0028ab5c                write
 .text          0x0028acdc      0x2a8 ../the_whole_shit_bsp/\libhal_bsp.a(alt_sys_init.o)
                0x0028acdc                alt_irq_init
                0x0028ad10                alt_sys_init
 .text          0x0028af84      0x148 ../the_whole_shit_bsp/\libhal_bsp.a(altera_avalon_jtag_uart_fd.o)
                0x0028af84                altera_avalon_jtag_uart_read_fd
                0x0028afdc                altera_avalon_jtag_uart_write_fd
                0x0028b034                altera_avalon_jtag_uart_close_fd
                0x0028b07c                altera_avalon_jtag_uart_ioctl_fd
 .text          0x0028b0cc      0x40c ../the_whole_shit_bsp/\libhal_bsp.a(altera_avalon_jtag_uart_init.o)
                0x0028b0cc                altera_avalon_jtag_uart_init
                0x0028b464                altera_avalon_jtag_uart_close
 .text          0x0028b4d8       0xf4 ../the_whole_shit_bsp/\libhal_bsp.a(altera_avalon_jtag_uart_ioctl.o)
                0x0028b4d8                altera_avalon_jtag_uart_ioctl
 .text          0x0028b5cc      0x224 ../the_whole_shit_bsp/\libhal_bsp.a(altera_avalon_jtag_uart_read.o)
                0x0028b5cc                altera_avalon_jtag_uart_read
 .text          0x0028b7f0      0x240 ../the_whole_shit_bsp/\libhal_bsp.a(altera_avalon_jtag_uart_write.o)
                0x0028b7f0                altera_avalon_jtag_uart_write
 .text          0x0028ba30      0x154 ../the_whole_shit_bsp/\libhal_bsp.a(alt_alarm_start.o)
                0x0028ba30                alt_alarm_start
 .text          0x0028bb84      0x14c ../the_whole_shit_bsp/\libhal_bsp.a(alt_busy_sleep.o)
                0x0028bb84                alt_busy_sleep
 .text          0x0028bcd0       0x44 ../the_whole_shit_bsp/\libhal_bsp.a(alt_dcache_flush_all.o)
                0x0028bcd0                alt_dcache_flush_all
 .text          0x0028bd14      0x114 ../the_whole_shit_bsp/\libhal_bsp.a(alt_dev_llist_insert.o)
                0x0028bd14                alt_dev_llist_insert
 .text          0x0028be28       0x64 ../the_whole_shit_bsp/\libhal_bsp.a(alt_do_ctors.o)
                0x0028be28                _do_ctors
 .text          0x0028be8c       0x64 ../the_whole_shit_bsp/\libhal_bsp.a(alt_do_dtors.o)
                0x0028be8c                _do_dtors
 .text          0x0028bef0       0x30 ../the_whole_shit_bsp/\libhal_bsp.a(alt_icache_flush_all.o)
                0x0028bef0                alt_icache_flush_all
 .text          0x0028bf20      0x1d4 ../the_whole_shit_bsp/\libhal_bsp.a(alt_iic.o)
                0x0028bf20                alt_ic_isr_register
                0x0028bf70                alt_ic_irq_enable
                0x0028c00c                alt_ic_irq_disable
                0x0028c0ac                alt_ic_irq_enabled
 .text          0x0028c0f4       0xf8 ../the_whole_shit_bsp/\libhal_bsp.a(alt_iic_isr_register.o)
                0x0028c0f4                alt_iic_isr_register
 .text          0x0028c1ec      0x13c ../the_whole_shit_bsp/\libhal_bsp.a(alt_io_redirect.o)
                0x0028c2b0                alt_io_redirect
 .text          0x0028c328        0x0 ../the_whole_shit_bsp/\libhal_bsp.a(alt_irq_entry.o)
 .text          0x0028c328        0x0 ../the_whole_shit_bsp/\libhal_bsp.a(alt_irq_handler.o)
 .text          0x0028c328      0x2c4 ../the_whole_shit_bsp/\libhal_bsp.a(alt_open.o)
                0x0028c404                open
 .text          0x0028c5ec      0x1a4 ../the_whole_shit_bsp/\libhal_bsp.a(alt_tick.o)
                0x0028c5ec                alt_alarm_stop
                0x0028c684                alt_tick
 .text          0x0028c790       0x20 ../the_whole_shit_bsp/\libhal_bsp.a(altera_nios2_irq.o)
                0x0028c790                altera_nios2_irq_init
 .text          0x0028c7b0        0x0 ../the_whole_shit_bsp/\libhal_bsp.a(alt_exception_entry.o)
 .text          0x0028c7b0       0x94 ../the_whole_shit_bsp/\libhal_bsp.a(alt_find_dev.o)
                0x0028c7b0                alt_find_dev
 .text          0x0028c844      0x120 ../the_whole_shit_bsp/\libhal_bsp.a(alt_find_file.o)
                0x0028c844                alt_find_file
 .text          0x0028c964       0xb8 ../the_whole_shit_bsp/\libhal_bsp.a(alt_get_fd.o)
                0x0028c964                alt_get_fd
 .text          0x0028ca1c       0x90 ../the_whole_shit_bsp/\libhal_bsp.a(alt_icache_flush.o)
                0x0028ca1c                alt_icache_flush
 .text          0x0028caac       0x14 c:/altera/11.0/nios2eds/bin/gnu/h-i686-mingw32/bin/../lib/gcc/nios2-elf/4.1.2/../../../../nios2-elf/lib\libc.a(lib_a-atexit.o)
                0x0028caac                atexit
 .text          0x0028cac0       0x38 c:/altera/11.0/nios2eds/bin/gnu/h-i686-mingw32/bin/../lib/gcc/nios2-elf/4.1.2/../../../../nios2-elf/lib\libc.a(lib_a-exit.o)
                0x0028cac0                exit
 .text          0x0028caf8       0x74 c:/altera/11.0/nios2eds/bin/gnu/h-i686-mingw32/bin/../lib/gcc/nios2-elf/4.1.2/../../../../nios2-elf/lib\libc.a(lib_a-memcmp.o)
                0x0028caf8                memcmp
 .text          0x0028cb6c      0x134 c:/altera/11.0/nios2eds/bin/gnu/h-i686-mingw32/bin/../lib/gcc/nios2-elf/4.1.2/../../../../nios2-elf/lib\libc.a(lib_a-__atexit.o)
                0x0028cb6c                __register_exitproc
 .text          0x0028cca0      0x1b4 c:/altera/11.0/nios2eds/bin/gnu/h-i686-mingw32/bin/../lib/gcc/nios2-elf/4.1.2/../../../../nios2-elf/lib\libc.a(lib_a-__call_atexit.o)
                0x0028cca4                __call_exitprocs
 .text          0x0028ce54       0x60 ../the_whole_shit_bsp/\libhal_bsp.a(alt_exit.o)
                0x0028ce94                _exit
 *(.gnu.warning.*)
 *(.fini)
                0x0028ceb4                PROVIDE (__etext, ABSOLUTE (.))
                0x0028ceb4                PROVIDE (_etext, ABSOLUTE (.))
                0x0028ceb4                PROVIDE (etext, ABSOLUTE (.))
 *(.eh_frame_hdr)
                0x0028ceb4                . = ALIGN (0x4)
                0x0028ceb4                PROVIDE (__preinit_array_start, ABSOLUTE (.))
 *(.preinit_array)
                0x0028ceb4                PROVIDE (__preinit_array_end, ABSOLUTE (.))
                0x0028ceb4                PROVIDE (__init_array_start, ABSOLUTE (.))
 *(.init_array)
                0x0028ceb4                PROVIDE (__init_array_end, ABSOLUTE (.))
                0x0028ceb4                PROVIDE (__fini_array_start, ABSOLUTE (.))
 *(.fini_array)
                0x0028ceb4                PROVIDE (__fini_array_end, ABSOLUTE (.))
 *(.eh_frame)
 .eh_frame      0x0028ceb4       0x40 c:/altera/11.0/nios2eds/bin/gnu/h-i686-mingw32/bin/../lib/gcc/nios2-elf/4.1.2\libgcc.a(_udivdi3.o)
 .eh_frame      0x0028cef4       0x2c c:/altera/11.0/nios2eds/bin/gnu/h-i686-mingw32/bin/../lib/gcc/nios2-elf/4.1.2\libgcc.a(_umoddi3.o)
                                 0x40 (size before relaxing)
 *(.gcc_except_table)
 *(.dynamic)
                0x0028cf20                PROVIDE (__CTOR_LIST__, ABSOLUTE (.))
 *(.ctors)
 *(SORT(.ctors.*))
 .ctors.65535   0x0028cf20        0x4 c:/altera/11.0/nios2eds/bin/gnu/h-i686-mingw32/bin/../lib/gcc/nios2-elf/4.1.2/../../../../nios2-elf/lib\libc.a(lib_a-__call_atexit.o)
                0x0028cf24                PROVIDE (__CTOR_END__, ABSOLUTE (.))
                0x0028cf24                PROVIDE (__DTOR_LIST__, ABSOLUTE (.))
 *(.dtors)
 *(SORT(.dtors.*))
                0x0028cf24                PROVIDE (__DTOR_END__, ABSOLUTE (.))
 *(.jcr)
                0x0028cf24                . = ALIGN (0x4)

.rodata         0x0028cf24      0x378
                0x0028cf24                PROVIDE (__ram_rodata_start, ABSOLUTE (.))
                0x0028cf24                . = ALIGN (0x4)
 *(.rodata .rodata.* .gnu.linkonce.r.*)
 .rodata        0x0028cf24       0x14 obj/interrupts.o
 .rodata        0x0028cf38        0x8 obj/main.o
 .rodata.str1.4
                0x0028cf40        0x2 c:/altera/11.0/nios2eds/bin/gnu/h-i686-mingw32/bin/../lib/gcc/nios2-elf/4.1.2/../../../../nios2-elf/lib\libc.a(lib_a-puts.o)
                                  0x4 (size before relaxing)
 *fill*         0x0028cf42        0x2 00
 .rodata.str1.4
                0x0028cf44       0x5e c:/altera/11.0/nios2eds/bin/gnu/h-i686-mingw32/bin/../lib/gcc/nios2-elf/4.1.2/../../../../nios2-elf/lib\libc.a(lib_a-vfprintf.o)
                                 0x60 (size before relaxing)
 .rodata        0x0028cfa2       0x20 c:/altera/11.0/nios2eds/bin/gnu/h-i686-mingw32/bin/../lib/gcc/nios2-elf/4.1.2/../../../../nios2-elf/lib\libc.a(lib_a-vfprintf.o)
 *fill*         0x0028cfc2        0x2 00
 .rodata.str1.4
                0x0028cfc4       0x10 c:/altera/11.0/nios2eds/bin/gnu/h-i686-mingw32/bin/../lib/gcc/nios2-elf/4.1.2/../../../../nios2-elf/lib\libc.a(lib_a-dtoa.o)
                                 0x14 (size before relaxing)
 .rodata.str1.4
                0x0028cfd4        0x2 c:/altera/11.0/nios2eds/bin/gnu/h-i686-mingw32/bin/../lib/gcc/nios2-elf/4.1.2/../../../../nios2-elf/lib\libc.a(lib_a-impure.o)
                                  0x4 (size before relaxing)
 *fill*         0x0028cfd6        0x2 00
 .rodata.str1.4
                0x0028cfd8       0x10 c:/altera/11.0/nios2eds/bin/gnu/h-i686-mingw32/bin/../lib/gcc/nios2-elf/4.1.2/../../../../nios2-elf/lib\libc.a(lib_a-locale.o)
                                 0x18 (size before relaxing)
 .rodata        0x0028cfe8       0x30 c:/altera/11.0/nios2eds/bin/gnu/h-i686-mingw32/bin/../lib/gcc/nios2-elf/4.1.2/../../../../nios2-elf/lib\libc.a(lib_a-locale.o)
 .rodata        0x0028d018      0x124 c:/altera/11.0/nios2eds/bin/gnu/h-i686-mingw32/bin/../lib/gcc/nios2-elf/4.1.2/../../../../nios2-elf/lib\libc.a(lib_a-mprec.o)
                0x0028d018                __mprec_tens
                0x0028d0e0                __mprec_bigtens
                0x0028d108                __mprec_tinytens
 .rodata        0x0028d13c       0x14 c:/altera/11.0/nios2eds/bin/gnu/h-i686-mingw32/bin/../lib/gcc/nios2-elf/4.1.2\libgcc.a(_thenan_df.o)
                0x0028d13c                __thenan_df
 .rodata        0x0028d150      0x100 c:/altera/11.0/nios2eds/bin/gnu/h-i686-mingw32/bin/../lib/gcc/nios2-elf/4.1.2\libgcc.a(_clz.o)
                0x0028d150                __clz_tab
 .rodata        0x0028d250        0xc ../the_whole_shit_bsp/\libhal_bsp.a(alt_dev.o)
 .rodata        0x0028d25c       0x14 ../the_whole_shit_bsp/\libhal_bsp.a(alt_main.o)
 .rodata        0x0028d270       0x2c ../the_whole_shit_bsp/\libhal_bsp.a(alt_sys_init.o)
 *(.rodata1)
                0x0028d29c                . = ALIGN (0x4)
                0x0028d29c                PROVIDE (__ram_rodata_end, ABSOLUTE (.))
                0x0028cf24                PROVIDE (__flash_rodata_start, LOADADDR (.rodata))

.rwdata         0x0028d29c     0x1ab0 load address 0x0028ed4c
                0x0028d29c                PROVIDE (__ram_rwdata_start, ABSOLUTE (.))
                0x0028d29c                . = ALIGN (0x4)
 *(.got.plt)
 *(.got)
 *(.data1)
 *(.data .data.* .gnu.linkonce.d.*)
 .data          0x0028d29c        0x0 ../the_whole_shit_bsp//obj/HAL/src/crt0.o
 .data          0x0028d29c        0x0 obj/drawing.o
 .data          0x0028d29c        0x0 obj/interrupts.o
 .data          0x0028d29c        0x0 obj/main.o
 .data          0x0028d29c        0x0 c:/altera/11.0/nios2eds/bin/gnu/h-i686-mingw32/bin/../lib/gcc/nios2-elf/4.1.2/../../../../nios2-elf/lib\libc.a(lib_a-printf.o)
 .data          0x0028d29c        0x0 c:/altera/11.0/nios2eds/bin/gnu/h-i686-mingw32/bin/../lib/gcc/nios2-elf/4.1.2/../../../../nios2-elf/lib\libc.a(lib_a-puts.o)
 .data          0x0028d29c        0x0 c:/altera/11.0/nios2eds/bin/gnu/h-i686-mingw32/bin/../lib/gcc/nios2-elf/4.1.2/../../../../nios2-elf/lib\libc.a(lib_a-strlen.o)
 .data          0x0028d29c        0x0 c:/altera/11.0/nios2eds/bin/gnu/h-i686-mingw32/bin/../lib/gcc/nios2-elf/4.1.2/../../../../nios2-elf/lib\libc.a(lib_a-vfprintf.o)
 .data          0x0028d29c        0x0 c:/altera/11.0/nios2eds/bin/gnu/h-i686-mingw32/bin/../lib/gcc/nios2-elf/4.1.2/../../../../nios2-elf/lib\libc.a(lib_a-wsetup.o)
 .data          0x0028d29c        0x0 c:/altera/11.0/nios2eds/bin/gnu/h-i686-mingw32/bin/../lib/gcc/nios2-elf/4.1.2/../../../../nios2-elf/lib\libc.a(lib_a-dtoa.o)
 .data          0x0028d29c        0x0 c:/altera/11.0/nios2eds/bin/gnu/h-i686-mingw32/bin/../lib/gcc/nios2-elf/4.1.2/../../../../nios2-elf/lib\libc.a(lib_a-fflush.o)
 .data          0x0028d29c        0x0 c:/altera/11.0/nios2eds/bin/gnu/h-i686-mingw32/bin/../lib/gcc/nios2-elf/4.1.2/../../../../nios2-elf/lib\libc.a(lib_a-findfp.o)
 .data          0x0028d29c        0x0 c:/altera/11.0/nios2eds/bin/gnu/h-i686-mingw32/bin/../lib/gcc/nios2-elf/4.1.2/../../../../nios2-elf/lib\libc.a(lib_a-freer.o)
 .data          0x0028d29c        0x0 c:/altera/11.0/nios2eds/bin/gnu/h-i686-mingw32/bin/../lib/gcc/nios2-elf/4.1.2/../../../../nios2-elf/lib\libc.a(lib_a-fvwrite.o)
 .data          0x0028d29c        0x0 c:/altera/11.0/nios2eds/bin/gnu/h-i686-mingw32/bin/../lib/gcc/nios2-elf/4.1.2/../../../../nios2-elf/lib\libc.a(lib_a-fwalk.o)
 .data          0x0028d29c      0x400 c:/altera/11.0/nios2eds/bin/gnu/h-i686-mingw32/bin/../lib/gcc/nios2-elf/4.1.2/../../../../nios2-elf/lib\libc.a(lib_a-impure.o)
 .data          0x0028d69c        0xc c:/altera/11.0/nios2eds/bin/gnu/h-i686-mingw32/bin/../lib/gcc/nios2-elf/4.1.2/../../../../nios2-elf/lib\libc.a(lib_a-locale.o)
                0x0028d69c                __lc_ctype
 .data          0x0028d6a8        0x0 c:/altera/11.0/nios2eds/bin/gnu/h-i686-mingw32/bin/../lib/gcc/nios2-elf/4.1.2/../../../../nios2-elf/lib\libc.a(lib_a-makebuf.o)
 .data          0x0028d6a8      0x408 c:/altera/11.0/nios2eds/bin/gnu/h-i686-mingw32/bin/../lib/gcc/nios2-elf/4.1.2/../../../../nios2-elf/lib\libc.a(lib_a-mallocr.o)
                0x0028d6a8                __malloc_av_
 .data          0x0028dab0        0x0 c:/altera/11.0/nios2eds/bin/gnu/h-i686-mingw32/bin/../lib/gcc/nios2-elf/4.1.2/../../../../nios2-elf/lib\libc.a(lib_a-memchr.o)
 .data          0x0028dab0        0x0 c:/altera/11.0/nios2eds/bin/gnu/h-i686-mingw32/bin/../lib/gcc/nios2-elf/4.1.2/../../../../nios2-elf/lib\libc.a(lib_a-memcpy.o)
 .data          0x0028dab0        0x0 c:/altera/11.0/nios2eds/bin/gnu/h-i686-mingw32/bin/../lib/gcc/nios2-elf/4.1.2/../../../../nios2-elf/lib\libc.a(lib_a-memmove.o)
 .data          0x0028dab0        0x0 c:/altera/11.0/nios2eds/bin/gnu/h-i686-mingw32/bin/../lib/gcc/nios2-elf/4.1.2/../../../../nios2-elf/lib\libc.a(lib_a-memset.o)
 .data          0x0028dab0        0x0 c:/altera/11.0/nios2eds/bin/gnu/h-i686-mingw32/bin/../lib/gcc/nios2-elf/4.1.2/../../../../nios2-elf/lib\libc.a(lib_a-mprec.o)
 .data          0x0028dab0        0x0 c:/altera/11.0/nios2eds/bin/gnu/h-i686-mingw32/bin/../lib/gcc/nios2-elf/4.1.2/../../../../nios2-elf/lib\libc.a(lib_a-reallocr.o)
 .data          0x0028dab0        0x0 c:/altera/11.0/nios2eds/bin/gnu/h-i686-mingw32/bin/../lib/gcc/nios2-elf/4.1.2/../../../../nios2-elf/lib\libc.a(lib_a-s_isinfd.o)
 .data          0x0028dab0        0x0 c:/altera/11.0/nios2eds/bin/gnu/h-i686-mingw32/bin/../lib/gcc/nios2-elf/4.1.2/../../../../nios2-elf/lib\libc.a(lib_a-s_isnand.o)
 .data          0x0028dab0        0x0 c:/altera/11.0/nios2eds/bin/gnu/h-i686-mingw32/bin/../lib/gcc/nios2-elf/4.1.2/../../../../nios2-elf/lib\libc.a(lib_a-sbrkr.o)
 .data          0x0028dab0        0x0 c:/altera/11.0/nios2eds/bin/gnu/h-i686-mingw32/bin/../lib/gcc/nios2-elf/4.1.2/../../../../nios2-elf/lib\libc.a(lib_a-stdio.o)
 .data          0x0028dab0        0x0 c:/altera/11.0/nios2eds/bin/gnu/h-i686-mingw32/bin/../lib/gcc/nios2-elf/4.1.2/../../../../nios2-elf/lib\libc.a(lib_a-strcmp.o)
 .data          0x0028dab0        0x0 c:/altera/11.0/nios2eds/bin/gnu/h-i686-mingw32/bin/../lib/gcc/nios2-elf/4.1.2/../../../../nios2-elf/lib\libc.a(lib_a-writer.o)
 .data          0x0028dab0        0x0 c:/altera/11.0/nios2eds/bin/gnu/h-i686-mingw32/bin/../lib/gcc/nios2-elf/4.1.2/../../../../nios2-elf/lib\libc.a(lib_a-callocr.o)
 .data          0x0028dab0        0x0 c:/altera/11.0/nios2eds/bin/gnu/h-i686-mingw32/bin/../lib/gcc/nios2-elf/4.1.2/../../../../nios2-elf/lib\libc.a(lib_a-closer.o)
 .data          0x0028dab0        0x0 c:/altera/11.0/nios2eds/bin/gnu/h-i686-mingw32/bin/../lib/gcc/nios2-elf/4.1.2/../../../../nios2-elf/lib\libc.a(lib_a-fclose.o)
 .data          0x0028dab0        0x0 c:/altera/11.0/nios2eds/bin/gnu/h-i686-mingw32/bin/../lib/gcc/nios2-elf/4.1.2/../../../../nios2-elf/lib\libc.a(lib_a-fstatr.o)
 .data          0x0028dab0        0x0 c:/altera/11.0/nios2eds/bin/gnu/h-i686-mingw32/bin/../lib/gcc/nios2-elf/4.1.2/../../../../nios2-elf/lib\libc.a(lib_a-int_errno.o)
 .data          0x0028dab0        0x0 c:/altera/11.0/nios2eds/bin/gnu/h-i686-mingw32/bin/../lib/gcc/nios2-elf/4.1.2/../../../../nios2-elf/lib\libc.a(lib_a-isattyr.o)
 .data          0x0028dab0        0x0 c:/altera/11.0/nios2eds/bin/gnu/h-i686-mingw32/bin/../lib/gcc/nios2-elf/4.1.2/../../../../nios2-elf/lib\libc.a(lib_a-lseekr.o)
 .data          0x0028dab0        0x0 c:/altera/11.0/nios2eds/bin/gnu/h-i686-mingw32/bin/../lib/gcc/nios2-elf/4.1.2/../../../../nios2-elf/lib\libc.a(lib_a-readr.o)
 .data          0x0028dab0        0x0 c:/altera/11.0/nios2eds/bin/gnu/h-i686-mingw32/bin/../lib/gcc/nios2-elf/4.1.2\libgcc.a(_udivdi3.o)
 .data          0x0028dab0        0x0 c:/altera/11.0/nios2eds/bin/gnu/h-i686-mingw32/bin/../lib/gcc/nios2-elf/4.1.2\libgcc.a(_umoddi3.o)
 .data          0x0028dab0        0x0 c:/altera/11.0/nios2eds/bin/gnu/h-i686-mingw32/bin/../lib/gcc/nios2-elf/4.1.2\libgcc.a(_addsub_df.o)
 .data          0x0028dab0        0x0 c:/altera/11.0/nios2eds/bin/gnu/h-i686-mingw32/bin/../lib/gcc/nios2-elf/4.1.2\libgcc.a(_mul_df.o)
 .data          0x0028dab0        0x0 c:/altera/11.0/nios2eds/bin/gnu/h-i686-mingw32/bin/../lib/gcc/nios2-elf/4.1.2\libgcc.a(_div_df.o)
 .data          0x0028dab0        0x0 c:/altera/11.0/nios2eds/bin/gnu/h-i686-mingw32/bin/../lib/gcc/nios2-elf/4.1.2\libgcc.a(_eq_df.o)
 .data          0x0028dab0        0x0 c:/altera/11.0/nios2eds/bin/gnu/h-i686-mingw32/bin/../lib/gcc/nios2-elf/4.1.2\libgcc.a(_ne_df.o)
 .data          0x0028dab0        0x0 c:/altera/11.0/nios2eds/bin/gnu/h-i686-mingw32/bin/../lib/gcc/nios2-elf/4.1.2\libgcc.a(_gt_df.o)
 .data          0x0028dab0        0x0 c:/altera/11.0/nios2eds/bin/gnu/h-i686-mingw32/bin/../lib/gcc/nios2-elf/4.1.2\libgcc.a(_ge_df.o)
 .data          0x0028dab0        0x0 c:/altera/11.0/nios2eds/bin/gnu/h-i686-mingw32/bin/../lib/gcc/nios2-elf/4.1.2\libgcc.a(_lt_df.o)
 .data          0x0028dab0        0x0 c:/altera/11.0/nios2eds/bin/gnu/h-i686-mingw32/bin/../lib/gcc/nios2-elf/4.1.2\libgcc.a(_si_to_df.o)
 .data          0x0028dab0        0x0 c:/altera/11.0/nios2eds/bin/gnu/h-i686-mingw32/bin/../lib/gcc/nios2-elf/4.1.2\libgcc.a(_df_to_si.o)
 .data          0x0028dab0        0x0 c:/altera/11.0/nios2eds/bin/gnu/h-i686-mingw32/bin/../lib/gcc/nios2-elf/4.1.2\libgcc.a(_thenan_df.o)
 .data          0x0028dab0        0x0 c:/altera/11.0/nios2eds/bin/gnu/h-i686-mingw32/bin/../lib/gcc/nios2-elf/4.1.2\libgcc.a(_usi_to_df.o)
 .data          0x0028dab0        0x0 c:/altera/11.0/nios2eds/bin/gnu/h-i686-mingw32/bin/../lib/gcc/nios2-elf/4.1.2\libgcc.a(lib2-divmod.o)
 .data          0x0028dab0        0x0 c:/altera/11.0/nios2eds/bin/gnu/h-i686-mingw32/bin/../lib/gcc/nios2-elf/4.1.2\libgcc.a(_muldi3.o)
 .data          0x0028dab0        0x0 c:/altera/11.0/nios2eds/bin/gnu/h-i686-mingw32/bin/../lib/gcc/nios2-elf/4.1.2\libgcc.a(_clz.o)
 .data          0x0028dab0        0x0 c:/altera/11.0/nios2eds/bin/gnu/h-i686-mingw32/bin/../lib/gcc/nios2-elf/4.1.2\libgcc.a(_clzsi2.o)
 .data          0x0028dab0        0x0 c:/altera/11.0/nios2eds/bin/gnu/h-i686-mingw32/bin/../lib/gcc/nios2-elf/4.1.2\libgcc.a(_pack_df.o)
 .data          0x0028dab0        0x0 c:/altera/11.0/nios2eds/bin/gnu/h-i686-mingw32/bin/../lib/gcc/nios2-elf/4.1.2\libgcc.a(_unpack_df.o)
 .data          0x0028dab0        0x0 c:/altera/11.0/nios2eds/bin/gnu/h-i686-mingw32/bin/../lib/gcc/nios2-elf/4.1.2\libgcc.a(_fpcmp_parts_df.o)
 .data          0x0028dab0        0x0 ../the_whole_shit_bsp/\libhal_bsp.a(alt_close.o)
 .data          0x0028dab0      0x1a8 ../the_whole_shit_bsp/\libhal_bsp.a(alt_dev.o)
                0x0028dab0                alt_dev_null
                0x0028dad8                alt_fd_list
 .data          0x0028dc58        0x0 ../the_whole_shit_bsp/\libhal_bsp.a(alt_errno.o)
 .data          0x0028dc58        0x0 ../the_whole_shit_bsp/\libhal_bsp.a(alt_fstat.o)
 .data          0x0028dc58        0x0 ../the_whole_shit_bsp/\libhal_bsp.a(alt_irq_register.o)
 .data          0x0028dc58        0x0 ../the_whole_shit_bsp/\libhal_bsp.a(alt_irq_vars.o)
 .data          0x0028dc58        0x0 ../the_whole_shit_bsp/\libhal_bsp.a(alt_isatty.o)
 .data          0x0028dc58        0x0 ../the_whole_shit_bsp/\libhal_bsp.a(alt_load.o)
 .data          0x0028dc58        0x0 ../the_whole_shit_bsp/\libhal_bsp.a(alt_lseek.o)
 .data          0x0028dc58        0x0 ../the_whole_shit_bsp/\libhal_bsp.a(alt_main.o)
 .data          0x0028dc58        0x0 ../the_whole_shit_bsp/\libhal_bsp.a(alt_malloc_lock.o)
 .data          0x0028dc58        0x0 ../the_whole_shit_bsp/\libhal_bsp.a(alt_read.o)
 .data          0x0028dc58        0x0 ../the_whole_shit_bsp/\libhal_bsp.a(alt_release_fd.o)
 .data          0x0028dc58        0x0 ../the_whole_shit_bsp/\libhal_bsp.a(alt_sbrk.o)
 .data          0x0028dc58        0x0 ../the_whole_shit_bsp/\libhal_bsp.a(alt_usleep.o)
 .data          0x0028dc58        0x0 ../the_whole_shit_bsp/\libhal_bsp.a(alt_write.o)
 .data          0x0028dc58     0x10b4 ../the_whole_shit_bsp/\libhal_bsp.a(alt_sys_init.o)
 .data          0x0028ed0c        0x0 ../the_whole_shit_bsp/\libhal_bsp.a(altera_avalon_jtag_uart_fd.o)
 .data          0x0028ed0c        0x0 ../the_whole_shit_bsp/\libhal_bsp.a(altera_avalon_jtag_uart_init.o)
 .data          0x0028ed0c        0x0 ../the_whole_shit_bsp/\libhal_bsp.a(altera_avalon_jtag_uart_ioctl.o)
 .data          0x0028ed0c        0x0 ../the_whole_shit_bsp/\libhal_bsp.a(altera_avalon_jtag_uart_read.o)
 .data          0x0028ed0c        0x0 ../the_whole_shit_bsp/\libhal_bsp.a(altera_avalon_jtag_uart_write.o)
 .data          0x0028ed0c        0x0 ../the_whole_shit_bsp/\libhal_bsp.a(alt_alarm_start.o)
 .data          0x0028ed0c        0x0 ../the_whole_shit_bsp/\libhal_bsp.a(alt_busy_sleep.o)
 .data          0x0028ed0c        0x0 ../the_whole_shit_bsp/\libhal_bsp.a(alt_dcache_flush_all.o)
 .data          0x0028ed0c        0x0 ../the_whole_shit_bsp/\libhal_bsp.a(alt_dev_llist_insert.o)
 .data          0x0028ed0c        0x0 ../the_whole_shit_bsp/\libhal_bsp.a(alt_do_ctors.o)
 .data          0x0028ed0c        0x0 ../the_whole_shit_bsp/\libhal_bsp.a(alt_do_dtors.o)
 .data          0x0028ed0c        0x0 ../the_whole_shit_bsp/\libhal_bsp.a(alt_icache_flush_all.o)
 .data          0x0028ed0c        0x0 ../the_whole_shit_bsp/\libhal_bsp.a(alt_iic.o)
 .data          0x0028ed0c        0x0 ../the_whole_shit_bsp/\libhal_bsp.a(alt_iic_isr_register.o)
 .data          0x0028ed0c        0x0 ../the_whole_shit_bsp/\libhal_bsp.a(alt_io_redirect.o)
 .data          0x0028ed0c        0x0 ../the_whole_shit_bsp/\libhal_bsp.a(alt_irq_entry.o)
 .data          0x0028ed0c        0x0 ../the_whole_shit_bsp/\libhal_bsp.a(alt_irq_handler.o)
 .data          0x0028ed0c        0x0 ../the_whole_shit_bsp/\libhal_bsp.a(alt_open.o)
 .data          0x0028ed0c        0x0 ../the_whole_shit_bsp/\libhal_bsp.a(alt_tick.o)
 .data          0x0028ed0c        0x0 ../the_whole_shit_bsp/\libhal_bsp.a(altera_nios2_irq.o)
 .data          0x0028ed0c        0x0 ../the_whole_shit_bsp/\libhal_bsp.a(alt_exception_entry.o)
 .data          0x0028ed0c        0x0 ../the_whole_shit_bsp/\libhal_bsp.a(alt_find_dev.o)
 .data          0x0028ed0c        0x0 ../the_whole_shit_bsp/\libhal_bsp.a(alt_find_file.o)
 .data          0x0028ed0c        0x0 ../the_whole_shit_bsp/\libhal_bsp.a(alt_get_fd.o)
 .data          0x0028ed0c        0x0 ../the_whole_shit_bsp/\libhal_bsp.a(alt_icache_flush.o)
 .data          0x0028ed0c        0x0 c:/altera/11.0/nios2eds/bin/gnu/h-i686-mingw32/bin/../lib/gcc/nios2-elf/4.1.2/../../../../nios2-elf/lib\libc.a(lib_a-atexit.o)
 .data          0x0028ed0c        0x0 c:/altera/11.0/nios2eds/bin/gnu/h-i686-mingw32/bin/../lib/gcc/nios2-elf/4.1.2/../../../../nios2-elf/lib\libc.a(lib_a-exit.o)
 .data          0x0028ed0c        0x0 c:/altera/11.0/nios2eds/bin/gnu/h-i686-mingw32/bin/../lib/gcc/nios2-elf/4.1.2/../../../../nios2-elf/lib\libc.a(lib_a-memcmp.o)
 .data          0x0028ed0c        0x0 c:/altera/11.0/nios2eds/bin/gnu/h-i686-mingw32/bin/../lib/gcc/nios2-elf/4.1.2/../../../../nios2-elf/lib\libc.a(lib_a-__atexit.o)
 .data          0x0028ed0c        0x0 c:/altera/11.0/nios2eds/bin/gnu/h-i686-mingw32/bin/../lib/gcc/nios2-elf/4.1.2/../../../../nios2-elf/lib\libc.a(lib_a-__call_atexit.o)
 .data          0x0028ed0c        0x0 ../the_whole_shit_bsp/\libhal_bsp.a(alt_exit.o)
                0x00296d0c                _gp = ABSOLUTE ((. + 0x8000))
                0x00296d0c                PROVIDE (gp, _gp)
 *(.rwdata .rwdata.*)
 *(.sdata .sdata.* .gnu.linkonce.s.*)
 .sdata         0x0028ed0c        0x8 c:/altera/11.0/nios2eds/bin/gnu/h-i686-mingw32/bin/../lib/gcc/nios2-elf/4.1.2/../../../../nios2-elf/lib\libc.a(lib_a-impure.o)
                0x0028ed0c                _impure_ptr
                0x0028ed10                _global_impure_ptr
 .sdata         0x0028ed14        0x8 c:/altera/11.0/nios2eds/bin/gnu/h-i686-mingw32/bin/../lib/gcc/nios2-elf/4.1.2/../../../../nios2-elf/lib\libc.a(lib_a-locale.o)
                0x0028ed14                __mb_cur_max
 .sdata         0x0028ed1c        0x8 c:/altera/11.0/nios2eds/bin/gnu/h-i686-mingw32/bin/../lib/gcc/nios2-elf/4.1.2/../../../../nios2-elf/lib\libc.a(lib_a-mallocr.o)
                0x0028ed1c                __malloc_trim_threshold
                0x0028ed20                __malloc_sbrk_base
 .sdata         0x0028ed24       0x14 ../the_whole_shit_bsp/\libhal_bsp.a(alt_dev.o)
                0x0028ed24                alt_fs_list
                0x0028ed2c                alt_dev_list
                0x0028ed34                alt_max_fd
 .sdata         0x0028ed38        0x4 ../the_whole_shit_bsp/\libhal_bsp.a(alt_errno.o)
                0x0028ed38                alt_errno
 .sdata         0x0028ed3c        0x4 ../the_whole_shit_bsp/\libhal_bsp.a(alt_irq_vars.o)
                0x0028ed3c                alt_priority_mask
 .sdata         0x0028ed40        0x4 ../the_whole_shit_bsp/\libhal_bsp.a(alt_sbrk.o)
 .sdata         0x0028ed44        0x8 ../the_whole_shit_bsp/\libhal_bsp.a(alt_tick.o)
                0x0028ed44                alt_alarm_list
 *(.sdata2 .sdata2.* .gnu.linkonce.s2.*)
                0x0028ed4c                . = ALIGN (0x4)
                0x0028ed4c                _edata = ABSOLUTE (.)
                0x0028ed4c                PROVIDE (edata, ABSOLUTE (.))
                0x0028ed4c                PROVIDE (__ram_rwdata_end, ABSOLUTE (.))
                0x0028ed4c                PROVIDE (__flash_rwdata_start, LOADADDR (.rwdata))

.bss            0x002907fc      0x2f0
                0x002907fc                __bss_start = ABSOLUTE (.)
                0x002907fc                PROVIDE (__sbss_start, ABSOLUTE (.))
                0x002907fc                PROVIDE (___sbss_start, ABSOLUTE (.))
 *(.dynsbss)
 *(.sbss .sbss.* .gnu.linkonce.sb.*)
 .sbss          0x002907fc        0x4 obj/interrupts.o
                0x002907fc                edge_capture
 .sbss          0x00290800        0xc c:/altera/11.0/nios2eds/bin/gnu/h-i686-mingw32/bin/../lib/gcc/nios2-elf/4.1.2/../../../../nios2-elf/lib\libc.a(lib_a-locale.o)
                0x00290800                __nlocale_changed
                0x00290804                __mlocale_changed
                0x00290808                _PathLocale
 .sbss          0x0029080c        0xc c:/altera/11.0/nios2eds/bin/gnu/h-i686-mingw32/bin/../lib/gcc/nios2-elf/4.1.2/../../../../nios2-elf/lib\libc.a(lib_a-mallocr.o)
                0x0029080c                __malloc_top_pad
                0x00290810                __malloc_max_sbrked_mem
                0x00290814                __malloc_max_total_mem
 .sbss          0x00290818        0x4 c:/altera/11.0/nios2eds/bin/gnu/h-i686-mingw32/bin/../lib/gcc/nios2-elf/4.1.2/../../../../nios2-elf/lib\libc.a(lib_a-int_errno.o)
                0x00290818                errno
 .sbss          0x0029081c        0x4 ../the_whole_shit_bsp/\libhal_bsp.a(alt_irq_vars.o)
                0x0029081c                alt_irq_active
 .sbss          0x00290820        0xc ../the_whole_shit_bsp/\libhal_bsp.a(alt_main.o)
                0x00290820                alt_argc
                0x00290824                alt_argv
                0x00290828                alt_envp
 .sbss          0x0029082c        0x8 ../the_whole_shit_bsp/\libhal_bsp.a(alt_tick.o)
                0x0029082c                _alt_tick_rate
                0x00290830                _alt_nticks
 *(.sbss2 .sbss2.* .gnu.linkonce.sb2.*)
 *(.scommon)
                0x00290834                PROVIDE (__sbss_end, ABSOLUTE (.))
                0x00290834                PROVIDE (___sbss_end, ABSOLUTE (.))
 *(.dynbss)
 *(.bss .bss.* .gnu.linkonce.b.*)
 .bss           0x00290834        0x0 ../the_whole_shit_bsp//obj/HAL/src/crt0.o
 .bss           0x00290834        0x0 obj/drawing.o
 .bss           0x00290834        0x0 obj/interrupts.o
 .bss           0x00290834        0x0 obj/main.o
 .bss           0x00290834        0x0 c:/altera/11.0/nios2eds/bin/gnu/h-i686-mingw32/bin/../lib/gcc/nios2-elf/4.1.2/../../../../nios2-elf/lib\libc.a(lib_a-printf.o)
 .bss           0x00290834        0x0 c:/altera/11.0/nios2eds/bin/gnu/h-i686-mingw32/bin/../lib/gcc/nios2-elf/4.1.2/../../../../nios2-elf/lib\libc.a(lib_a-puts.o)
 .bss           0x00290834        0x0 c:/altera/11.0/nios2eds/bin/gnu/h-i686-mingw32/bin/../lib/gcc/nios2-elf/4.1.2/../../../../nios2-elf/lib\libc.a(lib_a-strlen.o)
 .bss           0x00290834        0x0 c:/altera/11.0/nios2eds/bin/gnu/h-i686-mingw32/bin/../lib/gcc/nios2-elf/4.1.2/../../../../nios2-elf/lib\libc.a(lib_a-vfprintf.o)
 .bss           0x00290834        0x0 c:/altera/11.0/nios2eds/bin/gnu/h-i686-mingw32/bin/../lib/gcc/nios2-elf/4.1.2/../../../../nios2-elf/lib\libc.a(lib_a-wsetup.o)
 .bss           0x00290834        0x0 c:/altera/11.0/nios2eds/bin/gnu/h-i686-mingw32/bin/../lib/gcc/nios2-elf/4.1.2/../../../../nios2-elf/lib\libc.a(lib_a-dtoa.o)
 .bss           0x00290834        0x0 c:/altera/11.0/nios2eds/bin/gnu/h-i686-mingw32/bin/../lib/gcc/nios2-elf/4.1.2/../../../../nios2-elf/lib\libc.a(lib_a-fflush.o)
 .bss           0x00290834        0x0 c:/altera/11.0/nios2eds/bin/gnu/h-i686-mingw32/bin/../lib/gcc/nios2-elf/4.1.2/../../../../nios2-elf/lib\libc.a(lib_a-findfp.o)
 .bss           0x00290834        0x0 c:/altera/11.0/nios2eds/bin/gnu/h-i686-mingw32/bin/../lib/gcc/nios2-elf/4.1.2/../../../../nios2-elf/lib\libc.a(lib_a-freer.o)
 .bss           0x00290834        0x0 c:/altera/11.0/nios2eds/bin/gnu/h-i686-mingw32/bin/../lib/gcc/nios2-elf/4.1.2/../../../../nios2-elf/lib\libc.a(lib_a-fvwrite.o)
 .bss           0x00290834        0x0 c:/altera/11.0/nios2eds/bin/gnu/h-i686-mingw32/bin/../lib/gcc/nios2-elf/4.1.2/../../../../nios2-elf/lib\libc.a(lib_a-fwalk.o)
 .bss           0x00290834        0x0 c:/altera/11.0/nios2eds/bin/gnu/h-i686-mingw32/bin/../lib/gcc/nios2-elf/4.1.2/../../../../nios2-elf/lib\libc.a(lib_a-impure.o)
 .bss           0x00290834        0x0 c:/altera/11.0/nios2eds/bin/gnu/h-i686-mingw32/bin/../lib/gcc/nios2-elf/4.1.2/../../../../nios2-elf/lib\libc.a(lib_a-locale.o)
 .bss           0x00290834        0x0 c:/altera/11.0/nios2eds/bin/gnu/h-i686-mingw32/bin/../lib/gcc/nios2-elf/4.1.2/../../../../nios2-elf/lib\libc.a(lib_a-makebuf.o)
 .bss           0x00290834       0x28 c:/altera/11.0/nios2eds/bin/gnu/h-i686-mingw32/bin/../lib/gcc/nios2-elf/4.1.2/../../../../nios2-elf/lib\libc.a(lib_a-mallocr.o)
                0x00290834                __malloc_current_mallinfo
 .bss           0x0029085c        0x0 c:/altera/11.0/nios2eds/bin/gnu/h-i686-mingw32/bin/../lib/gcc/nios2-elf/4.1.2/../../../../nios2-elf/lib\libc.a(lib_a-memchr.o)
 .bss           0x0029085c        0x0 c:/altera/11.0/nios2eds/bin/gnu/h-i686-mingw32/bin/../lib/gcc/nios2-elf/4.1.2/../../../../nios2-elf/lib\libc.a(lib_a-memcpy.o)
 .bss           0x0029085c        0x0 c:/altera/11.0/nios2eds/bin/gnu/h-i686-mingw32/bin/../lib/gcc/nios2-elf/4.1.2/../../../../nios2-elf/lib\libc.a(lib_a-memmove.o)
 .bss           0x0029085c        0x0 c:/altera/11.0/nios2eds/bin/gnu/h-i686-mingw32/bin/../lib/gcc/nios2-elf/4.1.2/../../../../nios2-elf/lib\libc.a(lib_a-memset.o)
 .bss           0x0029085c        0x0 c:/altera/11.0/nios2eds/bin/gnu/h-i686-mingw32/bin/../lib/gcc/nios2-elf/4.1.2/../../../../nios2-elf/lib\libc.a(lib_a-mprec.o)
 .bss           0x0029085c        0x0 c:/altera/11.0/nios2eds/bin/gnu/h-i686-mingw32/bin/../lib/gcc/nios2-elf/4.1.2/../../../../nios2-elf/lib\libc.a(lib_a-reallocr.o)
 .bss           0x0029085c        0x0 c:/altera/11.0/nios2eds/bin/gnu/h-i686-mingw32/bin/../lib/gcc/nios2-elf/4.1.2/../../../../nios2-elf/lib\libc.a(lib_a-s_isinfd.o)
 .bss           0x0029085c        0x0 c:/altera/11.0/nios2eds/bin/gnu/h-i686-mingw32/bin/../lib/gcc/nios2-elf/4.1.2/../../../../nios2-elf/lib\libc.a(lib_a-s_isnand.o)
 .bss           0x0029085c        0x0 c:/altera/11.0/nios2eds/bin/gnu/h-i686-mingw32/bin/../lib/gcc/nios2-elf/4.1.2/../../../../nios2-elf/lib\libc.a(lib_a-sbrkr.o)
 .bss           0x0029085c        0x0 c:/altera/11.0/nios2eds/bin/gnu/h-i686-mingw32/bin/../lib/gcc/nios2-elf/4.1.2/../../../../nios2-elf/lib\libc.a(lib_a-stdio.o)
 .bss           0x0029085c        0x0 c:/altera/11.0/nios2eds/bin/gnu/h-i686-mingw32/bin/../lib/gcc/nios2-elf/4.1.2/../../../../nios2-elf/lib\libc.a(lib_a-strcmp.o)
 .bss           0x0029085c        0x0 c:/altera/11.0/nios2eds/bin/gnu/h-i686-mingw32/bin/../lib/gcc/nios2-elf/4.1.2/../../../../nios2-elf/lib\libc.a(lib_a-writer.o)
 .bss           0x0029085c        0x0 c:/altera/11.0/nios2eds/bin/gnu/h-i686-mingw32/bin/../lib/gcc/nios2-elf/4.1.2/../../../../nios2-elf/lib\libc.a(lib_a-callocr.o)
 .bss           0x0029085c        0x0 c:/altera/11.0/nios2eds/bin/gnu/h-i686-mingw32/bin/../lib/gcc/nios2-elf/4.1.2/../../../../nios2-elf/lib\libc.a(lib_a-closer.o)
 .bss           0x0029085c        0x0 c:/altera/11.0/nios2eds/bin/gnu/h-i686-mingw32/bin/../lib/gcc/nios2-elf/4.1.2/../../../../nios2-elf/lib\libc.a(lib_a-fclose.o)
 .bss           0x0029085c        0x0 c:/altera/11.0/nios2eds/bin/gnu/h-i686-mingw32/bin/../lib/gcc/nios2-elf/4.1.2/../../../../nios2-elf/lib\libc.a(lib_a-fstatr.o)
 .bss           0x0029085c        0x0 c:/altera/11.0/nios2eds/bin/gnu/h-i686-mingw32/bin/../lib/gcc/nios2-elf/4.1.2/../../../../nios2-elf/lib\libc.a(lib_a-int_errno.o)
 .bss           0x0029085c        0x0 c:/altera/11.0/nios2eds/bin/gnu/h-i686-mingw32/bin/../lib/gcc/nios2-elf/4.1.2/../../../../nios2-elf/lib\libc.a(lib_a-isattyr.o)
 .bss           0x0029085c        0x0 c:/altera/11.0/nios2eds/bin/gnu/h-i686-mingw32/bin/../lib/gcc/nios2-elf/4.1.2/../../../../nios2-elf/lib\libc.a(lib_a-lseekr.o)
 .bss           0x0029085c        0x0 c:/altera/11.0/nios2eds/bin/gnu/h-i686-mingw32/bin/../lib/gcc/nios2-elf/4.1.2/../../../../nios2-elf/lib\libc.a(lib_a-readr.o)
 .bss           0x0029085c        0x0 c:/altera/11.0/nios2eds/bin/gnu/h-i686-mingw32/bin/../lib/gcc/nios2-elf/4.1.2\libgcc.a(_udivdi3.o)
 .bss           0x0029085c        0x0 c:/altera/11.0/nios2eds/bin/gnu/h-i686-mingw32/bin/../lib/gcc/nios2-elf/4.1.2\libgcc.a(_umoddi3.o)
 .bss           0x0029085c        0x0 c:/altera/11.0/nios2eds/bin/gnu/h-i686-mingw32/bin/../lib/gcc/nios2-elf/4.1.2\libgcc.a(_addsub_df.o)
 .bss           0x0029085c        0x0 c:/altera/11.0/nios2eds/bin/gnu/h-i686-mingw32/bin/../lib/gcc/nios2-elf/4.1.2\libgcc.a(_mul_df.o)
 .bss           0x0029085c        0x0 c:/altera/11.0/nios2eds/bin/gnu/h-i686-mingw32/bin/../lib/gcc/nios2-elf/4.1.2\libgcc.a(_div_df.o)
 .bss           0x0029085c        0x0 c:/altera/11.0/nios2eds/bin/gnu/h-i686-mingw32/bin/../lib/gcc/nios2-elf/4.1.2\libgcc.a(_eq_df.o)
 .bss           0x0029085c        0x0 c:/altera/11.0/nios2eds/bin/gnu/h-i686-mingw32/bin/../lib/gcc/nios2-elf/4.1.2\libgcc.a(_ne_df.o)
 .bss           0x0029085c        0x0 c:/altera/11.0/nios2eds/bin/gnu/h-i686-mingw32/bin/../lib/gcc/nios2-elf/4.1.2\libgcc.a(_gt_df.o)
 .bss           0x0029085c        0x0 c:/altera/11.0/nios2eds/bin/gnu/h-i686-mingw32/bin/../lib/gcc/nios2-elf/4.1.2\libgcc.a(_ge_df.o)
 .bss           0x0029085c        0x0 c:/altera/11.0/nios2eds/bin/gnu/h-i686-mingw32/bin/../lib/gcc/nios2-elf/4.1.2\libgcc.a(_lt_df.o)
 .bss           0x0029085c        0x0 c:/altera/11.0/nios2eds/bin/gnu/h-i686-mingw32/bin/../lib/gcc/nios2-elf/4.1.2\libgcc.a(_si_to_df.o)
 .bss           0x0029085c        0x0 c:/altera/11.0/nios2eds/bin/gnu/h-i686-mingw32/bin/../lib/gcc/nios2-elf/4.1.2\libgcc.a(_df_to_si.o)
 .bss           0x0029085c        0x0 c:/altera/11.0/nios2eds/bin/gnu/h-i686-mingw32/bin/../lib/gcc/nios2-elf/4.1.2\libgcc.a(_thenan_df.o)
 .bss           0x0029085c        0x0 c:/altera/11.0/nios2eds/bin/gnu/h-i686-mingw32/bin/../lib/gcc/nios2-elf/4.1.2\libgcc.a(_usi_to_df.o)
 .bss           0x0029085c        0x0 c:/altera/11.0/nios2eds/bin/gnu/h-i686-mingw32/bin/../lib/gcc/nios2-elf/4.1.2\libgcc.a(lib2-divmod.o)
 .bss           0x0029085c        0x0 c:/altera/11.0/nios2eds/bin/gnu/h-i686-mingw32/bin/../lib/gcc/nios2-elf/4.1.2\libgcc.a(_muldi3.o)
 .bss           0x0029085c        0x0 c:/altera/11.0/nios2eds/bin/gnu/h-i686-mingw32/bin/../lib/gcc/nios2-elf/4.1.2\libgcc.a(_clz.o)
 .bss           0x0029085c        0x0 c:/altera/11.0/nios2eds/bin/gnu/h-i686-mingw32/bin/../lib/gcc/nios2-elf/4.1.2\libgcc.a(_clzsi2.o)
 .bss           0x0029085c        0x0 c:/altera/11.0/nios2eds/bin/gnu/h-i686-mingw32/bin/../lib/gcc/nios2-elf/4.1.2\libgcc.a(_pack_df.o)
 .bss           0x0029085c        0x0 c:/altera/11.0/nios2eds/bin/gnu/h-i686-mingw32/bin/../lib/gcc/nios2-elf/4.1.2\libgcc.a(_unpack_df.o)
 .bss           0x0029085c        0x0 c:/altera/11.0/nios2eds/bin/gnu/h-i686-mingw32/bin/../lib/gcc/nios2-elf/4.1.2\libgcc.a(_fpcmp_parts_df.o)
 .bss           0x0029085c        0x0 ../the_whole_shit_bsp/\libhal_bsp.a(alt_close.o)
 .bss           0x0029085c        0x0 ../the_whole_shit_bsp/\libhal_bsp.a(alt_dev.o)
 .bss           0x0029085c        0x0 ../the_whole_shit_bsp/\libhal_bsp.a(alt_errno.o)
 .bss           0x0029085c        0x0 ../the_whole_shit_bsp/\libhal_bsp.a(alt_fstat.o)
 .bss           0x0029085c        0x0 ../the_whole_shit_bsp/\libhal_bsp.a(alt_irq_register.o)
 .bss           0x0029085c        0x0 ../the_whole_shit_bsp/\libhal_bsp.a(alt_irq_vars.o)
 .bss           0x0029085c        0x0 ../the_whole_shit_bsp/\libhal_bsp.a(alt_isatty.o)
 .bss           0x0029085c        0x0 ../the_whole_shit_bsp/\libhal_bsp.a(alt_load.o)
 .bss           0x0029085c        0x0 ../the_whole_shit_bsp/\libhal_bsp.a(alt_lseek.o)
 .bss           0x0029085c        0x0 ../the_whole_shit_bsp/\libhal_bsp.a(alt_main.o)
 .bss           0x0029085c        0x0 ../the_whole_shit_bsp/\libhal_bsp.a(alt_malloc_lock.o)
 .bss           0x0029085c        0x0 ../the_whole_shit_bsp/\libhal_bsp.a(alt_read.o)
 .bss           0x0029085c        0x0 ../the_whole_shit_bsp/\libhal_bsp.a(alt_release_fd.o)
 .bss           0x0029085c        0x0 ../the_whole_shit_bsp/\libhal_bsp.a(alt_sbrk.o)
 .bss           0x0029085c        0x0 ../the_whole_shit_bsp/\libhal_bsp.a(alt_usleep.o)
 .bss           0x0029085c        0x0 ../the_whole_shit_bsp/\libhal_bsp.a(alt_write.o)
 .bss           0x0029085c        0x0 ../the_whole_shit_bsp/\libhal_bsp.a(alt_sys_init.o)
 .bss           0x0029085c        0x0 ../the_whole_shit_bsp/\libhal_bsp.a(altera_avalon_jtag_uart_fd.o)
 .bss           0x0029085c        0x0 ../the_whole_shit_bsp/\libhal_bsp.a(altera_avalon_jtag_uart_init.o)
 .bss           0x0029085c        0x0 ../the_whole_shit_bsp/\libhal_bsp.a(altera_avalon_jtag_uart_ioctl.o)
 .bss           0x0029085c        0x0 ../the_whole_shit_bsp/\libhal_bsp.a(altera_avalon_jtag_uart_read.o)
 .bss           0x0029085c        0x0 ../the_whole_shit_bsp/\libhal_bsp.a(altera_avalon_jtag_uart_write.o)
 .bss           0x0029085c        0x0 ../the_whole_shit_bsp/\libhal_bsp.a(alt_alarm_start.o)
 .bss           0x0029085c        0x0 ../the_whole_shit_bsp/\libhal_bsp.a(alt_busy_sleep.o)
 .bss           0x0029085c        0x0 ../the_whole_shit_bsp/\libhal_bsp.a(alt_dcache_flush_all.o)
 .bss           0x0029085c        0x0 ../the_whole_shit_bsp/\libhal_bsp.a(alt_dev_llist_insert.o)
 .bss           0x0029085c        0x0 ../the_whole_shit_bsp/\libhal_bsp.a(alt_do_ctors.o)
 .bss           0x0029085c        0x0 ../the_whole_shit_bsp/\libhal_bsp.a(alt_do_dtors.o)
 .bss           0x0029085c        0x0 ../the_whole_shit_bsp/\libhal_bsp.a(alt_icache_flush_all.o)
 .bss           0x0029085c        0x0 ../the_whole_shit_bsp/\libhal_bsp.a(alt_iic.o)
 .bss           0x0029085c        0x0 ../the_whole_shit_bsp/\libhal_bsp.a(alt_iic_isr_register.o)
 .bss           0x0029085c        0x0 ../the_whole_shit_bsp/\libhal_bsp.a(alt_io_redirect.o)
 .bss           0x0029085c        0x0 ../the_whole_shit_bsp/\libhal_bsp.a(alt_irq_entry.o)
 .bss           0x0029085c        0x0 ../the_whole_shit_bsp/\libhal_bsp.a(alt_irq_handler.o)
 .bss           0x0029085c        0x0 ../the_whole_shit_bsp/\libhal_bsp.a(alt_open.o)
 .bss           0x0029085c        0x0 ../the_whole_shit_bsp/\libhal_bsp.a(alt_tick.o)
 .bss           0x0029085c        0x0 ../the_whole_shit_bsp/\libhal_bsp.a(altera_nios2_irq.o)
 .bss           0x0029085c        0x0 ../the_whole_shit_bsp/\libhal_bsp.a(alt_exception_entry.o)
 .bss           0x0029085c        0x0 ../the_whole_shit_bsp/\libhal_bsp.a(alt_find_dev.o)
 .bss           0x0029085c        0x0 ../the_whole_shit_bsp/\libhal_bsp.a(alt_find_file.o)
 .bss           0x0029085c        0x0 ../the_whole_shit_bsp/\libhal_bsp.a(alt_get_fd.o)
 .bss           0x0029085c        0x0 ../the_whole_shit_bsp/\libhal_bsp.a(alt_icache_flush.o)
 .bss           0x0029085c        0x0 c:/altera/11.0/nios2eds/bin/gnu/h-i686-mingw32/bin/../lib/gcc/nios2-elf/4.1.2/../../../../nios2-elf/lib\libc.a(lib_a-atexit.o)
 .bss           0x0029085c        0x0 c:/altera/11.0/nios2eds/bin/gnu/h-i686-mingw32/bin/../lib/gcc/nios2-elf/4.1.2/../../../../nios2-elf/lib\libc.a(lib_a-exit.o)
 .bss           0x0029085c        0x0 c:/altera/11.0/nios2eds/bin/gnu/h-i686-mingw32/bin/../lib/gcc/nios2-elf/4.1.2/../../../../nios2-elf/lib\libc.a(lib_a-memcmp.o)
 .bss           0x0029085c        0x0 c:/altera/11.0/nios2eds/bin/gnu/h-i686-mingw32/bin/../lib/gcc/nios2-elf/4.1.2/../../../../nios2-elf/lib\libc.a(lib_a-__atexit.o)
 .bss           0x0029085c        0x0 c:/altera/11.0/nios2eds/bin/gnu/h-i686-mingw32/bin/../lib/gcc/nios2-elf/4.1.2/../../../../nios2-elf/lib\libc.a(lib_a-__call_atexit.o)
 .bss           0x0029085c        0x0 ../the_whole_shit_bsp/\libhal_bsp.a(alt_exit.o)
 *(COMMON)
 COMMON         0x0029085c      0x100 ../the_whole_shit_bsp/\libhal_bsp.a(alt_irq_handler.o)
                0x0029085c                alt_irq
 COMMON         0x0029095c      0x190 c:/altera/11.0/nios2eds/bin/gnu/h-i686-mingw32/bin/../lib/gcc/nios2-elf/4.1.2/../../../../nios2-elf/lib\libc.a(lib_a-atexit.o)
                0x0029095c                _atexit0
                0x00290aec                . = ALIGN (0x4)
                0x00290aec                __bss_end = ABSOLUTE (.)

.onchip_ram     0x00290aec        0x0
                0x00290aec                PROVIDE (_alt_partition_onchip_ram_start, ABSOLUTE (.))
 *(.onchip_ram. onchip_ram.*)
                0x00290aec                . = ALIGN (0x4)
                0x00290aec                PROVIDE (_alt_partition_onchip_ram_end, ABSOLUTE (.))
                0x00290aec                _end = ABSOLUTE (.)
                0x00290aec                end = ABSOLUTE (.)
                0x00290aec                __alt_stack_base = ABSOLUTE (.)
                0x00290aec                PROVIDE (_alt_partition_onchip_ram_load_addr, LOADADDR (.onchip_ram))

.stab
 *(.stab)

.stabstr
 *(.stabstr)

.stab.excl
 *(.stab.excl)

.stab.exclstr
 *(.stab.exclstr)

.stab.index
 *(.stab.index)

.stab.indexstr
 *(.stab.indexstr)

.comment        0x00000000       0x23
 *(.comment)
 .comment       0x00000000       0x23 obj/drawing.o
                                 0x24 (size before relaxing)
 .comment       0x00000000       0x24 obj/interrupts.o
 .comment       0x00000000       0x24 obj/main.o
 .comment       0x00000000       0x24 c:/altera/11.0/nios2eds/bin/gnu/h-i686-mingw32/bin/../lib/gcc/nios2-elf/4.1.2/../../../../nios2-elf/lib\libc.a(lib_a-printf.o)
 .comment       0x00000000       0x24 c:/altera/11.0/nios2eds/bin/gnu/h-i686-mingw32/bin/../lib/gcc/nios2-elf/4.1.2/../../../../nios2-elf/lib\libc.a(lib_a-puts.o)
 .comment       0x00000000       0x24 c:/altera/11.0/nios2eds/bin/gnu/h-i686-mingw32/bin/../lib/gcc/nios2-elf/4.1.2/../../../../nios2-elf/lib\libc.a(lib_a-strlen.o)
 .comment       0x00000000       0x24 c:/altera/11.0/nios2eds/bin/gnu/h-i686-mingw32/bin/../lib/gcc/nios2-elf/4.1.2/../../../../nios2-elf/lib\libc.a(lib_a-vfprintf.o)
 .comment       0x00000000       0x24 c:/altera/11.0/nios2eds/bin/gnu/h-i686-mingw32/bin/../lib/gcc/nios2-elf/4.1.2/../../../../nios2-elf/lib\libc.a(lib_a-wsetup.o)
 .comment       0x00000000       0x24 c:/altera/11.0/nios2eds/bin/gnu/h-i686-mingw32/bin/../lib/gcc/nios2-elf/4.1.2/../../../../nios2-elf/lib\libc.a(lib_a-dtoa.o)
 .comment       0x00000000       0x24 c:/altera/11.0/nios2eds/bin/gnu/h-i686-mingw32/bin/../lib/gcc/nios2-elf/4.1.2/../../../../nios2-elf/lib\libc.a(lib_a-fflush.o)
 .comment       0x00000000       0x24 c:/altera/11.0/nios2eds/bin/gnu/h-i686-mingw32/bin/../lib/gcc/nios2-elf/4.1.2/../../../../nios2-elf/lib\libc.a(lib_a-findfp.o)
 .comment       0x00000000       0x24 c:/altera/11.0/nios2eds/bin/gnu/h-i686-mingw32/bin/../lib/gcc/nios2-elf/4.1.2/../../../../nios2-elf/lib\libc.a(lib_a-freer.o)
 .comment       0x00000000       0x24 c:/altera/11.0/nios2eds/bin/gnu/h-i686-mingw32/bin/../lib/gcc/nios2-elf/4.1.2/../../../../nios2-elf/lib\libc.a(lib_a-fvwrite.o)
 .comment       0x00000000       0x24 c:/altera/11.0/nios2eds/bin/gnu/h-i686-mingw32/bin/../lib/gcc/nios2-elf/4.1.2/../../../../nios2-elf/lib\libc.a(lib_a-fwalk.o)
 .comment       0x00000000       0x24 c:/altera/11.0/nios2eds/bin/gnu/h-i686-mingw32/bin/../lib/gcc/nios2-elf/4.1.2/../../../../nios2-elf/lib\libc.a(lib_a-impure.o)
 .comment       0x00000000       0x24 c:/altera/11.0/nios2eds/bin/gnu/h-i686-mingw32/bin/../lib/gcc/nios2-elf/4.1.2/../../../../nios2-elf/lib\libc.a(lib_a-locale.o)
 .comment       0x00000000       0x24 c:/altera/11.0/nios2eds/bin/gnu/h-i686-mingw32/bin/../lib/gcc/nios2-elf/4.1.2/../../../../nios2-elf/lib\libc.a(lib_a-makebuf.o)
 .comment       0x00000000       0x24 c:/altera/11.0/nios2eds/bin/gnu/h-i686-mingw32/bin/../lib/gcc/nios2-elf/4.1.2/../../../../nios2-elf/lib\libc.a(lib_a-mallocr.o)
 .comment       0x00000000       0x24 c:/altera/11.0/nios2eds/bin/gnu/h-i686-mingw32/bin/../lib/gcc/nios2-elf/4.1.2/../../../../nios2-elf/lib\libc.a(lib_a-memchr.o)
 .comment       0x00000000       0x24 c:/altera/11.0/nios2eds/bin/gnu/h-i686-mingw32/bin/../lib/gcc/nios2-elf/4.1.2/../../../../nios2-elf/lib\libc.a(lib_a-memcpy.o)
 .comment       0x00000000       0x24 c:/altera/11.0/nios2eds/bin/gnu/h-i686-mingw32/bin/../lib/gcc/nios2-elf/4.1.2/../../../../nios2-elf/lib\libc.a(lib_a-memmove.o)
 .comment       0x00000000       0x24 c:/altera/11.0/nios2eds/bin/gnu/h-i686-mingw32/bin/../lib/gcc/nios2-elf/4.1.2/../../../../nios2-elf/lib\libc.a(lib_a-memset.o)
 .comment       0x00000000       0x24 c:/altera/11.0/nios2eds/bin/gnu/h-i686-mingw32/bin/../lib/gcc/nios2-elf/4.1.2/../../../../nios2-elf/lib\libc.a(lib_a-mprec.o)
 .comment       0x00000000       0x24 c:/altera/11.0/nios2eds/bin/gnu/h-i686-mingw32/bin/../lib/gcc/nios2-elf/4.1.2/../../../../nios2-elf/lib\libc.a(lib_a-reallocr.o)
 .comment       0x00000000       0x24 c:/altera/11.0/nios2eds/bin/gnu/h-i686-mingw32/bin/../lib/gcc/nios2-elf/4.1.2/../../../../nios2-elf/lib\libc.a(lib_a-s_isinfd.o)
 .comment       0x00000000       0x24 c:/altera/11.0/nios2eds/bin/gnu/h-i686-mingw32/bin/../lib/gcc/nios2-elf/4.1.2/../../../../nios2-elf/lib\libc.a(lib_a-s_isnand.o)
 .comment       0x00000000       0x24 c:/altera/11.0/nios2eds/bin/gnu/h-i686-mingw32/bin/../lib/gcc/nios2-elf/4.1.2/../../../../nios2-elf/lib\libc.a(lib_a-sbrkr.o)
 .comment       0x00000000       0x24 c:/altera/11.0/nios2eds/bin/gnu/h-i686-mingw32/bin/../lib/gcc/nios2-elf/4.1.2/../../../../nios2-elf/lib\libc.a(lib_a-stdio.o)
 .comment       0x00000000       0x24 c:/altera/11.0/nios2eds/bin/gnu/h-i686-mingw32/bin/../lib/gcc/nios2-elf/4.1.2/../../../../nios2-elf/lib\libc.a(lib_a-strcmp.o)
 .comment       0x00000000       0x24 c:/altera/11.0/nios2eds/bin/gnu/h-i686-mingw32/bin/../lib/gcc/nios2-elf/4.1.2/../../../../nios2-elf/lib\libc.a(lib_a-writer.o)
 .comment       0x00000000       0x24 c:/altera/11.0/nios2eds/bin/gnu/h-i686-mingw32/bin/../lib/gcc/nios2-elf/4.1.2/../../../../nios2-elf/lib\libc.a(lib_a-callocr.o)
 .comment       0x00000000       0x24 c:/altera/11.0/nios2eds/bin/gnu/h-i686-mingw32/bin/../lib/gcc/nios2-elf/4.1.2/../../../../nios2-elf/lib\libc.a(lib_a-closer.o)
 .comment       0x00000000       0x24 c:/altera/11.0/nios2eds/bin/gnu/h-i686-mingw32/bin/../lib/gcc/nios2-elf/4.1.2/../../../../nios2-elf/lib\libc.a(lib_a-fclose.o)
 .comment       0x00000000       0x24 c:/altera/11.0/nios2eds/bin/gnu/h-i686-mingw32/bin/../lib/gcc/nios2-elf/4.1.2/../../../../nios2-elf/lib\libc.a(lib_a-fstatr.o)
 .comment       0x00000000       0x24 c:/altera/11.0/nios2eds/bin/gnu/h-i686-mingw32/bin/../lib/gcc/nios2-elf/4.1.2/../../../../nios2-elf/lib\libc.a(lib_a-int_errno.o)
 .comment       0x00000000       0x24 c:/altera/11.0/nios2eds/bin/gnu/h-i686-mingw32/bin/../lib/gcc/nios2-elf/4.1.2/../../../../nios2-elf/lib\libc.a(lib_a-isattyr.o)
 .comment       0x00000000       0x24 c:/altera/11.0/nios2eds/bin/gnu/h-i686-mingw32/bin/../lib/gcc/nios2-elf/4.1.2/../../../../nios2-elf/lib\libc.a(lib_a-lseekr.o)
 .comment       0x00000000       0x24 c:/altera/11.0/nios2eds/bin/gnu/h-i686-mingw32/bin/../lib/gcc/nios2-elf/4.1.2/../../../../nios2-elf/lib\libc.a(lib_a-readr.o)
 .comment       0x00000000       0x24 c:/altera/11.0/nios2eds/bin/gnu/h-i686-mingw32/bin/../lib/gcc/nios2-elf/4.1.2\libgcc.a(_udivdi3.o)
 .comment       0x00000000       0x24 c:/altera/11.0/nios2eds/bin/gnu/h-i686-mingw32/bin/../lib/gcc/nios2-elf/4.1.2\libgcc.a(_umoddi3.o)
 .comment       0x00000000       0x24 c:/altera/11.0/nios2eds/bin/gnu/h-i686-mingw32/bin/../lib/gcc/nios2-elf/4.1.2\libgcc.a(_addsub_df.o)
 .comment       0x00000000       0x24 c:/altera/11.0/nios2eds/bin/gnu/h-i686-mingw32/bin/../lib/gcc/nios2-elf/4.1.2\libgcc.a(_mul_df.o)
 .comment       0x00000000       0x24 c:/altera/11.0/nios2eds/bin/gnu/h-i686-mingw32/bin/../lib/gcc/nios2-elf/4.1.2\libgcc.a(_div_df.o)
 .comment       0x00000000       0x24 c:/altera/11.0/nios2eds/bin/gnu/h-i686-mingw32/bin/../lib/gcc/nios2-elf/4.1.2\libgcc.a(_eq_df.o)
 .comment       0x00000000       0x24 c:/altera/11.0/nios2eds/bin/gnu/h-i686-mingw32/bin/../lib/gcc/nios2-elf/4.1.2\libgcc.a(_ne_df.o)
 .comment       0x00000000       0x24 c:/altera/11.0/nios2eds/bin/gnu/h-i686-mingw32/bin/../lib/gcc/nios2-elf/4.1.2\libgcc.a(_gt_df.o)
 .comment       0x00000000       0x24 c:/altera/11.0/nios2eds/bin/gnu/h-i686-mingw32/bin/../lib/gcc/nios2-elf/4.1.2\libgcc.a(_ge_df.o)
 .comment       0x00000000       0x24 c:/altera/11.0/nios2eds/bin/gnu/h-i686-mingw32/bin/../lib/gcc/nios2-elf/4.1.2\libgcc.a(_lt_df.o)
 .comment       0x00000000       0x24 c:/altera/11.0/nios2eds/bin/gnu/h-i686-mingw32/bin/../lib/gcc/nios2-elf/4.1.2\libgcc.a(_si_to_df.o)
 .comment       0x00000000       0x24 c:/altera/11.0/nios2eds/bin/gnu/h-i686-mingw32/bin/../lib/gcc/nios2-elf/4.1.2\libgcc.a(_df_to_si.o)
 .comment       0x00000000       0x24 c:/altera/11.0/nios2eds/bin/gnu/h-i686-mingw32/bin/../lib/gcc/nios2-elf/4.1.2\libgcc.a(_thenan_df.o)
 .comment       0x00000000       0x24 c:/altera/11.0/nios2eds/bin/gnu/h-i686-mingw32/bin/../lib/gcc/nios2-elf/4.1.2\libgcc.a(_usi_to_df.o)
 .comment       0x00000000       0x24 c:/altera/11.0/nios2eds/bin/gnu/h-i686-mingw32/bin/../lib/gcc/nios2-elf/4.1.2\libgcc.a(lib2-divmod.o)
 .comment       0x00000000       0x24 c:/altera/11.0/nios2eds/bin/gnu/h-i686-mingw32/bin/../lib/gcc/nios2-elf/4.1.2\libgcc.a(_muldi3.o)
 .comment       0x00000000       0x24 c:/altera/11.0/nios2eds/bin/gnu/h-i686-mingw32/bin/../lib/gcc/nios2-elf/4.1.2\libgcc.a(_clz.o)
 .comment       0x00000000       0x24 c:/altera/11.0/nios2eds/bin/gnu/h-i686-mingw32/bin/../lib/gcc/nios2-elf/4.1.2\libgcc.a(_clzsi2.o)
 .comment       0x00000000       0x24 c:/altera/11.0/nios2eds/bin/gnu/h-i686-mingw32/bin/../lib/gcc/nios2-elf/4.1.2\libgcc.a(_pack_df.o)
 .comment       0x00000000       0x24 c:/altera/11.0/nios2eds/bin/gnu/h-i686-mingw32/bin/../lib/gcc/nios2-elf/4.1.2\libgcc.a(_unpack_df.o)
 .comment       0x00000000       0x24 c:/altera/11.0/nios2eds/bin/gnu/h-i686-mingw32/bin/../lib/gcc/nios2-elf/4.1.2\libgcc.a(_fpcmp_parts_df.o)
 .comment       0x00000000       0x24 ../the_whole_shit_bsp/\libhal_bsp.a(alt_close.o)
 .comment       0x00000000       0x24 ../the_whole_shit_bsp/\libhal_bsp.a(alt_dev.o)
 .comment       0x00000000       0x24 ../the_whole_shit_bsp/\libhal_bsp.a(alt_errno.o)
 .comment       0x00000000       0x24 ../the_whole_shit_bsp/\libhal_bsp.a(alt_fstat.o)
 .comment       0x00000000       0x24 ../the_whole_shit_bsp/\libhal_bsp.a(alt_irq_register.o)
 .comment       0x00000000       0x24 ../the_whole_shit_bsp/\libhal_bsp.a(alt_irq_vars.o)
 .comment       0x00000000       0x24 ../the_whole_shit_bsp/\libhal_bsp.a(alt_isatty.o)
 .comment       0x00000000       0x24 ../the_whole_shit_bsp/\libhal_bsp.a(alt_load.o)
 .comment       0x00000000       0x24 ../the_whole_shit_bsp/\libhal_bsp.a(alt_lseek.o)
 .comment       0x00000000       0x24 ../the_whole_shit_bsp/\libhal_bsp.a(alt_main.o)
 .comment       0x00000000       0x24 ../the_whole_shit_bsp/\libhal_bsp.a(alt_malloc_lock.o)
 .comment       0x00000000       0x24 ../the_whole_shit_bsp/\libhal_bsp.a(alt_read.o)
 .comment       0x00000000       0x24 ../the_whole_shit_bsp/\libhal_bsp.a(alt_release_fd.o)
 .comment       0x00000000       0x24 ../the_whole_shit_bsp/\libhal_bsp.a(alt_sbrk.o)
 .comment       0x00000000       0x24 ../the_whole_shit_bsp/\libhal_bsp.a(alt_usleep.o)
 .comment       0x00000000       0x24 ../the_whole_shit_bsp/\libhal_bsp.a(alt_write.o)
 .comment       0x00000000       0x24 ../the_whole_shit_bsp/\libhal_bsp.a(alt_sys_init.o)
 .comment       0x00000000       0x24 ../the_whole_shit_bsp/\libhal_bsp.a(altera_avalon_jtag_uart_fd.o)
 .comment       0x00000000       0x24 ../the_whole_shit_bsp/\libhal_bsp.a(altera_avalon_jtag_uart_init.o)
 .comment       0x00000000       0x24 ../the_whole_shit_bsp/\libhal_bsp.a(altera_avalon_jtag_uart_ioctl.o)
 .comment       0x00000000       0x24 ../the_whole_shit_bsp/\libhal_bsp.a(altera_avalon_jtag_uart_read.o)
 .comment       0x00000000       0x24 ../the_whole_shit_bsp/\libhal_bsp.a(altera_avalon_jtag_uart_write.o)
 .comment       0x00000000       0x24 ../the_whole_shit_bsp/\libhal_bsp.a(alt_alarm_start.o)
 .comment       0x00000000       0x24 ../the_whole_shit_bsp/\libhal_bsp.a(alt_busy_sleep.o)
 .comment       0x00000000       0x24 ../the_whole_shit_bsp/\libhal_bsp.a(alt_dcache_flush_all.o)
 .comment       0x00000000       0x24 ../the_whole_shit_bsp/\libhal_bsp.a(alt_dev_llist_insert.o)
 .comment       0x00000000       0x24 ../the_whole_shit_bsp/\libhal_bsp.a(alt_do_ctors.o)
 .comment       0x00000000       0x24 ../the_whole_shit_bsp/\libhal_bsp.a(alt_do_dtors.o)
 .comment       0x00000000       0x24 ../the_whole_shit_bsp/\libhal_bsp.a(alt_icache_flush_all.o)
 .comment       0x00000000       0x24 ../the_whole_shit_bsp/\libhal_bsp.a(alt_iic.o)
 .comment       0x00000000       0x24 ../the_whole_shit_bsp/\libhal_bsp.a(alt_iic_isr_register.o)
 .comment       0x00000000       0x24 ../the_whole_shit_bsp/\libhal_bsp.a(alt_io_redirect.o)
 .comment       0x00000000       0x24 ../the_whole_shit_bsp/\libhal_bsp.a(alt_irq_handler.o)
 .comment       0x00000000       0x24 ../the_whole_shit_bsp/\libhal_bsp.a(alt_open.o)
 .comment       0x00000000       0x24 ../the_whole_shit_bsp/\libhal_bsp.a(alt_tick.o)
 .comment       0x00000000       0x24 ../the_whole_shit_bsp/\libhal_bsp.a(altera_nios2_irq.o)
 .comment       0x00000000       0x24 ../the_whole_shit_bsp/\libhal_bsp.a(alt_find_dev.o)
 .comment       0x00000000       0x24 ../the_whole_shit_bsp/\libhal_bsp.a(alt_find_file.o)
 .comment       0x00000000       0x24 ../the_whole_shit_bsp/\libhal_bsp.a(alt_get_fd.o)
 .comment       0x00000000       0x24 ../the_whole_shit_bsp/\libhal_bsp.a(alt_icache_flush.o)
 .comment       0x00000000       0x24 c:/altera/11.0/nios2eds/bin/gnu/h-i686-mingw32/bin/../lib/gcc/nios2-elf/4.1.2/../../../../nios2-elf/lib\libc.a(lib_a-atexit.o)
 .comment       0x00000000       0x24 c:/altera/11.0/nios2eds/bin/gnu/h-i686-mingw32/bin/../lib/gcc/nios2-elf/4.1.2/../../../../nios2-elf/lib\libc.a(lib_a-exit.o)
 .comment       0x00000000       0x24 c:/altera/11.0/nios2eds/bin/gnu/h-i686-mingw32/bin/../lib/gcc/nios2-elf/4.1.2/../../../../nios2-elf/lib\libc.a(lib_a-memcmp.o)
 .comment       0x00000000       0x24 c:/altera/11.0/nios2eds/bin/gnu/h-i686-mingw32/bin/../lib/gcc/nios2-elf/4.1.2/../../../../nios2-elf/lib\libc.a(lib_a-__atexit.o)
 .comment       0x00000000       0x24 c:/altera/11.0/nios2eds/bin/gnu/h-i686-mingw32/bin/../lib/gcc/nios2-elf/4.1.2/../../../../nios2-elf/lib\libc.a(lib_a-__call_atexit.o)
 .comment       0x00000000       0x24 ../the_whole_shit_bsp/\libhal_bsp.a(alt_exit.o)

.debug
 *(.debug)

.line
 *(.line)

.debug_srcinfo
 *(.debug_srcinfo)

.debug_sfnames
 *(.debug_sfnames)

.debug_aranges  0x00000000      0xcf8
 *(.debug_aranges)
 .debug_aranges
                0x00000000       0x28 ../the_whole_shit_bsp//obj/HAL/src/crt0.o
 .debug_aranges
                0x00000028       0x20 obj/drawing.o
 .debug_aranges
                0x00000048       0x20 obj/interrupts.o
 .debug_aranges
                0x00000068       0x20 obj/main.o
 .debug_aranges
                0x00000088       0x20 c:/altera/11.0/nios2eds/bin/gnu/h-i686-mingw32/bin/../lib/gcc/nios2-elf/4.1.2/../../../../nios2-elf/lib\libc.a(lib_a-printf.o)
 .debug_aranges
                0x000000a8       0x20 c:/altera/11.0/nios2eds/bin/gnu/h-i686-mingw32/bin/../lib/gcc/nios2-elf/4.1.2/../../../../nios2-elf/lib\libc.a(lib_a-puts.o)
 .debug_aranges
                0x000000c8       0x20 c:/altera/11.0/nios2eds/bin/gnu/h-i686-mingw32/bin/../lib/gcc/nios2-elf/4.1.2/../../../../nios2-elf/lib\libc.a(lib_a-strlen.o)
 .debug_aranges
                0x000000e8       0x20 c:/altera/11.0/nios2eds/bin/gnu/h-i686-mingw32/bin/../lib/gcc/nios2-elf/4.1.2/../../../../nios2-elf/lib\libc.a(lib_a-vfprintf.o)
 .debug_aranges
                0x00000108       0x20 c:/altera/11.0/nios2eds/bin/gnu/h-i686-mingw32/bin/../lib/gcc/nios2-elf/4.1.2/../../../../nios2-elf/lib\libc.a(lib_a-wsetup.o)
 .debug_aranges
                0x00000128       0x20 c:/altera/11.0/nios2eds/bin/gnu/h-i686-mingw32/bin/../lib/gcc/nios2-elf/4.1.2/../../../../nios2-elf/lib\libc.a(lib_a-dtoa.o)
 .debug_aranges
                0x00000148       0x20 c:/altera/11.0/nios2eds/bin/gnu/h-i686-mingw32/bin/../lib/gcc/nios2-elf/4.1.2/../../../../nios2-elf/lib\libc.a(lib_a-fflush.o)
 .debug_aranges
                0x00000168       0x20 c:/altera/11.0/nios2eds/bin/gnu/h-i686-mingw32/bin/../lib/gcc/nios2-elf/4.1.2/../../../../nios2-elf/lib\libc.a(lib_a-findfp.o)
 .debug_aranges
                0x00000188       0x20 c:/altera/11.0/nios2eds/bin/gnu/h-i686-mingw32/bin/../lib/gcc/nios2-elf/4.1.2/../../../../nios2-elf/lib\libc.a(lib_a-freer.o)
 .debug_aranges
                0x000001a8       0x20 c:/altera/11.0/nios2eds/bin/gnu/h-i686-mingw32/bin/../lib/gcc/nios2-elf/4.1.2/../../../../nios2-elf/lib\libc.a(lib_a-fvwrite.o)
 .debug_aranges
                0x000001c8       0x20 c:/altera/11.0/nios2eds/bin/gnu/h-i686-mingw32/bin/../lib/gcc/nios2-elf/4.1.2/../../../../nios2-elf/lib\libc.a(lib_a-fwalk.o)
 .debug_aranges
                0x000001e8       0x20 c:/altera/11.0/nios2eds/bin/gnu/h-i686-mingw32/bin/../lib/gcc/nios2-elf/4.1.2/../../../../nios2-elf/lib\libc.a(lib_a-locale.o)
 .debug_aranges
                0x00000208       0x20 c:/altera/11.0/nios2eds/bin/gnu/h-i686-mingw32/bin/../lib/gcc/nios2-elf/4.1.2/../../../../nios2-elf/lib\libc.a(lib_a-makebuf.o)
 .debug_aranges
                0x00000228       0x20 c:/altera/11.0/nios2eds/bin/gnu/h-i686-mingw32/bin/../lib/gcc/nios2-elf/4.1.2/../../../../nios2-elf/lib\libc.a(lib_a-mallocr.o)
 .debug_aranges
                0x00000248       0x20 c:/altera/11.0/nios2eds/bin/gnu/h-i686-mingw32/bin/../lib/gcc/nios2-elf/4.1.2/../../../../nios2-elf/lib\libc.a(lib_a-memchr.o)
 .debug_aranges
                0x00000268       0x20 c:/altera/11.0/nios2eds/bin/gnu/h-i686-mingw32/bin/../lib/gcc/nios2-elf/4.1.2/../../../../nios2-elf/lib\libc.a(lib_a-memcpy.o)
 .debug_aranges
                0x00000288       0x20 c:/altera/11.0/nios2eds/bin/gnu/h-i686-mingw32/bin/../lib/gcc/nios2-elf/4.1.2/../../../../nios2-elf/lib\libc.a(lib_a-memmove.o)
 .debug_aranges
                0x000002a8       0x20 c:/altera/11.0/nios2eds/bin/gnu/h-i686-mingw32/bin/../lib/gcc/nios2-elf/4.1.2/../../../../nios2-elf/lib\libc.a(lib_a-memset.o)
 .debug_aranges
                0x000002c8       0x20 c:/altera/11.0/nios2eds/bin/gnu/h-i686-mingw32/bin/../lib/gcc/nios2-elf/4.1.2/../../../../nios2-elf/lib\libc.a(lib_a-mprec.o)
 .debug_aranges
                0x000002e8       0x20 c:/altera/11.0/nios2eds/bin/gnu/h-i686-mingw32/bin/../lib/gcc/nios2-elf/4.1.2/../../../../nios2-elf/lib\libc.a(lib_a-reallocr.o)
 .debug_aranges
                0x00000308       0x20 c:/altera/11.0/nios2eds/bin/gnu/h-i686-mingw32/bin/../lib/gcc/nios2-elf/4.1.2/../../../../nios2-elf/lib\libc.a(lib_a-s_isinfd.o)
 .debug_aranges
                0x00000328       0x20 c:/altera/11.0/nios2eds/bin/gnu/h-i686-mingw32/bin/../lib/gcc/nios2-elf/4.1.2/../../../../nios2-elf/lib\libc.a(lib_a-s_isnand.o)
 .debug_aranges
                0x00000348       0x20 c:/altera/11.0/nios2eds/bin/gnu/h-i686-mingw32/bin/../lib/gcc/nios2-elf/4.1.2/../../../../nios2-elf/lib\libc.a(lib_a-sbrkr.o)
 .debug_aranges
                0x00000368       0x20 c:/altera/11.0/nios2eds/bin/gnu/h-i686-mingw32/bin/../lib/gcc/nios2-elf/4.1.2/../../../../nios2-elf/lib\libc.a(lib_a-stdio.o)
 .debug_aranges
                0x00000388       0x20 c:/altera/11.0/nios2eds/bin/gnu/h-i686-mingw32/bin/../lib/gcc/nios2-elf/4.1.2/../../../../nios2-elf/lib\libc.a(lib_a-strcmp.o)
 .debug_aranges
                0x000003a8       0x20 c:/altera/11.0/nios2eds/bin/gnu/h-i686-mingw32/bin/../lib/gcc/nios2-elf/4.1.2/../../../../nios2-elf/lib\libc.a(lib_a-writer.o)
 .debug_aranges
                0x000003c8       0x20 c:/altera/11.0/nios2eds/bin/gnu/h-i686-mingw32/bin/../lib/gcc/nios2-elf/4.1.2/../../../../nios2-elf/lib\libc.a(lib_a-callocr.o)
 .debug_aranges
                0x000003e8       0x20 c:/altera/11.0/nios2eds/bin/gnu/h-i686-mingw32/bin/../lib/gcc/nios2-elf/4.1.2/../../../../nios2-elf/lib\libc.a(lib_a-closer.o)
 .debug_aranges
                0x00000408       0x20 c:/altera/11.0/nios2eds/bin/gnu/h-i686-mingw32/bin/../lib/gcc/nios2-elf/4.1.2/../../../../nios2-elf/lib\libc.a(lib_a-fclose.o)
 .debug_aranges
                0x00000428       0x20 c:/altera/11.0/nios2eds/bin/gnu/h-i686-mingw32/bin/../lib/gcc/nios2-elf/4.1.2/../../../../nios2-elf/lib\libc.a(lib_a-fstatr.o)
 .debug_aranges
                0x00000448       0x20 c:/altera/11.0/nios2eds/bin/gnu/h-i686-mingw32/bin/../lib/gcc/nios2-elf/4.1.2/../../../../nios2-elf/lib\libc.a(lib_a-isattyr.o)
 .debug_aranges
                0x00000468       0x20 c:/altera/11.0/nios2eds/bin/gnu/h-i686-mingw32/bin/../lib/gcc/nios2-elf/4.1.2/../../../../nios2-elf/lib\libc.a(lib_a-lseekr.o)
 .debug_aranges
                0x00000488       0x20 c:/altera/11.0/nios2eds/bin/gnu/h-i686-mingw32/bin/../lib/gcc/nios2-elf/4.1.2/../../../../nios2-elf/lib\libc.a(lib_a-readr.o)
 .debug_aranges
                0x000004a8       0x20 c:/altera/11.0/nios2eds/bin/gnu/h-i686-mingw32/bin/../lib/gcc/nios2-elf/4.1.2\libgcc.a(_udivdi3.o)
 .debug_aranges
                0x000004c8       0x20 c:/altera/11.0/nios2eds/bin/gnu/h-i686-mingw32/bin/../lib/gcc/nios2-elf/4.1.2\libgcc.a(_umoddi3.o)
 .debug_aranges
                0x000004e8       0x20 c:/altera/11.0/nios2eds/bin/gnu/h-i686-mingw32/bin/../lib/gcc/nios2-elf/4.1.2\libgcc.a(_addsub_df.o)
 .debug_aranges
                0x00000508       0x20 c:/altera/11.0/nios2eds/bin/gnu/h-i686-mingw32/bin/../lib/gcc/nios2-elf/4.1.2\libgcc.a(_mul_df.o)
 .debug_aranges
                0x00000528       0x20 c:/altera/11.0/nios2eds/bin/gnu/h-i686-mingw32/bin/../lib/gcc/nios2-elf/4.1.2\libgcc.a(_div_df.o)
 .debug_aranges
                0x00000548       0x20 c:/altera/11.0/nios2eds/bin/gnu/h-i686-mingw32/bin/../lib/gcc/nios2-elf/4.1.2\libgcc.a(_eq_df.o)
 .debug_aranges
                0x00000568       0x20 c:/altera/11.0/nios2eds/bin/gnu/h-i686-mingw32/bin/../lib/gcc/nios2-elf/4.1.2\libgcc.a(_ne_df.o)
 .debug_aranges
                0x00000588       0x20 c:/altera/11.0/nios2eds/bin/gnu/h-i686-mingw32/bin/../lib/gcc/nios2-elf/4.1.2\libgcc.a(_gt_df.o)
 .debug_aranges
                0x000005a8       0x20 c:/altera/11.0/nios2eds/bin/gnu/h-i686-mingw32/bin/../lib/gcc/nios2-elf/4.1.2\libgcc.a(_ge_df.o)
 .debug_aranges
                0x000005c8       0x20 c:/altera/11.0/nios2eds/bin/gnu/h-i686-mingw32/bin/../lib/gcc/nios2-elf/4.1.2\libgcc.a(_lt_df.o)
 .debug_aranges
                0x000005e8       0x20 c:/altera/11.0/nios2eds/bin/gnu/h-i686-mingw32/bin/../lib/gcc/nios2-elf/4.1.2\libgcc.a(_si_to_df.o)
 .debug_aranges
                0x00000608       0x20 c:/altera/11.0/nios2eds/bin/gnu/h-i686-mingw32/bin/../lib/gcc/nios2-elf/4.1.2\libgcc.a(_df_to_si.o)
 .debug_aranges
                0x00000628       0x20 c:/altera/11.0/nios2eds/bin/gnu/h-i686-mingw32/bin/../lib/gcc/nios2-elf/4.1.2\libgcc.a(_usi_to_df.o)
 .debug_aranges
                0x00000648       0x20 c:/altera/11.0/nios2eds/bin/gnu/h-i686-mingw32/bin/../lib/gcc/nios2-elf/4.1.2\libgcc.a(lib2-divmod.o)
 .debug_aranges
                0x00000668       0x20 c:/altera/11.0/nios2eds/bin/gnu/h-i686-mingw32/bin/../lib/gcc/nios2-elf/4.1.2\libgcc.a(_muldi3.o)
 .debug_aranges
                0x00000688       0x20 c:/altera/11.0/nios2eds/bin/gnu/h-i686-mingw32/bin/../lib/gcc/nios2-elf/4.1.2\libgcc.a(_clzsi2.o)
 .debug_aranges
                0x000006a8       0x20 c:/altera/11.0/nios2eds/bin/gnu/h-i686-mingw32/bin/../lib/gcc/nios2-elf/4.1.2\libgcc.a(_pack_df.o)
 .debug_aranges
                0x000006c8       0x20 c:/altera/11.0/nios2eds/bin/gnu/h-i686-mingw32/bin/../lib/gcc/nios2-elf/4.1.2\libgcc.a(_unpack_df.o)
 .debug_aranges
                0x000006e8       0x20 c:/altera/11.0/nios2eds/bin/gnu/h-i686-mingw32/bin/../lib/gcc/nios2-elf/4.1.2\libgcc.a(_fpcmp_parts_df.o)
 .debug_aranges
                0x00000708       0x20 ../the_whole_shit_bsp/\libhal_bsp.a(alt_close.o)
 .debug_aranges
                0x00000728       0x20 ../the_whole_shit_bsp/\libhal_bsp.a(alt_dev.o)
 .debug_aranges
                0x00000748       0x20 ../the_whole_shit_bsp/\libhal_bsp.a(alt_fstat.o)
 .debug_aranges
                0x00000768       0x20 ../the_whole_shit_bsp/\libhal_bsp.a(alt_irq_register.o)
 .debug_aranges
                0x00000788       0x20 ../the_whole_shit_bsp/\libhal_bsp.a(alt_isatty.o)
 .debug_aranges
                0x000007a8       0x20 ../the_whole_shit_bsp/\libhal_bsp.a(alt_load.o)
 .debug_aranges
                0x000007c8       0x20 ../the_whole_shit_bsp/\libhal_bsp.a(alt_lseek.o)
 .debug_aranges
                0x000007e8       0x20 ../the_whole_shit_bsp/\libhal_bsp.a(alt_main.o)
 .debug_aranges
                0x00000808       0x20 ../the_whole_shit_bsp/\libhal_bsp.a(alt_malloc_lock.o)
 .debug_aranges
                0x00000828       0x20 ../the_whole_shit_bsp/\libhal_bsp.a(alt_read.o)
 .debug_aranges
                0x00000848       0x20 ../the_whole_shit_bsp/\libhal_bsp.a(alt_release_fd.o)
 .debug_aranges
                0x00000868       0x20 ../the_whole_shit_bsp/\libhal_bsp.a(alt_sbrk.o)
 .debug_aranges
                0x00000888       0x20 ../the_whole_shit_bsp/\libhal_bsp.a(alt_usleep.o)
 .debug_aranges
                0x000008a8       0x20 ../the_whole_shit_bsp/\libhal_bsp.a(alt_write.o)
 .debug_aranges
                0x000008c8       0x20 ../the_whole_shit_bsp/\libhal_bsp.a(alt_sys_init.o)
 .debug_aranges
                0x000008e8       0x20 ../the_whole_shit_bsp/\libhal_bsp.a(altera_avalon_jtag_uart_fd.o)
 .debug_aranges
                0x00000908       0x20 ../the_whole_shit_bsp/\libhal_bsp.a(altera_avalon_jtag_uart_init.o)
 .debug_aranges
                0x00000928       0x20 ../the_whole_shit_bsp/\libhal_bsp.a(altera_avalon_jtag_uart_ioctl.o)
 .debug_aranges
                0x00000948       0x20 ../the_whole_shit_bsp/\libhal_bsp.a(altera_avalon_jtag_uart_read.o)
 .debug_aranges
                0x00000968       0x20 ../the_whole_shit_bsp/\libhal_bsp.a(altera_avalon_jtag_uart_write.o)
 .debug_aranges
                0x00000988       0x20 ../the_whole_shit_bsp/\libhal_bsp.a(alt_alarm_start.o)
 .debug_aranges
                0x000009a8       0x20 ../the_whole_shit_bsp/\libhal_bsp.a(alt_busy_sleep.o)
 .debug_aranges
                0x000009c8       0x20 ../the_whole_shit_bsp/\libhal_bsp.a(alt_dcache_flush_all.o)
 .debug_aranges
                0x000009e8       0x20 ../the_whole_shit_bsp/\libhal_bsp.a(alt_dev_llist_insert.o)
 .debug_aranges
                0x00000a08       0x20 ../the_whole_shit_bsp/\libhal_bsp.a(alt_do_ctors.o)
 .debug_aranges
                0x00000a28       0x20 ../the_whole_shit_bsp/\libhal_bsp.a(alt_do_dtors.o)
 .debug_aranges
                0x00000a48       0x20 ../the_whole_shit_bsp/\libhal_bsp.a(alt_icache_flush_all.o)
 .debug_aranges
                0x00000a68       0x20 ../the_whole_shit_bsp/\libhal_bsp.a(alt_iic.o)
 .debug_aranges
                0x00000a88       0x20 ../the_whole_shit_bsp/\libhal_bsp.a(alt_iic_isr_register.o)
 .debug_aranges
                0x00000aa8       0x20 ../the_whole_shit_bsp/\libhal_bsp.a(alt_io_redirect.o)
 .debug_aranges
                0x00000ac8       0x30 ../the_whole_shit_bsp/\libhal_bsp.a(alt_irq_entry.o)
 .debug_aranges
                0x00000af8       0x28 ../the_whole_shit_bsp/\libhal_bsp.a(alt_irq_handler.o)
 .debug_aranges
                0x00000b20       0x20 ../the_whole_shit_bsp/\libhal_bsp.a(alt_open.o)
 .debug_aranges
                0x00000b40       0x20 ../the_whole_shit_bsp/\libhal_bsp.a(alt_tick.o)
 .debug_aranges
                0x00000b60       0x20 ../the_whole_shit_bsp/\libhal_bsp.a(altera_nios2_irq.o)
 .debug_aranges
                0x00000b80       0x38 ../the_whole_shit_bsp/\libhal_bsp.a(alt_exception_entry.o)
 .debug_aranges
                0x00000bb8       0x20 ../the_whole_shit_bsp/\libhal_bsp.a(alt_find_dev.o)
 .debug_aranges
                0x00000bd8       0x20 ../the_whole_shit_bsp/\libhal_bsp.a(alt_find_file.o)
 .debug_aranges
                0x00000bf8       0x20 ../the_whole_shit_bsp/\libhal_bsp.a(alt_get_fd.o)
 .debug_aranges
                0x00000c18       0x20 ../the_whole_shit_bsp/\libhal_bsp.a(alt_icache_flush.o)
 .debug_aranges
                0x00000c38       0x20 c:/altera/11.0/nios2eds/bin/gnu/h-i686-mingw32/bin/../lib/gcc/nios2-elf/4.1.2/../../../../nios2-elf/lib\libc.a(lib_a-atexit.o)
 .debug_aranges
                0x00000c58       0x20 c:/altera/11.0/nios2eds/bin/gnu/h-i686-mingw32/bin/../lib/gcc/nios2-elf/4.1.2/../../../../nios2-elf/lib\libc.a(lib_a-exit.o)
 .debug_aranges
                0x00000c78       0x20 c:/altera/11.0/nios2eds/bin/gnu/h-i686-mingw32/bin/../lib/gcc/nios2-elf/4.1.2/../../../../nios2-elf/lib\libc.a(lib_a-memcmp.o)
 .debug_aranges
                0x00000c98       0x20 c:/altera/11.0/nios2eds/bin/gnu/h-i686-mingw32/bin/../lib/gcc/nios2-elf/4.1.2/../../../../nios2-elf/lib\libc.a(lib_a-__atexit.o)
 .debug_aranges
                0x00000cb8       0x20 c:/altera/11.0/nios2eds/bin/gnu/h-i686-mingw32/bin/../lib/gcc/nios2-elf/4.1.2/../../../../nios2-elf/lib\libc.a(lib_a-__call_atexit.o)
 .debug_aranges
                0x00000cd8       0x20 ../the_whole_shit_bsp/\libhal_bsp.a(alt_exit.o)

.debug_pubnames
                0x00000000     0x13f9
 *(.debug_pubnames)
 .debug_pubnames
                0x00000000       0x4c obj/drawing.o
 .debug_pubnames
                0x0000004c       0x4d obj/interrupts.o
 .debug_pubnames
                0x00000099       0x1b obj/main.o
 .debug_pubnames
                0x000000b4       0x2b c:/altera/11.0/nios2eds/bin/gnu/h-i686-mingw32/bin/../lib/gcc/nios2-elf/4.1.2/../../../../nios2-elf/lib\libc.a(lib_a-printf.o)
 .debug_pubnames