Archive member included because of file (symbol)

../nios2processor_bsp/\libhal_bsp.a(alt_load.o)
                              ../nios2processor_bsp//obj/HAL/src/crt0.o (alt_load)
../nios2processor_bsp/\libhal_bsp.a(alt_main.o)
                              ../nios2processor_bsp//obj/HAL/src/crt0.o (alt_main)
../nios2processor_bsp/\libhal_bsp.a(alt_usleep.o)
                              obj/main.o (usleep)
../nios2processor_bsp/\libhal_bsp.a(alt_sys_init.o)
                              ../nios2processor_bsp/\libhal_bsp.a(alt_main.o) (alt_irq_init)
../nios2processor_bsp/\libhal_bsp.a(alt_busy_sleep.o)
                              ../nios2processor_bsp/\libhal_bsp.a(alt_usleep.o) (alt_busy_sleep)
../nios2processor_bsp/\libhal_bsp.a(alt_close.o)
                              ../nios2processor_bsp/\libhal_bsp.a(alt_main.o) (close)
../nios2processor_bsp/\libhal_bsp.a(alt_dcache_flush_all.o)
                              ../nios2processor_bsp/\libhal_bsp.a(alt_load.o) (alt_dcache_flush_all)
../nios2processor_bsp/\libhal_bsp.a(alt_do_ctors.o)
                              ../nios2processor_bsp/\libhal_bsp.a(alt_main.o) (_do_ctors)
../nios2processor_bsp/\libhal_bsp.a(alt_do_dtors.o)
                              ../nios2processor_bsp/\libhal_bsp.a(alt_main.o) (_do_dtors)
../nios2processor_bsp/\libhal_bsp.a(alt_errno.o)
                              ../nios2processor_bsp/\libhal_bsp.a(alt_close.o) (alt_errno)
../nios2processor_bsp/\libhal_bsp.a(alt_icache_flush_all.o)
                              ../nios2processor_bsp/\libhal_bsp.a(alt_load.o) (alt_icache_flush_all)
../nios2processor_bsp/\libhal_bsp.a(altera_nios2_qsys_irq.o)
                              ../nios2processor_bsp/\libhal_bsp.a(alt_sys_init.o) (altera_nios2_qsys_irq_init)
../nios2processor_bsp/\libhal_bsp.a(alt_icache_flush.o)
                              ../nios2processor_bsp/\libhal_bsp.a(alt_icache_flush_all.o) (alt_icache_flush)
c:/altera/11.0/nios2eds/bin/gnu/h-i686-mingw32/bin/../lib/gcc/nios2-elf/4.1.2/../../../../nios2-elf/lib\libsmallc.a(lib_a-atexit.o)
                              ../nios2processor_bsp/\libhal_bsp.a(alt_main.o) (atexit)
c:/altera/11.0/nios2eds/bin/gnu/h-i686-mingw32/bin/../lib/gcc/nios2-elf/4.1.2/../../../../nios2-elf/lib\libsmallc.a(lib_a-exit.o)
                              ../nios2processor_bsp/\libhal_bsp.a(alt_main.o) (exit)
c:/altera/11.0/nios2eds/bin/gnu/h-i686-mingw32/bin/../lib/gcc/nios2-elf/4.1.2/../../../../nios2-elf/lib\libsmallc.a(lib_a-int_errno.o)
                              ../nios2processor_bsp/\libhal_bsp.a(alt_close.o) (errno)
c:/altera/11.0/nios2eds/bin/gnu/h-i686-mingw32/bin/../lib/gcc/nios2-elf/4.1.2/../../../../nios2-elf/lib\libsmallc.a(lib_a-__atexit.o)
                              c:/altera/11.0/nios2eds/bin/gnu/h-i686-mingw32/bin/../lib/gcc/nios2-elf/4.1.2/../../../../nios2-elf/lib\libsmallc.a(lib_a-atexit.o) (__register_exitproc)
c:/altera/11.0/nios2eds/bin/gnu/h-i686-mingw32/bin/../lib/gcc/nios2-elf/4.1.2/../../../../nios2-elf/lib\libsmallc.a(lib_a-__call_atexit.o)
                              c:/altera/11.0/nios2eds/bin/gnu/h-i686-mingw32/bin/../lib/gcc/nios2-elf/4.1.2/../../../../nios2-elf/lib\libsmallc.a(lib_a-exit.o) (__call_exitprocs)
c:/altera/11.0/nios2eds/bin/gnu/h-i686-mingw32/bin/../lib/gcc/nios2-elf/4.1.2/../../../../nios2-elf/lib\libsmallc.a(lib_a-impure.o)
                              c:/altera/11.0/nios2eds/bin/gnu/h-i686-mingw32/bin/../lib/gcc/nios2-elf/4.1.2/../../../../nios2-elf/lib\libsmallc.a(lib_a-__atexit.o) (_global_impure_ptr)
c:/altera/11.0/nios2eds/bin/gnu/h-i686-mingw32/bin/../lib/gcc/nios2-elf/4.1.2\libgcc.a(lib2-divmod.o)
                              ../nios2processor_bsp/\libhal_bsp.a(alt_busy_sleep.o) (__udivsi3)
../nios2processor_bsp/\libhal_bsp.a(alt_exit.o)
                              c:/altera/11.0/nios2eds/bin/gnu/h-i686-mingw32/bin/../lib/gcc/nios2-elf/4.1.2/../../../../nios2-elf/lib\libsmallc.a(lib_a-exit.o) (_exit)

Allocating common symbols
Common symbol       size              file

errno               0x4               c:/altera/11.0/nios2eds/bin/gnu/h-i686-mingw32/bin/../lib/gcc/nios2-elf/4.1.2/../../../../nios2-elf/lib\libsmallc.a(lib_a-int_errno.o)
_atexit0            0x8c              c:/altera/11.0/nios2eds/bin/gnu/h-i686-mingw32/bin/../lib/gcc/nios2-elf/4.1.2/../../../../nios2-elf/lib\libsmallc.a(lib_a-atexit.o)

Discarded input sections

 .gnu.warning.close
                0x00000000        0x0 ../nios2processor_bsp/\libhal_bsp.a(alt_close.o)

Memory Configuration

Name             Origin             Length             Attributes
reset            0x00002000         0x00000020
memory           0x00002020         0x00001fe0
*default*        0x00000000         0xffffffff

Linker script and memory map

LOAD ../nios2processor_bsp//obj/HAL/src/crt0.o
LOAD obj/main.o
LOAD c:/altera/11.0/nios2eds/bin/gnu/h-i686-mingw32/bin/../lib/gcc/nios2-elf/4.1.2/../../../../nios2-elf/lib\libstdc++.a
LOAD c:/altera/11.0/nios2eds/bin/gnu/h-i686-mingw32/bin/../lib/gcc/nios2-elf/4.1.2/../../../../nios2-elf/lib\libm.a
LOAD c:/altera/11.0/nios2eds/bin/gnu/h-i686-mingw32/bin/../lib/gcc/nios2-elf/4.1.2\libgcc.a
START GROUP
LOAD c:/altera/11.0/nios2eds/bin/gnu/h-i686-mingw32/bin/../lib/gcc/nios2-elf/4.1.2/../../../../nios2-elf/lib\libsmallc.a
LOAD c:/altera/11.0/nios2eds/bin/gnu/h-i686-mingw32/bin/../lib/gcc/nios2-elf/4.1.2\libgcc.a
LOAD ../nios2processor_bsp/\libhal_bsp.a
END GROUP
LOAD c:/altera/11.0/nios2eds/bin/gnu/h-i686-mingw32/bin/../lib/gcc/nios2-elf/4.1.2\libgcc.a
                0x00002000                __alt_mem_memory = 0x2000

.entry          0x00002000       0x20
 *(.entry)
 .entry         0x00002000       0x20 ../nios2processor_bsp//obj/HAL/src/crt0.o
                0x00002000                __reset

.exceptions     0x00002020        0x0
                0x00002020                PROVIDE (__ram_exceptions_start, ABSOLUTE (.))
                0x00002020                . = ALIGN (0x20)
 *(.irq)
 *(.exceptions.entry.label)
 *(.exceptions.entry.user)
 *(.exceptions.entry)
 *(.exceptions.irqtest.user)
 *(.exceptions.irqtest)
 *(.exceptions.irqhandler.user)
 *(.exceptions.irqhandler)
 *(.exceptions.irqreturn.user)
 *(.exceptions.irqreturn)
 *(.exceptions.notirq.label)
 *(.exceptions.notirq.user)
 *(.exceptions.notirq)
 *(.exceptions.soft.user)
 *(.exceptions.soft)
 *(.exceptions.unknown.user)
 *(.exceptions.unknown)
 *(.exceptions.exit.label)
 *(.exceptions.exit.user)
 *(.exceptions.exit)
 *(.exceptions)
                0x00002020                PROVIDE (__ram_exceptions_end, ABSOLUTE (.))
                0x00002020                PROVIDE (__flash_exceptions_start, LOADADDR (.exceptions))

.text           0x00002020      0xda4
                0x00002020                PROVIDE (stext, ABSOLUTE (.))
 *(.interp)
 *(.hash)
 *(.dynsym)
 *(.dynstr)
 *(.gnu.version)
 *(.gnu.version_d)
 *(.gnu.version_r)
 *(.rel.init)
 *(.rela.init)
 *(.rel.text .rel.text.* .rel.gnu.linkonce.t.*)
 *(.rela.text .rela.text.* .rela.gnu.linkonce.t.*)
 *(.rel.fini)
 *(.rela.fini)
 *(.rel.rodata .rel.rodata.* .rel.gnu.linkonce.r.*)
 *(.rela.rodata .rela.rodata.* .rela.gnu.linkonce.r.*)
 *(.rel.data .rel.data.* .rel.gnu.linkonce.d.*)
 *(.rela.data .rela.data.* .rela.gnu.linkonce.d.*)
 *(.rel.tdata .rel.tdata.* .rel.gnu.linkonce.td.*)
 *(.rela.tdata .rela.tdata.* .rela.gnu.linkonce.td.*)
 *(.rel.tbss .rel.tbss.* .rel.gnu.linkonce.tb.*)
 *(.rela.tbss .rela.tbss.* .rela.gnu.linkonce.tb.*)
 *(.rel.ctors)
 *(.rela.ctors)
 *(.rel.dtors)
 *(.rela.dtors)
 *(.rel.got)
 *(.rela.got)
 *(.rel.sdata .rel.sdata.* .rel.gnu.linkonce.s.*)
 *(.rela.sdata .rela.sdata.* .rela.gnu.linkonce.s.*)
 *(.rel.sbss .rel.sbss.* .rel.gnu.linkonce.sb.*)
 *(.rela.sbss .rela.sbss.* .rela.gnu.linkonce.sb.*)
 *(.rel.sdata2 .rel.sdata2.* .rel.gnu.linkonce.s2.*)
 *(.rela.sdata2 .rela.sdata2.* .rela.gnu.linkonce.s2.*)
 *(.rel.sbss2 .rel.sbss2.* .rel.gnu.linkonce.sb2.*)
 *(.rela.sbss2 .rela.sbss2.* .rela.gnu.linkonce.sb2.*)
 *(.rel.bss .rel.bss.* .rel.gnu.linkonce.b.*)
 *(.rela.bss .rela.bss.* .rela.gnu.linkonce.b.*)
 *(.rel.plt)
 *(.rela.plt)
 *(.rel.dyn)
 *(.init)
 *(.plt)
 *(.text .stub .text.* .gnu.linkonce.t.*)
 .text          0x00002020       0x4c ../nios2processor_bsp//obj/HAL/src/crt0.o
                0x00002020                _start
 .text          0x0000206c      0x2b8 obj/main.o
                0x0000206c                lcd_init
                0x0000214c                test_lcd
                0x00002304                main
 .text          0x00002324       0xec ../nios2processor_bsp/\libhal_bsp.a(alt_load.o)
                0x00002324                alt_load
 .text          0x00002410       0x50 ../nios2processor_bsp/\libhal_bsp.a(alt_main.o)
                0x00002410                alt_main
 .text          0x00002460       0x30 ../nios2processor_bsp/\libhal_bsp.a(alt_usleep.o)
                0x00002460                usleep
 .text          0x00002490       0x50 ../nios2processor_bsp/\libhal_bsp.a(alt_sys_init.o)
                0x00002490                alt_irq_init
                0x000024c4                alt_sys_init
 .text          0x000024e0      0x14c ../nios2processor_bsp/\libhal_bsp.a(alt_busy_sleep.o)
                0x000024e0                alt_busy_sleep
 .text          0x0000262c       0x9c ../nios2processor_bsp/\libhal_bsp.a(alt_close.o)
                0x0000262c                close
 .text          0x000026c8       0x44 ../nios2processor_bsp/\libhal_bsp.a(alt_dcache_flush_all.o)
                0x000026c8                alt_dcache_flush_all
 .text          0x0000270c       0x64 ../nios2processor_bsp/\libhal_bsp.a(alt_do_ctors.o)
                0x0000270c                _do_ctors
 .text          0x00002770       0x64 ../nios2processor_bsp/\libhal_bsp.a(alt_do_dtors.o)
                0x00002770                _do_dtors
 .text          0x000027d4        0x0 ../nios2processor_bsp/\libhal_bsp.a(alt_errno.o)
 .text          0x000027d4       0x30 ../nios2processor_bsp/\libhal_bsp.a(alt_icache_flush_all.o)
                0x000027d4                alt_icache_flush_all
 .text          0x00002804       0x20 ../nios2processor_bsp/\libhal_bsp.a(altera_nios2_qsys_irq.o)
                0x00002804                altera_nios2_qsys_irq_init
 .text          0x00002824       0x90 ../nios2processor_bsp/\libhal_bsp.a(alt_icache_flush.o)
                0x00002824                alt_icache_flush
 .text          0x000028b4       0x14 c:/altera/11.0/nios2eds/bin/gnu/h-i686-mingw32/bin/../lib/gcc/nios2-elf/4.1.2/../../../../nios2-elf/lib\libsmallc.a(lib_a-atexit.o)
                0x000028b4                atexit
 .text          0x000028c8       0x20 c:/altera/11.0/nios2eds/bin/gnu/h-i686-mingw32/bin/../lib/gcc/nios2-elf/4.1.2/../../../../nios2-elf/lib\libsmallc.a(lib_a-exit.o)
                0x000028c8                exit
 .text          0x000028e8        0x0 c:/altera/11.0/nios2eds/bin/gnu/h-i686-mingw32/bin/../lib/gcc/nios2-elf/4.1.2/../../../../nios2-elf/lib\libsmallc.a(lib_a-int_errno.o)
 .text          0x000028e8      0x16c c:/altera/11.0/nios2eds/bin/gnu/h-i686-mingw32/bin/../lib/gcc/nios2-elf/4.1.2/../../../../nios2-elf/lib\libsmallc.a(lib_a-__atexit.o)
                0x000028e8                __register_exitproc
 .text          0x00002a54      0x1c0 c:/altera/11.0/nios2eds/bin/gnu/h-i686-mingw32/bin/../lib/gcc/nios2-elf/4.1.2/../../../../nios2-elf/lib\libsmallc.a(lib_a-__call_atexit.o)
                0x00002a58                __call_exitprocs
 .text          0x00002c14        0x0 c:/altera/11.0/nios2eds/bin/gnu/h-i686-mingw32/bin/../lib/gcc/nios2-elf/4.1.2/../../../../nios2-elf/lib\libsmallc.a(lib_a-impure.o)
 .text          0x00002c14      0x14c c:/altera/11.0/nios2eds/bin/gnu/h-i686-mingw32/bin/../lib/gcc/nios2-elf/4.1.2\libgcc.a(lib2-divmod.o)
                0x00002c90                __divsi3
                0x00002cf0                __modsi3
                0x00002d50                __udivsi3
                0x00002d58                __umodsi3
 .text          0x00002d60       0x60 ../nios2processor_bsp/\libhal_bsp.a(alt_exit.o)
                0x00002da0                _exit
 *(.gnu.warning.*)
 *(.fini)
                0x00002dc0                PROVIDE (__etext, ABSOLUTE (.))
                0x00002dc0                PROVIDE (_etext, ABSOLUTE (.))
                0x00002dc0                PROVIDE (etext, ABSOLUTE (.))
 *(.eh_frame_hdr)
                0x00002dc0                . = ALIGN (0x4)
                0x00002dc0                PROVIDE (__preinit_array_start, ABSOLUTE (.))
 *(.preinit_array)
                0x00002dc0                PROVIDE (__preinit_array_end, ABSOLUTE (.))
                0x00002dc0                PROVIDE (__init_array_start, ABSOLUTE (.))
 *(.init_array)
                0x00002dc0                PROVIDE (__init_array_end, ABSOLUTE (.))
                0x00002dc0                PROVIDE (__fini_array_start, ABSOLUTE (.))
 *(.fini_array)
                0x00002dc0                PROVIDE (__fini_array_end, ABSOLUTE (.))
 *(.eh_frame)
 *(.gcc_except_table)
 *(.dynamic)
                0x00002dc0                PROVIDE (__CTOR_LIST__, ABSOLUTE (.))
 *(.ctors)
 *(SORT(.ctors.*))
 .ctors.65535   0x00002dc0        0x4 c:/altera/11.0/nios2eds/bin/gnu/h-i686-mingw32/bin/../lib/gcc/nios2-elf/4.1.2/../../../../nios2-elf/lib\libsmallc.a(lib_a-__call_atexit.o)
                0x00002dc4                PROVIDE (__CTOR_END__, ABSOLUTE (.))
                0x00002dc4                PROVIDE (__DTOR_LIST__, ABSOLUTE (.))
 *(.dtors)
 *(SORT(.dtors.*))
                0x00002dc4                PROVIDE (__DTOR_END__, ABSOLUTE (.))
 *(.jcr)
                0x00002dc4                . = ALIGN (0x4)

.rodata         0x00002dc4       0x24
                0x00002dc4                PROVIDE (__ram_rodata_start, ABSOLUTE (.))
                0x00002dc4                . = ALIGN (0x4)
 *(.rodata .rodata.* .gnu.linkonce.r.*)
 .rodata        0x00002dc4       0x24 obj/main.o
 *(.rodata1)
                0x00002de8                . = ALIGN (0x4)
                0x00002de8                PROVIDE (__ram_rodata_end, ABSOLUTE (.))
                0x00002dc4                PROVIDE (__flash_rodata_start, LOADADDR (.rodata))

.rwdata         0x00002de8       0xf0 load address 0x00002ed8
                0x00002de8                PROVIDE (__ram_rwdata_start, ABSOLUTE (.))
                0x00002de8                . = ALIGN (0x4)
 *(.got.plt)
 *(.got)
 *(.data1)
 *(.data .data.* .gnu.linkonce.d.*)
 .data          0x00002de8        0x0 ../nios2processor_bsp//obj/HAL/src/crt0.o
 .data          0x00002de8        0x0 obj/main.o
 .data          0x00002de8        0x0 ../nios2processor_bsp/\libhal_bsp.a(alt_load.o)
 .data          0x00002de8        0x0 ../nios2processor_bsp/\libhal_bsp.a(alt_main.o)
 .data          0x00002de8        0x0 ../nios2processor_bsp/\libhal_bsp.a(alt_usleep.o)
 .data          0x00002de8        0x0 ../nios2processor_bsp/\libhal_bsp.a(alt_sys_init.o)
 .data          0x00002de8        0x0 ../nios2processor_bsp/\libhal_bsp.a(alt_busy_sleep.o)
 .data          0x00002de8        0x0 ../nios2processor_bsp/\libhal_bsp.a(alt_close.o)
 .data          0x00002de8        0x0 ../nios2processor_bsp/\libhal_bsp.a(alt_dcache_flush_all.o)
 .data          0x00002de8        0x0 ../nios2processor_bsp/\libhal_bsp.a(alt_do_ctors.o)
 .data          0x00002de8        0x0 ../nios2processor_bsp/\libhal_bsp.a(alt_do_dtors.o)
 .data          0x00002de8        0x0 ../nios2processor_bsp/\libhal_bsp.a(alt_errno.o)
 .data          0x00002de8        0x0 ../nios2processor_bsp/\libhal_bsp.a(alt_icache_flush_all.o)
 .data          0x00002de8        0x0 ../nios2processor_bsp/\libhal_bsp.a(altera_nios2_qsys_irq.o)
 .data          0x00002de8        0x0 ../nios2processor_bsp/\libhal_bsp.a(alt_icache_flush.o)
 .data          0x00002de8        0x0 c:/altera/11.0/nios2eds/bin/gnu/h-i686-mingw32/bin/../lib/gcc/nios2-elf/4.1.2/../../../../nios2-elf/lib\libsmallc.a(lib_a-atexit.o)
 .data          0x00002de8        0x0 c:/altera/11.0/nios2eds/bin/gnu/h-i686-mingw32/bin/../lib/gcc/nios2-elf/4.1.2/../../../../nios2-elf/lib\libsmallc.a(lib_a-exit.o)
 .data          0x00002de8        0x0 c:/altera/11.0/nios2eds/bin/gnu/h-i686-mingw32/bin/../lib/gcc/nios2-elf/4.1.2/../../../../nios2-elf/lib\libsmallc.a(lib_a-int_errno.o)
 .data          0x00002de8        0x0 c:/altera/11.0/nios2eds/bin/gnu/h-i686-mingw32/bin/../lib/gcc/nios2-elf/4.1.2/../../../../nios2-elf/lib\libsmallc.a(lib_a-__atexit.o)
 .data          0x00002de8        0x0 c:/altera/11.0/nios2eds/bin/gnu/h-i686-mingw32/bin/../lib/gcc/nios2-elf/4.1.2/../../../../nios2-elf/lib\libsmallc.a(lib_a-__call_atexit.o)
 .data          0x00002de8       0xe0 c:/altera/11.0/nios2eds/bin/gnu/h-i686-mingw32/bin/../lib/gcc/nios2-elf/4.1.2/../../../../nios2-elf/lib\libsmallc.a(lib_a-impure.o)
 .data          0x00002ec8        0x0 c:/altera/11.0/nios2eds/bin/gnu/h-i686-mingw32/bin/../lib/gcc/nios2-elf/4.1.2\libgcc.a(lib2-divmod.o)
 .data          0x00002ec8        0x0 ../nios2processor_bsp/\libhal_bsp.a(alt_exit.o)
                0x0000aec8                _gp = ABSOLUTE ((. + 0x8000))
                0x0000aec8                PROVIDE (gp, _gp)
 *(.rwdata .rwdata.*)
 *(.sdata .sdata.* .gnu.linkonce.s.*)
 .sdata         0x00002ec8        0x4 ../nios2processor_bsp/\libhal_bsp.a(alt_sys_init.o)
                0x00002ec8                jtag_uart
 .sdata         0x00002ecc        0x4 ../nios2processor_bsp/\libhal_bsp.a(alt_errno.o)
                0x00002ecc                alt_errno
 .sdata         0x00002ed0        0x8 c:/altera/11.0/nios2eds/bin/gnu/h-i686-mingw32/bin/../lib/gcc/nios2-elf/4.1.2/../../../../nios2-elf/lib\libsmallc.a(lib_a-impure.o)
                0x00002ed0                _impure_ptr
                0x00002ed4                _global_impure_ptr
 *(.sdata2 .sdata2.* .gnu.linkonce.s2.*)
                0x00002ed8                . = ALIGN (0x4)
                0x00002ed8                _edata = ABSOLUTE (.)
                0x00002ed8                PROVIDE (edata, ABSOLUTE (.))
                0x00002ed8                PROVIDE (__ram_rwdata_end, ABSOLUTE (.))
                0x00002ed8                PROVIDE (__flash_rwdata_start, LOADADDR (.rwdata))

.bss            0x00002fc8       0x9c
                0x00002fc8                __bss_start = ABSOLUTE (.)
                0x00002fc8                PROVIDE (__sbss_start, ABSOLUTE (.))
                0x00002fc8                PROVIDE (___sbss_start, ABSOLUTE (.))
 *(.dynsbss)
 *(.sbss .sbss.* .gnu.linkonce.sb.*)
 .sbss          0x00002fc8        0xc ../nios2processor_bsp/\libhal_bsp.a(alt_main.o)
                0x00002fc8                alt_argc
                0x00002fcc                alt_argv
                0x00002fd0                alt_envp
 .sbss          0x00002fd4        0x4 c:/altera/11.0/nios2eds/bin/gnu/h-i686-mingw32/bin/../lib/gcc/nios2-elf/4.1.2/../../../../nios2-elf/lib\libsmallc.a(lib_a-int_errno.o)
                0x00002fd4                errno
 *(.sbss2 .sbss2.* .gnu.linkonce.sb2.*)
 *(.scommon)
                0x00002fd8                PROVIDE (__sbss_end, ABSOLUTE (.))
                0x00002fd8                PROVIDE (___sbss_end, ABSOLUTE (.))
 *(.dynbss)
 *(.bss .bss.* .gnu.linkonce.b.*)
 .bss           0x00002fd8        0x0 ../nios2processor_bsp//obj/HAL/src/crt0.o
 .bss           0x00002fd8        0x0 obj/main.o
 .bss           0x00002fd8        0x0 ../nios2processor_bsp/\libhal_bsp.a(alt_load.o)
 .bss           0x00002fd8        0x0 ../nios2processor_bsp/\libhal_bsp.a(alt_main.o)
 .bss           0x00002fd8        0x0 ../nios2processor_bsp/\libhal_bsp.a(alt_usleep.o)
 .bss           0x00002fd8        0x0 ../nios2processor_bsp/\libhal_bsp.a(alt_sys_init.o)
 .bss           0x00002fd8        0x0 ../nios2processor_bsp/\libhal_bsp.a(alt_busy_sleep.o)
 .bss           0x00002fd8        0x0 ../nios2processor_bsp/\libhal_bsp.a(alt_close.o)
 .bss           0x00002fd8        0x0 ../nios2processor_bsp/\libhal_bsp.a(alt_dcache_flush_all.o)
 .bss           0x00002fd8        0x0 ../nios2processor_bsp/\libhal_bsp.a(alt_do_ctors.o)
 .bss           0x00002fd8        0x0 ../nios2processor_bsp/\libhal_bsp.a(alt_do_dtors.o)
 .bss           0x00002fd8        0x0 ../nios2processor_bsp/\libhal_bsp.a(alt_errno.o)
 .bss           0x00002fd8        0x0 ../nios2processor_bsp/\libhal_bsp.a(alt_icache_flush_all.o)
 .bss           0x00002fd8        0x0 ../nios2processor_bsp/\libhal_bsp.a(altera_nios2_qsys_irq.o)
 .bss           0x00002fd8        0x0 ../nios2processor_bsp/\libhal_bsp.a(alt_icache_flush.o)
 .bss           0x00002fd8        0x0 c:/altera/11.0/nios2eds/bin/gnu/h-i686-mingw32/bin/../lib/gcc/nios2-elf/4.1.2/../../../../nios2-elf/lib\libsmallc.a(lib_a-atexit.o)
 .bss           0x00002fd8        0x0 c:/altera/11.0/nios2eds/bin/gnu/h-i686-mingw32/bin/../lib/gcc/nios2-elf/4.1.2/../../../../nios2-elf/lib\libsmallc.a(lib_a-exit.o)
 .bss           0x00002fd8        0x0 c:/altera/11.0/nios2eds/bin/gnu/h-i686-mingw32/bin/../lib/gcc/nios2-elf/4.1.2/../../../../nios2-elf/lib\libsmallc.a(lib_a-int_errno.o)
 .bss           0x00002fd8        0x0 c:/altera/11.0/nios2eds/bin/gnu/h-i686-mingw32/bin/../lib/gcc/nios2-elf/4.1.2/../../../../nios2-elf/lib\libsmallc.a(lib_a-__atexit.o)
 .bss           0x00002fd8        0x0 c:/altera/11.0/nios2eds/bin/gnu/h-i686-mingw32/bin/../lib/gcc/nios2-elf/4.1.2/../../../../nios2-elf/lib\libsmallc.a(lib_a-__call_atexit.o)
 .bss           0x00002fd8        0x0 c:/altera/11.0/nios2eds/bin/gnu/h-i686-mingw32/bin/../lib/gcc/nios2-elf/4.1.2/../../../../nios2-elf/lib\libsmallc.a(lib_a-impure.o)
 .bss           0x00002fd8        0x0 c:/altera/11.0/nios2eds/bin/gnu/h-i686-mingw32/bin/../lib/gcc/nios2-elf/4.1.2\libgcc.a(lib2-divmod.o)
 .bss           0x00002fd8        0x0 ../nios2processor_bsp/\libhal_bsp.a(alt_exit.o)
 *(COMMON)
 COMMON         0x00002fd8       0x8c c:/altera/11.0/nios2eds/bin/gnu/h-i686-mingw32/bin/../lib/gcc/nios2-elf/4.1.2/../../../../nios2-elf/lib\libsmallc.a(lib_a-atexit.o)
                0x00002fd8                _atexit0
                0x00003064                . = ALIGN (0x4)
                0x00003064                __bss_end = ABSOLUTE (.)

.memory         0x00003064        0x0
                0x00003064                PROVIDE (_alt_partition_memory_start, ABSOLUTE (.))
 *(.memory. memory.*)
                0x00003064                . = ALIGN (0x4)
                0x00003064                PROVIDE (_alt_partition_memory_end, ABSOLUTE (.))
                0x00003064                _end = ABSOLUTE (.)
                0x00003064                end = ABSOLUTE (.)
                0x00003064                __alt_stack_base = ABSOLUTE (.)
                0x00003064                PROVIDE (_alt_partition_memory_load_addr, LOADADDR (.memory))

.stab
 *(.stab)

.stabstr
 *(.stabstr)

.stab.excl
 *(.stab.excl)

.stab.exclstr
 *(.stab.exclstr)

.stab.index
 *(.stab.index)

.stab.indexstr
 *(.stab.indexstr)

.comment        0x00000000       0x23
 *(.comment)
 .comment       0x00000000       0x23 obj/main.o
                                 0x24 (size before relaxing)
 .comment       0x00000000       0x24 ../nios2processor_bsp/\libhal_bsp.a(alt_load.o)
 .comment       0x00000000       0x24 ../nios2processor_bsp/\libhal_bsp.a(alt_main.o)
 .comment       0x00000000       0x24 ../nios2processor_bsp/\libhal_bsp.a(alt_usleep.o)
 .comment       0x00000000       0x24 ../nios2processor_bsp/\libhal_bsp.a(alt_sys_init.o)
 .comment       0x00000000       0x24 ../nios2processor_bsp/\libhal_bsp.a(alt_busy_sleep.o)
 .comment       0x00000000       0x24 ../nios2processor_bsp/\libhal_bsp.a(alt_close.o)
 .comment       0x00000000       0x24 ../nios2processor_bsp/\libhal_bsp.a(alt_dcache_flush_all.o)
 .comment       0x00000000       0x24 ../nios2processor_bsp/\libhal_bsp.a(alt_do_ctors.o)
 .comment       0x00000000       0x24 ../nios2processor_bsp/\libhal_bsp.a(alt_do_dtors.o)
 .comment       0x00000000       0x24 ../nios2processor_bsp/\libhal_bsp.a(alt_errno.o)
 .comment       0x00000000       0x24 ../nios2processor_bsp/\libhal_bsp.a(alt_icache_flush_all.o)
 .comment       0x00000000       0x24 ../nios2processor_bsp/\libhal_bsp.a(altera_nios2_qsys_irq.o)
 .comment       0x00000000       0x24 ../nios2processor_bsp/\libhal_bsp.a(alt_icache_flush.o)
 .comment       0x00000000       0x24 c:/altera/11.0/nios2eds/bin/gnu/h-i686-mingw32/bin/../lib/gcc/nios2-elf/4.1.2/../../../../nios2-elf/lib\libsmallc.a(lib_a-atexit.o)
 .comment       0x00000000       0x24 c:/altera/11.0/nios2eds/bin/gnu/h-i686-mingw32/bin/../lib/gcc/nios2-elf/4.1.2/../../../../nios2-elf/lib\libsmallc.a(lib_a-exit.o)
 .comment       0x00000000       0x24 c:/altera/11.0/nios2eds/bin/gnu/h-i686-mingw32/bin/../lib/gcc/nios2-elf/4.1.2/../../../../nios2-elf/lib\libsmallc.a(lib_a-int_errno.o)
 .comment       0x00000000       0x24 c:/altera/11.0/nios2eds/bin/gnu/h-i686-mingw32/bin/../lib/gcc/nios2-elf/4.1.2/../../../../nios2-elf/lib\libsmallc.a(lib_a-__atexit.o)
 .comment       0x00000000       0x24 c:/altera/11.0/nios2eds/bin/gnu/h-i686-mingw32/bin/../lib/gcc/nios2-elf/4.1.2/../../../../nios2-elf/lib\libsmallc.a(lib_a-__call_atexit.o)
 .comment       0x00000000       0x24 c:/altera/11.0/nios2eds/bin/gnu/h-i686-mingw32/bin/../lib/gcc/nios2-elf/4.1.2/../../../../nios2-elf/lib\libsmallc.a(lib_a-impure.o)
 .comment       0x00000000       0x24 c:/altera/11.0/nios2eds/bin/gnu/h-i686-mingw32/bin/../lib/gcc/nios2-elf/4.1.2\libgcc.a(lib2-divmod.o)
 .comment       0x00000000       0x24 ../nios2processor_bsp/\libhal_bsp.a(alt_exit.o)

.debug
 *(.debug)

.line
 *(.line)

.debug_srcinfo
 *(.debug_srcinfo)

.debug_sfnames
 *(.debug_sfnames)

.debug_aranges  0x00000000      0x288
 *(.debug_aranges)
 .debug_aranges
                0x00000000       0x28 ../nios2processor_bsp//obj/HAL/src/crt0.o
 .debug_aranges
                0x00000028       0x20 obj/main.o
 .debug_aranges
                0x00000048       0x20 ../nios2processor_bsp/\libhal_bsp.a(alt_load.o)
 .debug_aranges
                0x00000068       0x20 ../nios2processor_bsp/\libhal_bsp.a(alt_main.o)
 .debug_aranges
                0x00000088       0x20 ../nios2processor_bsp/\libhal_bsp.a(alt_usleep.o)
 .debug_aranges
                0x000000a8       0x20 ../nios2processor_bsp/\libhal_bsp.a(alt_sys_init.o)
 .debug_aranges
                0x000000c8       0x20 ../nios2processor_bsp/\libhal_bsp.a(alt_busy_sleep.o)
 .debug_aranges
                0x000000e8       0x20 ../nios2processor_bsp/\libhal_bsp.a(alt_close.o)
 .debug_aranges
                0x00000108       0x20 ../nios2processor_bsp/\libhal_bsp.a(alt_dcache_flush_all.o)
 .debug_aranges
                0x00000128       0x20 ../nios2processor_bsp/\libhal_bsp.a(alt_do_ctors.o)
 .debug_aranges
                0x00000148       0x20 ../nios2processor_bsp/\libhal_bsp.a(alt_do_dtors.o)
 .debug_aranges
                0x00000168       0x20 ../nios2processor_bsp/\libhal_bsp.a(alt_icache_flush_all.o)
 .debug_aranges
                0x00000188       0x20 ../nios2processor_bsp/\libhal_bsp.a(altera_nios2_qsys_irq.o)
 .debug_aranges
                0x000001a8       0x20 ../nios2processor_bsp/\libhal_bsp.a(alt_icache_flush.o)
 .debug_aranges
                0x000001c8       0x20 c:/altera/11.0/nios2eds/bin/gnu/h-i686-mingw32/bin/../lib/gcc/nios2-elf/4.1.2/../../../../nios2-elf/lib\libsmallc.a(lib_a-atexit.o)
 .debug_aranges
                0x000001e8       0x20 c:/altera/11.0/nios2eds/bin/gnu/h-i686-mingw32/bin/../lib/gcc/nios2-elf/4.1.2/../../../../nios2-elf/lib\libsmallc.a(lib_a-exit.o)
 .debug_aranges
                0x00000208       0x20 c:/altera/11.0/nios2eds/bin/gnu/h-i686-mingw32/bin/../lib/gcc/nios2-elf/4.1.2/../../../../nios2-elf/lib\libsmallc.a(lib_a-__atexit.o)
 .debug_aranges
                0x00000228       0x20 c:/altera/11.0/nios2eds/bin/gnu/h-i686-mingw32/bin/../lib/gcc/nios2-elf/4.1.2/../../../../nios2-elf/lib\libsmallc.a(lib_a-__call_atexit.o)
 .debug_aranges
                0x00000248       0x20 c:/altera/11.0/nios2eds/bin/gnu/h-i686-mingw32/bin/../lib/gcc/nios2-elf/4.1.2\libgcc.a(lib2-divmod.o)
 .debug_aranges
                0x00000268       0x20 ../nios2processor_bsp/\libhal_bsp.a(alt_exit.o)

.debug_pubnames
                0x00000000      0x397
 *(.debug_pubnames)
 .debug_pubnames
                0x00000000       0x35 obj/main.o
 .debug_pubnames
                0x00000035       0x1f ../nios2processor_bsp/\libhal_bsp.a(alt_load.o)
 .debug_pubnames
                0x00000054       0x46 ../nios2processor_bsp/\libhal_bsp.a(alt_main.o)
 .debug_pubnames
                0x0000009a       0x1d ../nios2processor_bsp/\libhal_bsp.a(alt_usleep.o)
 .debug_pubnames
                0x000000b7       0x42 ../nios2processor_bsp/\libhal_bsp.a(alt_sys_init.o)
 .debug_pubnames
                0x000000f9       0x25 ../nios2processor_bsp/\libhal_bsp.a(alt_busy_sleep.o)
 .debug_pubnames
                0x0000011e       0x1c ../nios2processor_bsp/\libhal_bsp.a(alt_close.o)
 .debug_pubnames
                0x0000013a       0x2b ../nios2processor_bsp/\libhal_bsp.a(alt_dcache_flush_all.o)
 .debug_pubnames
                0x00000165       0x20 ../nios2processor_bsp/\libhal_bsp.a(alt_do_ctors.o)
 .debug_pubnames
                0x00000185       0x20 ../nios2processor_bsp/\libhal_bsp.a(alt_do_dtors.o)
 .debug_pubnames
                0x000001a5       0x20 ../nios2processor_bsp/\libhal_bsp.a(alt_errno.o)
 .debug_pubnames
                0x000001c5       0x2b ../nios2processor_bsp/\libhal_bsp.a(alt_icache_flush_all.o)
 .debug_pubnames
                0x000001f0       0x31 ../nios2processor_bsp/\libhal_bsp.a(altera_nios2_qsys_irq.o)
 .debug_pubnames
                0x00000221       0x27 ../nios2processor_bsp/\libhal_bsp.a(alt_icache_flush.o)
 .debug_pubnames
                0x00000248       0x2a c:/altera/11.0/nios2eds/bin/gnu/h-i686-mingw32/bin/../lib/gcc/nios2-elf/4.1.2/../../../../nios2-elf/lib\libsmallc.a(lib_a-atexit.o)
 .debug_pubnames
                0x00000272       0x1b c:/altera/11.0/nios2eds/bin/gnu/h-i686-mingw32/bin/../lib/gcc/nios2-elf/4.1.2/../../../../nios2-elf/lib\libsmallc.a(lib_a-exit.o)
 .debug_pubnames
                0x0000028d       0x1c c:/altera/11.0/nios2eds/bin/gnu/h-i686-mingw32/bin/../lib/gcc/nios2-elf/4.1.2/../../../../nios2-elf/lib\libsmallc.a(lib_a-int_errno.o)
 .debug_pubnames
                0x000002a9       0x2a c:/altera/11.0/nios2eds/bin/gnu/h-i686-mingw32/bin/../lib/gcc/nios2-elf/4.1.2/../../../../nios2-elf/lib\libsmallc.a(lib_a-__atexit.o)
 .debug_pubnames
                0x000002d3       0x27 c:/altera/11.0/nios2eds/bin/gnu/h-i686-mingw32/bin/../lib/gcc/nios2-elf/4.1.2/../../../../nios2-elf/lib\libsmallc.a(lib_a-__call_atexit.o)
 .debug_pubnames
                0x000002fa       0x39 c:/altera/11.0/nios2eds/bin/gnu/h-i686-mingw32/bin/../lib/gcc/nios2-elf/4.1.2/../../../../nios2-elf/lib\libsmallc.a(lib_a-impure.o)
 .debug_pubnames
                0x00000333       0x48 c:/altera/11.0/nios2eds/bin/gnu/h-i686-mingw32/bin/../lib/gcc/nios2-elf/4.1.2\libgcc.a(lib2-divmod.o)
 .debug_pubnames
                0x0000037b       0x1c ../nios2processor_bsp/\libhal_bsp.a(alt_exit.o)

.debug_info     0x00000000     0x31f3
 *(.debug_info .gnu.linkonce.wi.*)
 .debug_info    0x00000000       0x65 ../nios2processor_bsp//obj/HAL/src/crt0.o
 .debug_info    0x00000065      0x1cc obj/main.o
 .debug_info    0x00000231      0x277 ../nios2processor_bsp/\libhal_bsp.a(alt_load.o)
 .debug_info    0x000004a8      0x256 ../nios2processor_bsp/\libhal_bsp.a(alt_main.o)
 .debug_info    0x000006fe      0x152 ../nios2processor_bsp/\libhal_bsp.a(alt_usleep.o)
 .debug_info    0x00000850      0x2e5 ../nios2processor_bsp/\libhal_bsp.a(alt_sys_init.o)
 .debug_info    0x00000b35      0x195 ../nios2processor_bsp/\libhal_bsp.a(alt_busy_sleep.o)
 .debug_info    0x00000cca      0x200 ../nios2processor_bsp/\libhal_bsp.a(alt_close.o)
 .debug_info    0x00000eca      0x159 ../nios2processor_bsp/\libhal_bsp.a(alt_dcache_flush_all.o)
 .debug_info    0x00001023       0xf9 ../nios2processor_bsp/\libhal_bsp.a(alt_do_ctors.o)
 .debug_info    0x0000111c       0xf8 ../nios2processor_bsp/\libhal_bsp.a(alt_do_dtors.o)
 .debug_info    0x00001214      0x14e ../nios2processor_bsp/\libhal_bsp.a(alt_errno.o)
 .debug_info    0x00001362      0x146 ../nios2processor_bsp/\libhal_bsp.a(alt_icache_flush_all.o)
 .debug_info    0x000014a8      0x194 ../nios2processor_bsp/\libhal_bsp.a(altera_nios2_qsys_irq.o)
 .debug_info    0x0000163c      0x18e ../nios2processor_bsp/\libhal_bsp.a(alt_icache_flush.o)
 .debug_info    0x000017ca      0x186 c:/altera/11.0/nios2eds/bin/gnu/h-i686-mingw32/bin/../lib/gcc/nios2-elf/4.1.2/../../../../nios2-elf/lib\libsmallc.a(lib_a-atexit.o)
 .debug_info    0x00001950       0x9f c:/altera/11.0/nios2eds/bin/gnu/h-i686-mingw32/bin/../lib/gcc/nios2-elf/4.1.2/../../../../nios2-elf/lib\libsmallc.a(lib_a-exit.o)
 .debug_info    0x000019ef       0x8c c:/altera/11.0/nios2eds/bin/gnu/h-i686-mingw32/bin/../lib/gcc/nios2-elf/4.1.2/../../../../nios2-elf/lib\libsmallc.a(lib_a-int_errno.o)
 .debug_info    0x00001a7b      0x68f c:/altera/11.0/nios2eds/bin/gnu/h-i686-mingw32/bin/../lib/gcc/nios2-elf/4.1.2/../../../../nios2-elf/lib\libsmallc.a(lib_a-__atexit.o)
 .debug_info    0x0000210a      0x6d5 c:/altera/11.0/nios2eds/bin/gnu/h-i686-mingw32/bin/../lib/gcc/nios2-elf/4.1.2/../../../../nios2-elf/lib\libsmallc.a(lib_a-__call_atexit.o)
 .debug_info    0x000027df      0x636 c:/altera/11.0/nios2eds/bin/gnu/h-i686-mingw32/bin/../lib/gcc/nios2-elf/4.1.2/../../../../nios2-elf/lib\libsmallc.a(lib_a-impure.o)
 .debug_info    0x00002e15      0x21c c:/altera/11.0/nios2eds/bin/gnu/h-i686-mingw32/bin/../lib/gcc/nios2-elf/4.1.2\libgcc.a(lib2-divmod.o)
 .debug_info    0x00003031      0x1c2 ../nios2processor_bsp/\libhal_bsp.a(alt_exit.o)

.debug_abbrev   0x00000000      0xe77
 *(.debug_abbrev)
 .debug_abbrev  0x00000000       0x12 ../nios2processor_bsp//obj/HAL/src/crt0.o
 .debug_abbrev  0x00000012       0x9d obj/main.o
 .debug_abbrev  0x000000af       0x88 ../nios2processor_bsp/\libhal_bsp.a(alt_load.o)
 .debug_abbrev  0x00000137       0xbe ../nios2processor_bsp/\libhal_bsp.a(alt_main.o)
 .debug_abbrev  0x000001f5       0x5d ../nios2processor_bsp/\libhal_bsp.a(alt_usleep.o)
 .debug_abbrev  0x00000252       0xe3 ../nios2processor_bsp/\libhal_bsp.a(alt_sys_init.o)
 .debug_abbrev  0x00000335       0x6c ../nios2processor_bsp/\libhal_bsp.a(alt_busy_sleep.o)
 .debug_abbrev  0x000003a1       0xb5 ../nios2processor_bsp/\libhal_bsp.a(alt_close.o)
 .debug_abbrev  0x00000456       0x57 ../nios2processor_bsp/\libhal_bsp.a(alt_dcache_flush_all.o)
 .debug_abbrev  0x000004ad       0x76 ../nios2processor_bsp/\libhal_bsp.a(alt_do_ctors.o)
 .debug_abbrev  0x00000523       0x76 ../nios2processor_bsp/\libhal_bsp.a(alt_do_dtors.o)
 .debug_abbrev  0x00000599       0x5e ../nios2processor_bsp/\libhal_bsp.a(alt_errno.o)
 .debug_abbrev  0x000005f7       0x3f ../nios2processor_bsp/\libhal_bsp.a(alt_icache_flush_all.o)
 .debug_abbrev  0x00000636       0x64 ../nios2processor_bsp/\libhal_bsp.a(altera_nios2_qsys_irq.o)
 .debug_abbrev  0x0000069a       0x7a ../nios2processor_bsp/\libhal_bsp.a(alt_icache_flush.o)
 .debug_abbrev  0x00000714       0xc6 c:/altera/11.0/nios2eds/bin/gnu/h-i686-mingw32/bin/../lib/gcc/nios2-elf/4.1.2/../../../../nios2-elf/lib\libsmallc.a(lib_a-atexit.o)
 .debug_abbrev  0x000007da       0x4e c:/altera/11.0/nios2eds/bin/gnu/h-i686-mingw32/bin/../lib/gcc/nios2-elf/4.1.2/../../../../nios2-elf/lib\libsmallc.a(lib_a-exit.o)
 .debug_abbrev  0x00000828       0x3b c:/altera/11.0/nios2eds/bin/gnu/h-i686-mingw32/bin/../lib/gcc/nios2-elf/4.1.2/../../../../nios2-elf/lib\libsmallc.a(lib_a-int_errno.o)
 .debug_abbrev  0x00000863      0x196 c:/altera/11.0/nios2eds/bin/gnu/h-i686-mingw32/bin/../lib/gcc/nios2-elf/4.1.2/../../../../nios2-elf/lib\libsmallc.a(lib_a-__atexit.o)
 .debug_abbrev  0x000009f9      0x1c6 c:/altera/11.0/nios2eds/bin/gnu/h-i686-mingw32/bin/../lib/gcc/nios2-elf/4.1.2/../../../../nios2-elf/lib\libsmallc.a(lib_a-__call_atexit.o)
 .debug_abbrev  0x00000bbf      0x13f c:/altera/11.0/nios2eds/bin/gnu/h-i686-mingw32/bin/../lib/gcc/nios2-elf/4.1.2/../../../../nios2-elf/lib\libsmallc.a(lib_a-impure.o)
 .debug_abbrev  0x00000cfe       0xe0 c:/altera/11.0/nios2eds/bin/gnu/h-i686-mingw32/bin/../lib/gcc/nios2-elf/4.1.2\libgcc.a(lib2-divmod.o)
 .debug_abbrev  0x00000dde       0x99 ../nios2processor_bsp/\libhal_bsp.a(alt_exit.o)

.debug_line     0x00000000     0x2f20
 *(.debug_line)
 .debug_line    0x00000000       0x72 ../nios2processor_bsp//obj/HAL/src/crt0.o
 .debug_line    0x00000072      0x343 obj/main.o
 .debug_line    0x000003b5      0x211 ../nios2processor_bsp/\libhal_bsp.a(alt_load.o)
 .debug_line    0x000005c6      0x2d0 ../nios2processor_bsp/\libhal_bsp.a(alt_main.o)
 .debug_line    0x00000896      0x1f9 ../nios2processor_bsp/\libhal_bsp.a(alt_usleep.o)
 .debug_line    0x00000a8f      0x2d2 ../nios2processor_bsp/\libhal_bsp.a(alt_sys_init.o)
 .debug_line    0x00000d61      0x253 ../nios2processor_bsp/\libhal_bsp.a(alt_busy_sleep.o)
 .debug_line    0x00000fb4      0x259 ../nios2processor_bsp/\libhal_bsp.a(alt_close.o)
 .debug_line    0x0000120d      0x1c7 ../nios2processor_bsp/\libhal_bsp.a(alt_dcache_flush_all.o)
 .debug_line    0x000013d4       0x83 ../nios2processor_bsp/\libhal_bsp.a(alt_do_ctors.o)
 .debug_line    0x00001457       0x83 ../nios2processor_bsp/\libhal_bsp.a(alt_do_dtors.o)
 .debug_line    0x000014da      0x1a4 ../nios2processor_bsp/\libhal_bsp.a(alt_errno.o)
 .debug_line    0x0000167e      0x1b7 ../nios2processor_bsp/\libhal_bsp.a(alt_icache_flush_all.o)
 .debug_line    0x00001835      0x1e1 ../nios2processor_bsp/\libhal_bsp.a(altera_nios2_qsys_irq.o)
 .debug_line    0x00001a16      0x1f3 ../nios2processor_bsp/\libhal_bsp.a(alt_icache_flush.o)
 .debug_line    0x00001c09      0x1fa c:/altera/11.0/nios2eds/bin/gnu/h-i686-mingw32/bin/../lib/gcc/nios2-elf/4.1.2/../../../../nios2-elf/lib\libsmallc.a(lib_a-atexit.o)
 .debug_line    0x00001e03      0x21a c:/altera/11.0/nios2eds/bin/gnu/h-i686-mingw32/bin/../lib/gcc/nios2-elf/4.1.2/../../../../nios2-elf/lib\libsmallc.a(lib_a-exit.o)
 .debug_line    0x0000201d      0x1d9 c:/altera/11.0/nios2eds/bin/gnu/h-i686-mingw32/bin/../lib/gcc/nios2-elf/4.1.2/../../../../nios2-elf/lib\libsmallc.a(lib_a-int_errno.o)
 .debug_line    0x000021f6      0x347 c:/altera/11.0/nios2eds/bin/gnu/h-i686-mingw32/bin/../lib/gcc/nios2-elf/4.1.2/../../../../nios2-elf/lib\libsmallc.a(lib_a-__atexit.o)
 .debug_line    0x0000253d      0x357 c:/altera/11.0/nios2eds/bin/gnu/h-i686-mingw32/bin/../lib/gcc/nios2-elf/4.1.2/../../../../nios2-elf/lib\libsmallc.a(lib_a-__call_atexit.o)
 .debug_line    0x00002894      0x224 c:/altera/11.0/nios2eds/bin/gnu/h-i686-mingw32/bin/../lib/gcc/nios2-elf/4.1.2/../../../../nios2-elf/lib\libsmallc.a(lib_a-impure.o)
 .debug_line    0x00002ab8      0x24f c:/altera/11.0/nios2eds/bin/gnu/h-i686-mingw32/bin/../lib/gcc/nios2-elf/4.1.2\libgcc.a(lib2-divmod.o)
 .debug_line    0x00002d07      0x219 ../nios2processor_bsp/\libhal_bsp.a(alt_exit.o)

.debug_frame    0x00000000      0x44c
 *(.debug_frame)
 .debug_frame   0x00000000       0x64 obj/main.o
 .debug_frame   0x00000064       0x48 ../nios2processor_bsp/\libhal_bsp.a(alt_load.o)
 .debug_frame   0x000000ac       0x2c ../nios2processor_bsp/\libhal_bsp.a(alt_main.o)
 .debug_frame   0x000000d8       0x2c ../nios2processor_bsp/\libhal_bsp.a(alt_usleep.o)
 .debug_frame   0x00000104       0x48 ../nios2processor_bsp/\libhal_bsp.a(alt_sys_init.o)
 .debug_frame   0x0000014c       0x2c ../nios2processor_bsp/\libhal_bsp.a(alt_busy_sleep.o)
 .debug_frame   0x00000178       0x48 ../nios2processor_bsp/\libhal_bsp.a(alt_close.o)
 .debug_frame   0x000001c0       0x2c ../nios2processor_bsp/\libhal_bsp.a(alt_dcache_flush_all.o)
 .debug_frame   0x000001ec       0x2c ../nios2processor_bsp/\libhal_bsp.a(alt_do_ctors.o)
 .debug_frame   0x00000218       0x2c ../nios2processor_bsp/\libhal_bsp.a(alt_do_dtors.o)
 .debug_frame   0x00000244       0x2c ../nios2processor_bsp/\libhal_bsp.a(alt_icache_flush_all.o)
 .debug_frame   0x00000270       0x2c ../nios2processor_bsp/\libhal_bsp.a(altera_nios2_qsys_irq.o)
 .debug_frame   0x0000029c       0x2c ../nios2processor_bsp/\libhal_bsp.a(alt_icache_flush.o)
 .debug_frame   0x000002c8       0x20 c:/altera/11.0/nios2eds/bin/gnu/h-i686-mingw32/bin/../lib/gcc/nios2-elf/4.1.2/../../../../nios2-elf/lib\libsmallc.a(lib_a-atexit.o)
 .debug_frame   0x000002e8       0x2c c:/altera/11.0/nios2eds/bin/gnu/h-i686-mingw32/bin/../lib/gcc/nios2-elf/4.1.2/../../../../nios2-elf/lib\libsmallc.a(lib_a-exit.o)
 .debug_frame   0x00000314       0x34 c:/altera/11.0/nios2eds/bin/gnu/h-i686-mingw32/bin/../lib/gcc/nios2-elf/4.1.2/../../../../nios2-elf/lib\libsmallc.a(lib_a-__atexit.o)
 .debug_frame   0x00000348       0x4c c:/altera/11.0/nios2eds/bin/gnu/h-i686-mingw32/bin/../lib/gcc/nios2-elf/4.1.2/../../../../nios2-elf/lib\libsmallc.a(lib_a-__call_atexit.o)
 .debug_frame   0x00000394       0x70 c:/altera/11.0/nios2eds/bin/gnu/h-i686-mingw32/bin/../lib/gcc/nios2-elf/4.1.2\libgcc.a(lib2-divmod.o)
 .debug_frame   0x00000404       0x48 ../nios2processor_bsp/\libhal_bsp.a(alt_exit.o)

.debug_str      0x00000000      0x801
 *(.debug_str)
 .debug_str     0x00000000       0x12 obj/main.o
 .debug_str     0x00000012       0x12 ../nios2processor_bsp/\libhal_bsp.a(alt_load.o)
 .debug_str     0x00000024       0x12 ../nios2processor_bsp/\libhal_bsp.a(alt_main.o)
 .debug_str     0x00000036       0x12 ../nios2processor_bsp/\libhal_bsp.a(alt_usleep.o)
 .debug_str     0x00000048       0x12 ../nios2processor_bsp/\libhal_bsp.a(alt_sys_init.o)
 .debug_str     0x0000005a       0x12 ../nios2processor_bsp/\libhal_bsp.a(alt_busy_sleep.o)
 .debug_str     0x0000006c       0x12 ../nios2processor_bsp/\libhal_bsp.a(alt_close.o)
 .debug_str     0x0000007e       0x12 ../nios2processor_bsp/\libhal_bsp.a(alt_dcache_flush_all.o)
 .debug_str     0x00000090       0x12 ../nios2processor_bsp/\libhal_bsp.a(alt_errno.o)
 .debug_str     0x000000a2       0x12 ../nios2processor_bsp/\libhal_bsp.a(alt_icache_flush_all.o)
 .debug_str     0x000000b4       0x12 ../nios2processor_bsp/\libhal_bsp.a(altera_nios2_qsys_irq.o)
 .debug_str     0x000000c6       0x12 ../nios2processor_bsp/\libhal_bsp.a(alt_icache_flush.o)
 .debug_str     0x000000d8      0x18e c:/altera/11.0/nios2eds/bin/gnu/h-i686-mingw32/bin/../lib/gcc/nios2-elf/4.1.2/../../../../nios2-elf/lib\libsmallc.a(lib_a-atexit.o)
                                0x1d4 (size before relaxing)
 .debug_str     0x00000266       0x3e c:/altera/11.0/nios2eds/bin/gnu/h-i686-mingw32/bin/../lib/gcc/nios2-elf/4.1.2/../../../../nios2-elf/lib\libsmallc.a(lib_a-exit.o)
                                0x167 (size before relaxing)
 .debug_str     0x000002a4       0xcb c:/altera/11.0/nios2eds/bin/gnu/h-i686-mingw32/bin/../lib/gcc/nios2-elf/4.1.2/../../../../nios2-elf/lib\libsmallc.a(lib_a-int_errno.o)
                                0x166 (size before relaxing)
 .debug_str     0x0000036f      0x2ad c:/altera/11.0/nios2eds/bin/gnu/h-i686-mingw32/bin/../lib/gcc/nios2-elf/4.1.2/../../../../nios2-elf/lib\libsmallc.a(lib_a-__atexit.o)
                                0x456 (size before relaxing)
 .debug_str     0x0000061c       0x7b c:/altera/11.0/nios2eds/bin/gnu/h-i686-mingw32/bin/../lib/gcc/nios2-elf/4.1.2/../../../../nios2-elf/lib\libsmallc.a(lib_a-__call_atexit.o)
                                0x480 (size before relaxing)
 .debug_str     0x00000697       0x46 c:/altera/11.0/nios2eds/bin/gnu/h-i686-mingw32/bin/../lib/gcc/nios2-elf/4.1.2/../../../../nios2-elf/lib\libsmallc.a(lib_a-impure.o)
                                0x44c (size before relaxing)
 .debug_str     0x000006dd      0x108 c:/altera/11.0/nios2eds/bin/gnu/h-i686-mingw32/bin/../lib/gcc/nios2-elf/4.1.2\libgcc.a(lib2-divmod.o)
                                0x1b1 (size before relaxing)
 .debug_str     0x000007e5       0x1c ../nios2processor_bsp/\libhal_bsp.a(alt_exit.o)

.debug_loc      0x00000000      0x88b
 *(.debug_loc)
 .debug_loc     0x00000000       0x81 obj/main.o
 .debug_loc     0x00000081       0x56 ../nios2processor_bsp/\libhal_bsp.a(alt_load.o)
 .debug_loc     0x000000d7       0x2b ../nios2processor_bsp/\libhal_bsp.a(alt_main.o)
 .debug_loc     0x00000102       0x2b ../nios2processor_bsp/\libhal_bsp.a(alt_usleep.o)
 .debug_loc     0x0000012d       0x56 ../nios2processor_bsp/\libhal_bsp.a(alt_sys_init.o)
 .debug_loc     0x00000183       0x2b ../nios2processor_bsp/\libhal_bsp.a(alt_busy_sleep.o)
 .debug_loc     0x000001ae       0x56 ../nios2processor_bsp/\libhal_bsp.a(alt_close.o)
 .debug_loc     0x00000204       0x2b ../nios2processor_bsp/\libhal_bsp.a(alt_dcache_flush_all.o)
 .debug_loc     0x0000022f       0x2b ../nios2processor_bsp/\libhal_bsp.a(alt_do_ctors.o)
 .debug_loc     0x0000025a       0x2b ../nios2processor_bsp/\libhal_bsp.a(alt_do_dtors.o)
 .debug_loc     0x00000285       0x2b ../nios2processor_bsp/\libhal_bsp.a(alt_icache_flush_all.o)
 .debug_loc     0x000002b0       0x2b ../nios2processor_bsp/\libhal_bsp.a(altera_nios2_qsys_irq.o)
 .debug_loc     0x000002db       0x2b ../nios2processor_bsp/\libhal_bsp.a(alt_icache_flush.o)
 .debug_loc     0x00000306       0x1e c:/altera/11.0/nios2eds/bin/gnu/h-i686-mingw32/bin/../lib/gcc/nios2-elf/4.1.2/../../../../nios2-elf/lib\libsmallc.a(lib_a-atexit.o)
 .debug_loc     0x00000324       0x3d c:/altera/11.0/nios2eds/bin/gnu/h-i686-mingw32/bin/../lib/gcc/nios2-elf/4.1.2/../../../../nios2-elf/lib\libsmallc.a(lib_a-exit.o)
 .debug_loc     0x00000361      0x141 c:/altera/11.0/nios2eds/bin/gnu/h-i686-mingw32/bin/../lib/gcc/nios2-elf/4.1.2/../../../../nios2-elf/lib\libsmallc.a(lib_a-__atexit.o)
 .debug_loc     0x000004a2      0x1c1 c:/altera/11.0/nios2eds/bin/gnu/h-i686-mingw32/bin/../lib/gcc/nios2-elf/4.1.2/../../../../nios2-elf/lib\libsmallc.a(lib_a-__call_atexit.o)
 .debug_loc     0x00000663      0x1d2 c:/altera/11.0/nios2eds/bin/gnu/h-i686-mingw32/bin/../lib/gcc/nios2-elf/4.1.2\libgcc.a(lib2-divmod.o)
 .debug_loc     0x00000835       0x56 ../nios2processor_bsp/\libhal_bsp.a(alt_exit.o)

.debug_macinfo
 *(.debug_macinfo)

.debug_weaknames
 *(.debug_weaknames)

.debug_funcnames
 *(.debug_funcnames)

.debug_typenames
 *(.debug_typenames)

.debug_varnames
 *(.debug_varnames)

.debug_alt_sim_info
                0x00000000       0x60
 *(.debug_alt_sim_info)
 .debug_alt_sim_info
                0x00000000       0x30 ../nios2processor_bsp//obj/HAL/src/crt0.o
 .debug_alt_sim_info
                0x00000030       0x30 ../nios2processor_bsp/\libhal_bsp.a(alt_busy_sleep.o)
                0x00004000                __alt_data_end = 0x4000
                0x00004000                PROVIDE (__alt_stack_pointer, __alt_data_end)
                0x00003064                PROVIDE (__alt_stack_limit, __alt_stack_base)
                0x00003064                PROVIDE (__alt_heap_start, end)
                0x00004000                PROVIDE (__alt_heap_limit, 0x4000)
OUTPUT(nios2processor_app.elf elf32-littlenios2)

.debug_ranges   0x00000000       0x38
 .debug_ranges  0x00000000       0x20 ../nios2processor_bsp//obj/HAL/src/crt0.o
 .debug_ranges  0x00000020       0x18 c:/altera/11.0/nios2eds/bin/gnu/h-i686-mingw32/bin/../lib/gcc/nios2-elf/4.1.2/../../../../nios2-elf/lib\libsmallc.a(lib_a-__call_atexit.o)
