Archive member included because of file (symbol)

c:/altera/11.0/nios2eds/bin/gnu/h-i686-mingw32/bin/../lib/gcc/nios2-elf/4.1.2/mno-hw-mul\libgcc.a(lib2-divmod.o)
                              obj/drawing.o (__umodsi3)
c:/altera/11.0/nios2eds/bin/gnu/h-i686-mingw32/bin/../lib/gcc/nios2-elf/4.1.2/mno-hw-mul\libgcc.a(lib2-mul.o)
                              obj/drawing.o (__mulsi3)
c:/altera/11.0/nios2eds/bin/gnu/h-i686-mingw32/bin/../lib/gcc/nios2-elf/4.1.2/../../../../nios2-elf/lib/mno-hw-mul\libc.a(lib_a-printf.o)
                              obj/drawing.o (printf)
c:/altera/11.0/nios2eds/bin/gnu/h-i686-mingw32/bin/../lib/gcc/nios2-elf/4.1.2/../../../../nios2-elf/lib/mno-hw-mul\libc.a(lib_a-puts.o)
                              obj/drawing.o (puts)
c:/altera/11.0/nios2eds/bin/gnu/h-i686-mingw32/bin/../lib/gcc/nios2-elf/4.1.2/../../../../nios2-elf/lib/mno-hw-mul\libc.a(lib_a-strlen.o)
                              c:/altera/11.0/nios2eds/bin/gnu/h-i686-mingw32/bin/../lib/gcc/nios2-elf/4.1.2/../../../../nios2-elf/lib/mno-hw-mul\libc.a(lib_a-puts.o) (strlen)
c:/altera/11.0/nios2eds/bin/gnu/h-i686-mingw32/bin/../lib/gcc/nios2-elf/4.1.2/../../../../nios2-elf/lib/mno-hw-mul\libc.a(lib_a-vfprintf.o)
                              c:/altera/11.0/nios2eds/bin/gnu/h-i686-mingw32/bin/../lib/gcc/nios2-elf/4.1.2/../../../../nios2-elf/lib/mno-hw-mul\libc.a(lib_a-printf.o) (___vfprintf_internal_r)
c:/altera/11.0/nios2eds/bin/gnu/h-i686-mingw32/bin/../lib/gcc/nios2-elf/4.1.2/../../../../nios2-elf/lib/mno-hw-mul\libc.a(lib_a-wsetup.o)
                              c:/altera/11.0/nios2eds/bin/gnu/h-i686-mingw32/bin/../lib/gcc/nios2-elf/4.1.2/../../../../nios2-elf/lib/mno-hw-mul\libc.a(lib_a-vfprintf.o) (__swsetup_r)
c:/altera/11.0/nios2eds/bin/gnu/h-i686-mingw32/bin/../lib/gcc/nios2-elf/4.1.2/../../../../nios2-elf/lib/mno-hw-mul\libc.a(lib_a-dtoa.o)
                              c:/altera/11.0/nios2eds/bin/gnu/h-i686-mingw32/bin/../lib/gcc/nios2-elf/4.1.2/../../../../nios2-elf/lib/mno-hw-mul\libc.a(lib_a-vfprintf.o) (_dtoa_r)
c:/altera/11.0/nios2eds/bin/gnu/h-i686-mingw32/bin/../lib/gcc/nios2-elf/4.1.2/../../../../nios2-elf/lib/mno-hw-mul\libc.a(lib_a-fflush.o)
                              c:/altera/11.0/nios2eds/bin/gnu/h-i686-mingw32/bin/../lib/gcc/nios2-elf/4.1.2/../../../../nios2-elf/lib/mno-hw-mul\libc.a(lib_a-vfprintf.o) (_fflush_r)
c:/altera/11.0/nios2eds/bin/gnu/h-i686-mingw32/bin/../lib/gcc/nios2-elf/4.1.2/../../../../nios2-elf/lib/mno-hw-mul\libc.a(lib_a-findfp.o)
                              c:/altera/11.0/nios2eds/bin/gnu/h-i686-mingw32/bin/../lib/gcc/nios2-elf/4.1.2/../../../../nios2-elf/lib/mno-hw-mul\libc.a(lib_a-vfprintf.o) (__sinit)
c:/altera/11.0/nios2eds/bin/gnu/h-i686-mingw32/bin/../lib/gcc/nios2-elf/4.1.2/../../../../nios2-elf/lib/mno-hw-mul\libc.a(lib_a-freer.o)
                              c:/altera/11.0/nios2eds/bin/gnu/h-i686-mingw32/bin/../lib/gcc/nios2-elf/4.1.2/../../../../nios2-elf/lib/mno-hw-mul\libc.a(lib_a-wsetup.o) (_free_r)
c:/altera/11.0/nios2eds/bin/gnu/h-i686-mingw32/bin/../lib/gcc/nios2-elf/4.1.2/../../../../nios2-elf/lib/mno-hw-mul\libc.a(lib_a-fvwrite.o)
                              c:/altera/11.0/nios2eds/bin/gnu/h-i686-mingw32/bin/../lib/gcc/nios2-elf/4.1.2/../../../../nios2-elf/lib/mno-hw-mul\libc.a(lib_a-puts.o) (__sfvwrite_r)
c:/altera/11.0/nios2eds/bin/gnu/h-i686-mingw32/bin/../lib/gcc/nios2-elf/4.1.2/../../../../nios2-elf/lib/mno-hw-mul\libc.a(lib_a-fwalk.o)
                              c:/altera/11.0/nios2eds/bin/gnu/h-i686-mingw32/bin/../lib/gcc/nios2-elf/4.1.2/../../../../nios2-elf/lib/mno-hw-mul\libc.a(lib_a-fflush.o) (_fwalk_reent)
c:/altera/11.0/nios2eds/bin/gnu/h-i686-mingw32/bin/../lib/gcc/nios2-elf/4.1.2/../../../../nios2-elf/lib/mno-hw-mul\libc.a(lib_a-impure.o)
                              c:/altera/11.0/nios2eds/bin/gnu/h-i686-mingw32/bin/../lib/gcc/nios2-elf/4.1.2/../../../../nios2-elf/lib/mno-hw-mul\libc.a(lib_a-printf.o) (_impure_ptr)
c:/altera/11.0/nios2eds/bin/gnu/h-i686-mingw32/bin/../lib/gcc/nios2-elf/4.1.2/../../../../nios2-elf/lib/mno-hw-mul\libc.a(lib_a-locale.o)
                              c:/altera/11.0/nios2eds/bin/gnu/h-i686-mingw32/bin/../lib/gcc/nios2-elf/4.1.2/../../../../nios2-elf/lib/mno-hw-mul\libc.a(lib_a-vfprintf.o) (_localeconv_r)
c:/altera/11.0/nios2eds/bin/gnu/h-i686-mingw32/bin/../lib/gcc/nios2-elf/4.1.2/../../../../nios2-elf/lib/mno-hw-mul\libc.a(lib_a-makebuf.o)
                              c:/altera/11.0/nios2eds/bin/gnu/h-i686-mingw32/bin/../lib/gcc/nios2-elf/4.1.2/../../../../nios2-elf/lib/mno-hw-mul\libc.a(lib_a-wsetup.o) (__smakebuf_r)
c:/altera/11.0/nios2eds/bin/gnu/h-i686-mingw32/bin/../lib/gcc/nios2-elf/4.1.2/../../../../nios2-elf/lib/mno-hw-mul\libc.a(lib_a-mallocr.o)
                              c:/altera/11.0/nios2eds/bin/gnu/h-i686-mingw32/bin/../lib/gcc/nios2-elf/4.1.2/../../../../nios2-elf/lib/mno-hw-mul\libc.a(lib_a-findfp.o) (_malloc_r)
[...]
Memory Configuration

Name             Origin             Length             Attributes
reset            0x00280000         0x00000020
Onchip_Memory    0x00280020         0x00061a60
*default*        0x00000000         0xffffffff

Linker script and memory map

LOAD ../legit_BSP//obj/HAL/src/crt0.o
LOAD obj/drawing.o
LOAD obj/interrupts.o
LOAD obj/main.o
LOAD c:/altera/11.0/nios2eds/bin/gnu/h-i686-mingw32/bin/../lib/gcc/nios2-elf/4.1.2/../../../../nios2-elf/lib/mno-hw-mul\libstdc++.a
LOAD c:/altera/11.0/nios2eds/bin/gnu/h-i686-mingw32/bin/../lib/gcc/nios2-elf/4.1.2/../../../../nios2-elf/lib/mno-hw-mul\libm.a
LOAD c:/altera/11.0/nios2eds/bin/gnu/h-i686-mingw32/bin/../lib/gcc/nios2-elf/4.1.2/mno-hw-mul\libgcc.a
START GROUP
LOAD c:/altera/11.0/nios2eds/bin/gnu/h-i686-mingw32/bin/../lib/gcc/nios2-elf/4.1.2/../../../../nios2-elf/lib/mno-hw-mul\libc.a
LOAD c:/altera/11.0/nios2eds/bin/gnu/h-i686-mingw32/bin/../lib/gcc/nios2-elf/4.1.2/mno-hw-mul\libgcc.a
LOAD ../legit_BSP/\libhal_bsp.a
END GROUP
LOAD c:/altera/11.0/nios2eds/bin/gnu/h-i686-mingw32/bin/../lib/gcc/nios2-elf/4.1.2/mno-hw-mul\libgcc.a
                0x00280000                __alt_mem_Onchip_Memory = 0x280000

.entry          0x00280000       0x20
 *(.entry)
 .entry         0x00280000       0x20 ../legit_BSP//obj/HAL/src/crt0.o
                0x00280000                __reset

.exceptions     0x00280020      0x194
                0x00280020                PROVIDE (__ram_exceptions_start, ABSOLUTE (.))
                0x00280020                . = ALIGN (0x20)
 *(.irq)
 *(.exceptions.entry.label)
 .exceptions.entry.label
                0x00280020        0x0 ../legit_BSP/\libhal_bsp.a(alt_irq_entry.o)
                0x00280020                alt_irq_entry
 .exceptions.entry.label
                0x00280020        0x0 ../legit_BSP/\libhal_bsp.a(alt_exception_entry.o)
                0x00280020                alt_exception
 *(.exceptions.entry.user)
 *(.exceptions.entry)
 .exceptions.entry
                0x00280020       0x54 ../legit_BSP/\libhal_bsp.a(alt_exception_entry.o)
 *(.exceptions.irqtest.user)
 *(.exceptions.irqtest)
 .exceptions.irqtest
                0x00280074       0x10 ../legit_BSP/\libhal_bsp.a(alt_irq_entry.o)
 *(.exceptions.irqhandler.user)
 *(.exceptions.irqhandler)
 .exceptions.irqhandler
                0x00280084        0x4 ../legit_BSP/\libhal_bsp.a(alt_irq_entry.o)
 *(.exceptions.irqreturn.user)
 *(.exceptions.irqreturn)
 .exceptions.irqreturn
                0x00280088        0x4 ../legit_BSP/\libhal_bsp.a(alt_irq_entry.o)
 *(.exceptions.notirq.label)
 .exceptions.notirq.label
                0x0028008c        0x0 ../legit_BSP/\libhal_bsp.a(alt_irq_entry.o)
 *(.exceptions.notirq.user)
 *(.exceptions.notirq)
 .exceptions.notirq
                0x0028008c        0x8 ../legit_BSP/\libhal_bsp.a(alt_exception_entry.o)
 *(.exceptions.soft.user)
 *(.exceptions.soft)
 *(.exceptions.unknown.user)
 *(.exceptions.unknown)
 .exceptions.unknown
                0x00280094        0x4 ../legit_BSP/\libhal_bsp.a(alt_exception_entry.o)
 *(.exceptions.exit.label)
 .exceptions.exit.label
                0x00280098        0x0 ../legit_BSP/\libhal_bsp.a(alt_irq_entry.o)
 .exceptions.exit.label
                0x00280098        0x0 ../legit_BSP/\libhal_bsp.a(alt_exception_entry.o)
 *(.exceptions.exit.user)
 *(.exceptions.exit)
 .exceptions.exit
                0x00280098       0x54 ../legit_BSP/\libhal_bsp.a(alt_exception_entry.o)
 *(.exceptions)
 .exceptions    0x002800ec       0xc8 ../legit_BSP/\libhal_bsp.a(alt_irq_handler.o)
                0x002800ec                alt_irq_handler
                0x002801b4                PROVIDE (__ram_exceptions_end, ABSOLUTE (.))
                0x00280020                PROVIDE (__flash_exceptions_start, LOADADDR (.exceptions))

.text           0x002801b4     0xde20
                0x002801b4                PROVIDE (stext, ABSOLUTE (.))
 *(.interp)
 *(.hash)
 *(.dynsym)
 *(.dynstr)
 *(.gnu.version)
 *(.gnu.version_d)
 *(.gnu.version_r)
 *(.rel.init)
 *(.rela.init)
 *(.rel.text .rel.text.* .rel.gnu.linkonce.t.*)
 *(.rela.text .rela.text.* .rela.gnu.linkonce.t.*)
 *(.rel.fini)
 *(.rela.fini)
 *(.rel.rodata .rel.rodata.* .rel.gnu.linkonce.r.*)
 *(.rela.rodata .rela.rodata.* .rela.gnu.linkonce.r.*)
 *(.rel.data .rel.data.* .rel.gnu.linkonce.d.*)
 *(.rela.data .rela.data.* .rela.gnu.linkonce.d.*)
 *(.rel.tdata .rel.tdata.* .rel.gnu.linkonce.td.*)
 *(.rela.tdata .rela.tdata.* .rela.gnu.linkonce.td.*)
 *(.rel.tbss .rel.tbss.* .rel.gnu.linkonce.tb.*)
 *(.rela.tbss .rela.tbss.* .rela.gnu.linkonce.tb.*)
 *(.rel.ctors)
 *(.rela.ctors)
 *(.rel.dtors)
 *(.rela.dtors)
 *(.rel.got)
 *(.rela.got)
 *(.rel.sdata .rel.sdata.* .rel.gnu.linkonce.s.*)
 *(.rela.sdata .rela.sdata.* .rela.gnu.linkonce.s.*)
 *(.rel.sbss .rel.sbss.* .rel.gnu.linkonce.sb.*)
 *(.rela.sbss .rela.sbss.* .rela.gnu.linkonce.sb.*)
 *(.rel.sdata2 .rel.sdata2.* .rel.gnu.linkonce.s2.*)
 *(.rela.sdata2 .rela.sdata2.* .rela.gnu.linkonce.s2.*)
 *(.rel.sbss2 .rel.sbss2.* .rel.gnu.linkonce.sb2.*)
 *(.rela.sbss2 .rela.sbss2.* .rela.gnu.linkonce.sb2.*)
 *(.rel.bss .rel.bss.* .rel.gnu.linkonce.b.*)
 *(.rela.bss .rela.bss.* .rela.gnu.linkonce.b.*)
 *(.rel.plt)
 *(.rela.plt)
 *(.rel.dyn)
 *(.init)
 *(.plt)
 *(.text .stub .text.* .gnu.linkonce.t.*)
 .text          0x002801b4       0x3c ../legit_BSP//obj/HAL/src/crt0.o
                0x002801b4                _start
 .text          0x002801f0     0x1310 obj/drawing.o
                0x002801f0                cos
                0x00280304                sin
                0x00280420                draw_line
                0x00280698                clear_screen
                0x002806f0                draw_box
                0x002807a0                update_params
                0x0028082c                crash
                0x00280878                success
                0x002808c4                check_status
                0x00280adc                rotate
                0x00280bc8                draw_lander
                0x00281294                reset
                0x0028135c                turn
                0x002813c4                thrust
                0x00281468                instruction
 .text          0x00281500      0x130 obj/interrupts.o
                0x00281500                handle_button_interrupts
                0x002815d4                init_pio
 .text          0x00281630       0x60 obj/main.o
                0x00281630                main
 .text          0x00281690      0x14c c:/altera/11.0/nios2eds/bin/gnu/h-i686-mingw32/bin/../lib/gcc/nios2-elf/4.1.2/mno-hw-mul\libgcc.a(lib2-divmod.o)
                0x0028170c                __divsi3
                0x0028176c                __modsi3
                0x002817cc                __udivsi3
                0x002817d4                __umodsi3
 .text          0x002817dc       0x38 c:/altera/11.0/nios2eds/bin/gnu/h-i686-mingw32/bin/../lib/gcc/nios2-elf/4.1.2/mno-hw-mul\libgcc.a(lib2-mul.o)
                0x002817dc                __mulsi3
 .text          0x00281814       0x78 c:/altera/11.0/nios2eds/bin/gnu/h-i686-mingw32/bin/../lib/gcc/nios2-elf/4.1.2/../../../../nios2-elf/lib/mno-hw-mul\libc.a(lib_a-printf.o)
                0x00281814                printf
                0x00281858                _printf_r
 .text          0x0028188c       0xb4 c:/altera/11.0/nios2eds/bin/gnu/h-i686-mingw32/bin/../lib/gcc/nios2-elf/4.1.2/../../../../nios2-elf/lib/mno-hw-mul\libc.a(lib_a-puts.o)
                0x0028188c                _puts_r
                0x0028192c                puts
 .text          0x00281940       0x74 c:/altera/11.0/nios2eds/bin/gnu/h-i686-mingw32/bin/../lib/gcc/nios2-elf/4.1.2/../../../../nios2-elf/lib/mno-hw-mul\libc.a(lib_a-strlen.o)
                0x00281940                strlen
 .text          0x002819b4     0x1f40 c:/altera/11.0/nios2eds/bin/gnu/h-i686-mingw32/bin/../lib/gcc/nios2-elf/4.1.2/../../../../nios2-elf/lib/mno-hw-mul\libc.a(lib_a-vfprintf.o)
                0x00281a0c                ___vfprintf_internal_r
                0x002838d0                __vfprintf_internal
 .text          0x002838f4      0x13c c:/altera/11.0/nios2eds/bin/gnu/h-i686-mingw32/bin/../lib/gcc/nios2-elf/4.1.2/../../../../nios2-elf/lib/mno-hw-mul\libc.a(lib_a-wsetup.o)
                0x002838f4                __swsetup_r
 .text          0x00283a30     0x17f8 c:/altera/11.0/nios2eds/bin/gnu/h-i686-mingw32/bin/../lib/gcc/nios2-elf/4.1.2/../../../../nios2-elf/lib/mno-hw-mul\libc.a(lib_a-dtoa.o)
                0x00283c74                _dtoa_r
 .text          0x00285228      0x230 c:/altera/11.0/nios2eds/bin/gnu/h-i686-mingw32/bin/../lib/gcc/nios2-elf/4.1.2/../../../../nios2-elf/lib/mno-hw-mul\libc.a(lib_a-fflush.o)
                0x00285228                _fflush_r
                0x00285424                fflush
 .text          0x00285458      0x2f4 c:/altera/11.0/nios2eds/bin/gnu/h-i686-mingw32/bin/../lib/gcc/nios2-elf/4.1.2/../../../../nios2-elf/lib/mno-hw-mul\libc.a(lib_a-findfp.o)
                0x002854b0                __sfp_lock_acquire
                0x002854b4                __sfp_lock_release
                0x002854b8                __sinit_lock_acquire
                0x002854bc                __sinit_lock_release
                0x002854c0                __sinit
                0x00285574                __fp_unlock_all
                0x0028558c                __fp_lock_all
                0x002855a4                _cleanup_r
                0x002855b0                _cleanup
                0x002855c0                __sfmoreglue
                0x0028565c                __sfp
 .text          0x0028574c      0x440 c:/altera/11.0/nios2eds/bin/gnu/h-i686-mingw32/bin/../lib/gcc/nios2-elf/4.1.2/../../../../nios2-elf/lib/mno-hw-mul\libc.a(lib_a-freer.o)
                0x0028574c                _malloc_trim_r
                0x00285878                _free_r
 .text          0x00285b8c      0x49c c:/altera/11.0/nios2eds/bin/gnu/h-i686-mingw32/bin/../lib/gcc/nios2-elf/4.1.2/../../../../nios2-elf/lib/mno-hw-mul\libc.a(lib_a-fvwrite.o)
                0x00285b8c                __sfvwrite_r
 .text          0x00286028      0x180 c:/altera/11.0/nios2eds/bin/gnu/h-i686-mingw32/bin/../lib/gcc/nios2-elf/4.1.2/../../../../nios2-elf/lib/mno-hw-mul\libc.a(lib_a-fwalk.o)
                0x00286028                _fwalk_reent
                0x002860f0                _fwalk
 .text          0x002861a8        0x0 c:/altera/11.0/nios2eds/bin/gnu/h-i686-mingw32/bin/../lib/gcc/nios2-elf/4.1.2/../../../../nios2-elf/lib/mno-hw-mul\libc.a(lib_a-impure.o)
 .text          0x002861a8       0xc4 c:/altera/11.0/nios2eds/bin/gnu/h-i686-mingw32/bin/../lib/gcc/nios2-elf/4.1.2/../../../../nios2-elf/lib/mno-hw-mul\libc.a(lib_a-locale.o)
                0x002861a8                __locale_charset
                0x002861b0                _localeconv_r
                0x002861bc                localeconv
                0x002861cc                _setlocale_r
                0x00286250                setlocale
 .text          0x0028626c      0x194 c:/altera/11.0/nios2eds/bin/gnu/h-i686-mingw32/bin/../lib/gcc/nios2-elf/4.1.2/../../../../nios2-elf/lib/mno-hw-mul\libc.a(lib_a-makebuf.o)
                0x0028626c                __smakebuf_r
 .text          0x00286400      0x740 c:/altera/11.0/nios2eds/bin/gnu/h-i686-mingw32/bin/../lib/gcc/nios2-elf/4.1.2/../../../../nios2-elf/lib/mno-hw-mul\libc.a(lib_a-mallocr.o)
                0x00286400                _malloc_r
 .text          0x00286b40       0xe4 c:/altera/11.0/nios2eds/bin/gnu/h-i686-mingw32/bin/../lib/gcc/nios2-elf/4.1.2/../../../../nios2-elf/lib/mno-hw-mul\libc.a(lib_a-memchr.o)
                0x00286b40                memchr
 .text          0x00286c24       0xa0 c:/altera/11.0/nios2eds/bin/gnu/h-i686-mingw32/bin/../lib/gcc/nios2-elf/4.1.2/../../../../nios2-elf/lib/mno-hw-mul\libc.a(lib_a-memcpy.o)
                0x00286c24                memcpy
 .text          0x00286cc4       0xe0 c:/altera/11.0/nios2eds/bin/gnu/h-i686-mingw32/bin/../lib/gcc/nios2-elf/4.1.2/../../../../nios2-elf/lib/mno-hw-mul\libc.a(lib_a-memmove.o)
                0x00286cc4                memmove
 .text          0x00286da4       0x98 c:/altera/11.0/nios2eds/bin/gnu/h-i686-mingw32/bin/../lib/gcc/nios2-elf/4.1.2/../../../../nios2-elf/lib/mno-hw-mul\libc.a(lib_a-memset.o)
                0x00286da4                memset
 .text          0x00286e3c     0x108c c:/altera/11.0/nios2eds/bin/gnu/h-i686-mingw32/bin/../lib/gcc/nios2-elf/4.1.2/../../../../nios2-elf/lib/mno-hw-mul\libc.a(lib_a-mprec.o)
                0x00286e3c                _Bfree
                0x00286e64                __hi0bits
                0x00286ed4                __lo0bits
                0x00286f98                __mcmp
                0x00286ff8                __ulp
                0x00287078                __b2d
                0x00287198                __ratio
                0x00287248                _mprec_log10
                0x002872dc                __copybits
                0x00287334                __any_on
                0x002873bc                _Balloc
                0x00287478                __d2b
                0x002875f4                __mdiff
                0x00287780                __lshift
                0x002878cc                __multiply
                0x00287b20                __i2b
                0x00287b5c                __multadd
                0x00287c88                __pow5mult
                0x00287da8                __s2b
 .text          0x00287ec8      0x5f4 c:/altera/11.0/nios2eds/bin/gnu/h-i686-mingw32/bin/../lib/gcc/nios2-elf/4.1.2/../../../../nios2-elf/lib/mno-hw-mul\libc.a(lib_a-reallocr.o)
                0x00287ec8                _realloc_r
 .text          0x002884bc       0x40 c:/altera/11.0/nios2eds/bin/gnu/h-i686-mingw32/bin/../lib/gcc/nios2-elf/4.1.2/../../../../nios2-elf/lib/mno-hw-mul\libc.a(lib_a-s_isinfd.o)
                0x002884bc                __isinfd
 .text          0x002884fc       0x30 c:/altera/11.0/nios2eds/bin/gnu/h-i686-mingw32/bin/../lib/gcc/nios2-elf/4.1.2/../../../../nios2-elf/lib/mno-hw-mul\libc.a(lib_a-s_isnand.o)
                0x002884fc                __isnand
 .text          0x0028852c       0x70 c:/altera/11.0/nios2eds/bin/gnu/h-i686-mingw32/bin/../lib/gcc/nios2-elf/4.1.2/../../../../nios2-elf/lib/mno-hw-mul\libc.a(lib_a-sbrkr.o)
                0x0028852c                _sbrk_r
 .text          0x0028859c      0x14c c:/altera/11.0/nios2eds/bin/gnu/h-i686-mingw32/bin/../lib/gcc/nios2-elf/4.1.2/../../../../nios2-elf/lib/mno-hw-mul\libc.a(lib_a-stdio.o)
                0x0028859c                __sclose
                0x002885a4                __sseek
                0x0028860c                __swrite
                0x00288688                __sread
 .text          0x002886e8       0xbc c:/altera/11.0/nios2eds/bin/gnu/h-i686-mingw32/bin/../lib/gcc/nios2-elf/4.1.2/../../../../nios2-elf/lib/mno-hw-mul\libc.a(lib_a-strcmp.o)
                0x002886e8                strcmp
 .text          0x002887a4       0x78 c:/altera/11.0/nios2eds/bin/gnu/h-i686-mingw32/bin/../lib/gcc/nios2-elf/4.1.2/../../../../nios2-elf/lib/mno-hw-mul\libc.a(lib_a-writer.o)
                0x002887a4                _write_r
 .text          0x0028881c       0xc8 c:/altera/11.0/nios2eds/bin/gnu/h-i686-mingw32/bin/../lib/gcc/nios2-elf/4.1.2/../../../../nios2-elf/lib/mno-hw-mul\libc.a(lib_a-callocr.o)
                0x0028881c                _calloc_r
 .text          0x002888e4       0x70 c:/altera/11.0/nios2eds/bin/gnu/h-i686-mingw32/bin/../lib/gcc/nios2-elf/4.1.2/../../../../nios2-elf/lib/mno-hw-mul\libc.a(lib_a-closer.o)
                0x002888e4                _close_r
 .text          0x00288954      0x124 c:/altera/11.0/nios2eds/bin/gnu/h-i686-mingw32/bin/../lib/gcc/nios2-elf/4.1.2/../../../../nios2-elf/lib/mno-hw-mul\libc.a(lib_a-fclose.o)
                0x00288954                _fclose_r
                0x00288a64                fclose
 .text          0x00288a78       0x74 c:/altera/11.0/nios2eds/bin/gnu/h-i686-mingw32/bin/../lib/gcc/nios2-elf/4.1.2/../../../../nios2-elf/lib/mno-hw-mul\libc.a(lib_a-fstatr.o)
                0x00288a78                _fstat_r
 .text          0x00288aec        0x0 c:/altera/11.0/nios2eds/bin/gnu/h-i686-mingw32/bin/../lib/gcc/nios2-elf/4.1.2/../../../../nios2-elf/lib/mno-hw-mul\libc.a(lib_a-int_errno.o)
 .text          0x00288aec       0x70 c:/altera/11.0/nios2eds/bin/gnu/h-i686-mingw32/bin/../lib/gcc/nios2-elf/4.1.2/../../../../nios2-elf/lib/mno-hw-mul\libc.a(lib_a-isattyr.o)
                0x00288aec                _isatty_r
 .text          0x00288b5c       0x78 c:/altera/11.0/nios2eds/bin/gnu/h-i686-mingw32/bin/../lib/gcc/nios2-elf/4.1.2/../../../../nios2-elf/lib/mno-hw-mul\libc.a(lib_a-lseekr.o)
                0x00288b5c                _lseek_r
 .text          0x00288bd4       0x78 c:/altera/11.0/nios2eds/bin/gnu/h-i686-mingw32/bin/../lib/gcc/nios2-elf/4.1.2/../../../../nios2-elf/lib/mno-hw-mul\libc.a(lib_a-readr.o)
                0x00288bd4                _read_r
 .text          0x00288c4c      0x66c c:/altera/11.0/nios2eds/bin/gnu/h-i686-mingw32/bin/../lib/gcc/nios2-elf/4.1.2/mno-hw-mul\libgcc.a(_udivdi3.o)
                0x00288c4c                __udivdi3
 .text          0x002892b8      0x660 c:/altera/11.0/nios2eds/bin/gnu/h-i686-mingw32/bin/../lib/gcc/nios2-elf/4.1.2/mno-hw-mul\libgcc.a(_umoddi3.o)
                0x002892b8                __umoddi3
 .text          0x00289918      0x504 c:/altera/11.0/nios2eds/bin/gnu/h-i686-mingw32/bin/../lib/gcc/nios2-elf/4.1.2/mno-hw-mul\libgcc.a(_addsub_df.o)
                0x00289d28                __subdf3
                0x00289da8                __adddf3
 .text          0x00289e1c      0x3c4 c:/altera/11.0/nios2eds/bin/gnu/h-i686-mingw32/bin/../lib/gcc/nios2-elf/4.1.2/mno-hw-mul\libgcc.a(_mul_df.o)
                0x00289e1c                __muldf3
 .text          0x0028a1e0      0x258 c:/altera/11.0/nios2eds/bin/gnu/h-i686-mingw32/bin/../lib/gcc/nios2-elf/4.1.2/mno-hw-mul\libgcc.a(_div_df.o)
                0x0028a1e0                __divdf3
 .text          0x0028a438       0x88 c:/altera/11.0/nios2eds/bin/gnu/h-i686-mingw32/bin/../lib/gcc/nios2-elf/4.1.2/mno-hw-mul\libgcc.a(_eq_df.o)
                0x0028a438                __eqdf2
 .text          0x0028a4c0       0x88 c:/altera/11.0/nios2eds/bin/gnu/h-i686-mingw32/bin/../lib/gcc/nios2-elf/4.1.2/mno-hw-mul\libgcc.a(_ne_df.o)
                0x0028a4c0                __nedf2
 .text          0x0028a548       0x88 c:/altera/11.0/nios2eds/bin/gnu/h-i686-mingw32/bin/../lib/gcc/nios2-elf/4.1.2/mno-hw-mul\libgcc.a(_gt_df.o)
                0x0028a548                __gtdf2
 .text          0x0028a5d0       0x88 c:/altera/11.0/nios2eds/bin/gnu/h-i686-mingw32/bin/../lib/gcc/nios2-elf/4.1.2/mno-hw-mul\libgcc.a(_ge_df.o)
                0x0028a5d0                __gedf2
 .text          0x0028a658       0x88 c:/altera/11.0/nios2eds/bin/gnu/h-i686-mingw32/bin/../lib/gcc/nios2-elf/4.1.2/mno-hw-mul\libgcc.a(_lt_df.o)
                0x0028a658                __ltdf2
 .text          0x0028a6e0       0xf8 c:/altera/11.0/nios2eds/bin/gnu/h-i686-mingw32/bin/../lib/gcc/nios2-elf/4.1.2/mno-hw-mul\libgcc.a(_si_to_df.o)
                0x0028a6e0                __floatsidf
 .text          0x0028a7d8       0xd8 c:/altera/11.0/nios2eds/bin/gnu/h-i686-mingw32/bin/../lib/gcc/nios2-elf/4.1.2/mno-hw-mul\libgcc.a(_df_to_si.o)
                0x0028a7d8                __fixdfsi
 .text          0x0028a8b0        0x0 c:/altera/11.0/nios2eds/bin/gnu/h-i686-mingw32/bin/../lib/gcc/nios2-elf/4.1.2/mno-hw-mul\libgcc.a(_thenan_df.o)
 .text          0x0028a8b0      0x194 c:/altera/11.0/nios2eds/bin/gnu/h-i686-mingw32/bin/../lib/gcc/nios2-elf/4.1.2/mno-hw-mul\libgcc.a(_usi_to_df.o)
                0x0028a8b0                __floatunsidf
 .text          0x0028aa44      0x124 c:/altera/11.0/nios2eds/bin/gnu/h-i686-mingw32/bin/../lib/gcc/nios2-elf/4.1.2/mno-hw-mul\libgcc.a(_muldi3.o)
                0x0028aa44                __muldi3
 .text          0x0028ab68        0x0 c:/altera/11.0/nios2eds/bin/gnu/h-i686-mingw32/bin/../lib/gcc/nios2-elf/4.1.2/mno-hw-mul\libgcc.a(_clz.o)
 .text          0x0028ab68       0x80 c:/altera/11.0/nios2eds/bin/gnu/h-i686-mingw32/bin/../lib/gcc/nios2-elf/4.1.2/mno-hw-mul\libgcc.a(_clzsi2.o)
                0x0028ab68                __clzsi2
 .text          0x0028abe8      0x314 c:/altera/11.0/nios2eds/bin/gnu/h-i686-mingw32/bin/../lib/gcc/nios2-elf/4.1.2/mno-hw-mul\libgcc.a(_pack_df.o)
                0x0028abe8                __pack_d
 .text          0x0028aefc      0x138 c:/altera/11.0/nios2eds/bin/gnu/h-i686-mingw32/bin/../lib/gcc/nios2-elf/4.1.2/mno-hw-mul\libgcc.a(_unpack_df.o)
                0x0028aefc                __unpack_d
 .text          0x0028b034       0xc8 c:/altera/11.0/nios2eds/bin/gnu/h-i686-mingw32/bin/../lib/gcc/nios2-elf/4.1.2/mno-hw-mul\libgcc.a(_fpcmp_parts_df.o)
                0x0028b034                __fpcmp_parts_d
 .text          0x0028b0fc      0x160 ../legit_BSP/\libhal_bsp.a(alt_close.o)
                0x0028b0fc                close
 .text          0x0028b25c       0x2c ../legit_BSP/\libhal_bsp.a(alt_dev.o)
 .text          0x0028b288        0x0 ../legit_BSP/\libhal_bsp.a(alt_errno.o)
 .text          0x0028b288      0x138 ../legit_BSP/\libhal_bsp.a(alt_fstat.o)
                0x0028b288                fstat
 .text          0x0028b3c0      0x1c0 ../legit_BSP/\libhal_bsp.a(alt_irq_register.o)
                0x0028b3c0                alt_irq_register
 .text          0x0028b580        0x0 ../legit_BSP/\libhal_bsp.a(alt_irq_vars.o)
 .text          0x0028b580      0x124 ../legit_BSP/\libhal_bsp.a(alt_isatty.o)
                0x0028b580                isatty
 .text          0x0028b6a4       0xec ../legit_BSP/\libhal_bsp.a(alt_load.o)
                0x0028b6a4                alt_load
 .text          0x0028b790      0x154 ../legit_BSP/\libhal_bsp.a(alt_lseek.o)
                0x0028b790                lseek
 .text          0x0028b8e4       0x6c ../legit_BSP/\libhal_bsp.a(alt_main.o)
                0x0028b8e4                alt_main
 .text          0x0028b950       0x40 ../legit_BSP/\libhal_bsp.a(alt_malloc_lock.o)
                0x0028b950                __malloc_lock
                0x0028b970                __malloc_unlock
 .text          0x0028b990      0x184 ../legit_BSP/\libhal_bsp.a(alt_read.o)
                0x0028b990                read
 .text          0x0028bb14       0x78 ../legit_BSP/\libhal_bsp.a(alt_release_fd.o)
                0x0028bb14                alt_release_fd
 .text          0x0028bb8c       0xbc ../legit_BSP/\libhal_bsp.a(alt_sbrk.o)
                0x0028bb8c                sbrk
 .text          0x0028bc48       0x30 ../legit_BSP/\libhal_bsp.a(alt_usleep.o)
                0x0028bc48                usleep
 .text          0x0028bc78      0x184 ../legit_BSP/\libhal_bsp.a(alt_write.o)
                0x0028bc78                write
 .text          0x0028bdfc      0x2a8 ../legit_BSP/\libhal_bsp.a(alt_sys_init.o)
                0x0028bdfc                alt_irq_init
                0x0028be30                alt_sys_init
 .text          0x0028c0a4      0x148 ../legit_BSP/\libhal_bsp.a(altera_avalon_jtag_uart_fd.o)
                0x0028c0a4                altera_avalon_jtag_uart_read_fd
                0x0028c0fc                altera_avalon_jtag_uart_write_fd
                0x0028c154                altera_avalon_jtag_uart_close_fd
                0x0028c19c                altera_avalon_jtag_uart_ioctl_fd
 .text          0x0028c1ec      0x40c ../legit_BSP/\libhal_bsp.a(altera_avalon_jtag_uart_init.o)
                0x0028c1ec                altera_avalon_jtag_uart_init
                0x0028c584                altera_avalon_jtag_uart_close
 .text          0x0028c5f8       0xf4 ../legit_BSP/\libhal_bsp.a(altera_avalon_jtag_uart_ioctl.o)
                0x0028c5f8                altera_avalon_jtag_uart_ioctl
 .text          0x0028c6ec      0x224 ../legit_BSP/\libhal_bsp.a(altera_avalon_jtag_uart_read.o)
                0x0028c6ec                altera_avalon_jtag_uart_read
 .text          0x0028c910      0x240 ../legit_BSP/\libhal_bsp.a(altera_avalon_jtag_uart_write.o)
                0x0028c910                altera_avalon_jtag_uart_write
 .text          0x0028cb50      0x154 ../legit_BSP/\libhal_bsp.a(alt_alarm_start.o)
                0x0028cb50                alt_alarm_start
 .text          0x0028cca4      0x15c ../legit_BSP/\libhal_bsp.a(alt_busy_sleep.o)
                0x0028cca4                alt_busy_sleep
 .text          0x0028ce00       0x1c ../legit_BSP/\libhal_bsp.a(alt_dcache_flush_all.o)
                0x0028ce00                alt_dcache_flush_all
 .text          0x0028ce1c      0x114 ../legit_BSP/\libhal_bsp.a(alt_dev_llist_insert.o)
                0x0028ce1c                alt_dev_llist_insert
 .text          0x0028cf30       0x64 ../legit_BSP/\libhal_bsp.a(alt_do_ctors.o)
                0x0028cf30                _do_ctors
 .text          0x0028cf94       0x64 ../legit_BSP/\libhal_bsp.a(alt_do_dtors.o)
                0x0028cf94                _do_dtors
 .text          0x0028cff8       0x1c ../legit_BSP/\libhal_bsp.a(alt_icache_flush_all.o)
                0x0028cff8                alt_icache_flush_all
 .text          0x0028d014      0x1d4 ../legit_BSP/\libhal_bsp.a(alt_iic.o)
                0x0028d014                alt_ic_isr_register
                0x0028d064                alt_ic_irq_enable
                0x0028d100                alt_ic_irq_disable
                0x0028d1a0                alt_ic_irq_enabled
 .text          0x0028d1e8       0xf8 ../legit_BSP/\libhal_bsp.a(alt_iic_isr_register.o)
                0x0028d1e8                alt_iic_isr_register
 .text          0x0028d2e0      0x150 ../legit_BSP/\libhal_bsp.a(alt_io_redirect.o)
                0x0028d3b8                alt_io_redirect
 .text          0x0028d430        0x0 ../legit_BSP/\libhal_bsp.a(alt_irq_entry.o)
 .text          0x0028d430        0x0 ../legit_BSP/\libhal_bsp.a(alt_irq_handler.o)
 .text          0x0028d430      0x2e4 ../legit_BSP/\libhal_bsp.a(alt_open.o)
                0x0028d528                open
 .text          0x0028d714      0x1a4 ../legit_BSP/\libhal_bsp.a(alt_tick.o)
                0x0028d714                alt_alarm_stop
                0x0028d7ac                alt_tick
 .text          0x0028d8b8       0x20 ../legit_BSP/\libhal_bsp.a(altera_nios2_irq.o)
                0x0028d8b8                altera_nios2_irq_init
 .text          0x0028d8d8        0x0 ../legit_BSP/\libhal_bsp.a(alt_exception_entry.o)
 .text          0x0028d8d8       0x94 ../legit_BSP/\libhal_bsp.a(alt_find_dev.o)
                0x0028d8d8                alt_find_dev
 .text          0x0028d96c      0x120 ../legit_BSP/\libhal_bsp.a(alt_find_file.o)
                0x0028d96c                alt_find_file
 .text          0x0028da8c       0xd0 ../legit_BSP/\libhal_bsp.a(alt_get_fd.o)
                0x0028da8c                alt_get_fd
 .text          0x0028db5c       0x14 c:/altera/11.0/nios2eds/bin/gnu/h-i686-mingw32/bin/../lib/gcc/nios2-elf/4.1.2/../../../../nios2-elf/lib/mno-hw-mul\libc.a(lib_a-atexit.o)
                0x0028db5c                atexit
 .text          0x0028db70       0x38 c:/altera/11.0/nios2eds/bin/gnu/h-i686-mingw32/bin/../lib/gcc/nios2-elf/4.1.2/../../../../nios2-elf/lib/mno-hw-mul\libc.a(lib_a-exit.o)
                0x0028db70                exit
 .text          0x0028dba8       0x74 c:/altera/11.0/nios2eds/bin/gnu/h-i686-mingw32/bin/../lib/gcc/nios2-elf/4.1.2/../../../../nios2-elf/lib/mno-hw-mul\libc.a(lib_a-memcmp.o)
                0x0028dba8                memcmp
 .text          0x0028dc1c      0x134 c:/altera/11.0/nios2eds/bin/gnu/h-i686-mingw32/bin/../lib/gcc/nios2-elf/4.1.2/../../../../nios2-elf/lib/mno-hw-mul\libc.a(lib_a-__atexit.o)
                0x0028dc1c                __register_exitproc
 .text          0x0028dd50      0x1b4 c:/altera/11.0/nios2eds/bin/gnu/h-i686-mingw32/bin/../lib/gcc/nios2-elf/4.1.2/../../../../nios2-elf/lib/mno-hw-mul\libc.a(lib_a-__call_atexit.o)
                0x0028dd54                __call_exitprocs
 .text          0x0028df04       0x60 ../legit_BSP/\libhal_bsp.a(alt_exit.o)
                0x0028df44                _exit
 *(.gnu.warning.*)
 *(.fini)
                0x0028df64                PROVIDE (__etext, ABSOLUTE (.))
                0x0028df64                PROVIDE (_etext, ABSOLUTE (.))
                0x0028df64                PROVIDE (etext, ABSOLUTE (.))
 *(.eh_frame_hdr)
                0x0028df64                . = ALIGN (0x4)
                0x0028df64                PROVIDE (__preinit_array_start, ABSOLUTE (.))
 *(.preinit_array)
                0x0028df64                PROVIDE (__preinit_array_end, ABSOLUTE (.))
                0x0028df64                PROVIDE (__init_array_start, ABSOLUTE (.))
 *(.init_array)
                0x0028df64                PROVIDE (__init_array_end, ABSOLUTE (.))
                0x0028df64                PROVIDE (__fini_array_start, ABSOLUTE (.))
 *(.fini_array)
                0x0028df64                PROVIDE (__fini_array_end, ABSOLUTE (.))
 *(.eh_frame)
 .eh_frame      0x0028df64       0x40 c:/altera/11.0/nios2eds/bin/gnu/h-i686-mingw32/bin/../lib/gcc/nios2-elf/4.1.2/mno-hw-mul\libgcc.a(_udivdi3.o)
 .eh_frame      0x0028dfa4       0x2c c:/altera/11.0/nios2eds/bin/gnu/h-i686-mingw32/bin/../lib/gcc/nios2-elf/4.1.2/mno-hw-mul\libgcc.a(_umoddi3.o)
                                 0x40 (size before relaxing)
 *(.gcc_except_table)
 *(.dynamic)
                0x0028dfd0                PROVIDE (__CTOR_LIST__, ABSOLUTE (.))
 *(.ctors)
 *(SORT(.ctors.*))
 .ctors.65535   0x0028dfd0        0x4 c:/altera/11.0/nios2eds/bin/gnu/h-i686-mingw32/bin/../lib/gcc/nios2-elf/4.1.2/../../../../nios2-elf/lib/mno-hw-mul\libc.a(lib_a-__call_atexit.o)
                0x0028dfd4                PROVIDE (__CTOR_END__, ABSOLUTE (.))
                0x0028dfd4                PROVIDE (__DTOR_LIST__, ABSOLUTE (.))
 *(.dtors)
 *(SORT(.dtors.*))
                0x0028dfd4                PROVIDE (__DTOR_END__, ABSOLUTE (.))
 *(.jcr)
                0x0028dfd4                . = ALIGN (0x4)

.rodata         0x0028dfd4      0x3bc
                0x0028dfd4                PROVIDE (__ram_rodata_start, ABSOLUTE (.))
                0x0028dfd4                . = ALIGN (0x4)
 *(.rodata .rodata.* .gnu.linkonce.r.*)
 .rodata        0x0028dfd4       0x58 obj/drawing.o
 .rodata        0x0028e02c        0x8 obj/main.o
 .rodata.str1.4
                0x0028e034        0x2 c:/altera/11.0/nios2eds/bin/gnu/h-i686-mingw32/bin/../lib/gcc/nios2-elf/4.1.2/../../../../nios2-elf/lib/mno-hw-mul\libc.a(lib_a-puts.o)
                                  0x4 (size before relaxing)
 *fill*         0x0028e036        0x2 00
 .rodata.str1.4
                0x0028e038       0x5e c:/altera/11.0/nios2eds/bin/gnu/h-i686-mingw32/bin/../lib/gcc/nios2-elf/4.1.2/../../../../nios2-elf/lib/mno-hw-mul\libc.a(lib_a-vfprintf.o)
                                 0x60 (size before relaxing)
 .rodata        0x0028e096       0x20 c:/altera/11.0/nios2eds/bin/gnu/h-i686-mingw32/bin/../lib/gcc/nios2-elf/4.1.2/../../../../nios2-elf/lib/mno-hw-mul\libc.a(lib_a-vfprintf.o)
 *fill*         0x0028e0b6        0x2 00
 .rodata.str1.4
                0x0028e0b8       0x10 c:/altera/11.0/nios2eds/bin/gnu/h-i686-mingw32/bin/../lib/gcc/nios2-elf/4.1.2/../../../../nios2-elf/lib/mno-hw-mul\libc.a(lib_a-dtoa.o)
                                 0x14 (size before relaxing)
 .rodata.str1.4
                0x0028e0c8        0x2 c:/altera/11.0/nios2eds/bin/gnu/h-i686-mingw32/bin/../lib/gcc/nios2-elf/4.1.2/../../../../nios2-elf/lib/mno-hw-mul\libc.a(lib_a-impure.o)
                                  0x4 (size before relaxing)
 *fill*         0x0028e0ca        0x2 00
 .rodata.str1.4
                0x0028e0cc       0x10 c:/altera/11.0/nios2eds/bin/gnu/h-i686-mingw32/bin/../lib/gcc/nios2-elf/4.1.2/../../../../nios2-elf/lib/mno-hw-mul\libc.a(lib_a-locale.o)
                                 0x18 (size before relaxing)
 .rodata        0x0028e0dc       0x30 c:/altera/11.0/nios2eds/bin/gnu/h-i686-mingw32/bin/../lib/gcc/nios2-elf/4.1.2/../../../../nios2-elf/lib/mno-hw-mul\libc.a(lib_a-locale.o)
 .rodata        0x0028e10c      0x124 c:/altera/11.0/nios2eds/bin/gnu/h-i686-mingw32/bin/../lib/gcc/nios2-elf/4.1.2/../../../../nios2-elf/lib/mno-hw-mul\libc.a(lib_a-mprec.o)
                0x0028e10c                __mprec_tens
                0x0028e1d4                __mprec_bigtens
                0x0028e1fc                __mprec_tinytens
 .rodata        0x0028e230       0x14 c:/altera/11.0/nios2eds/bin/gnu/h-i686-mingw32/bin/../lib/gcc/nios2-elf/4.1.2/mno-hw-mul\libgcc.a(_thenan_df.o)
                0x0028e230                __thenan_df
 .rodata        0x0028e244      0x100 c:/altera/11.0/nios2eds/bin/gnu/h-i686-mingw32/bin/../lib/gcc/nios2-elf/4.1.2/mno-hw-mul\libgcc.a(_clz.o)
                0x0028e244                __clz_tab
 .rodata        0x0028e344        0xc ../legit_BSP/\libhal_bsp.a(alt_dev.o)
 .rodata        0x0028e350       0x14 ../legit_BSP/\libhal_bsp.a(alt_main.o)
 .rodata        0x0028e364       0x2c ../legit_BSP/\libhal_bsp.a(alt_sys_init.o)
 *(.rodata1)
                0x0028e390                . = ALIGN (0x4)
                0x0028e390                PROVIDE (__ram_rodata_end, ABSOLUTE (.))
                0x0028dfd4                PROVIDE (__flash_rodata_start, LOADADDR (.rodata))

.rwdata         0x0028e390     0x1d88 load address 0x00290118
                0x0028e390                PROVIDE (__ram_rwdata_start, ABSOLUTE (.))
                0x0028e390                . = ALIGN (0x4)
 *(.got.plt)
 *(.got)
 *(.data1)
 *(.data .data.* .gnu.linkonce.d.*)
 .data          0x0028e390        0x0 ../legit_BSP//obj/HAL/src/crt0.o
 .data          0x0028e390      0x2d8 obj/drawing.o
                0x0028e390                cos_table
                0x0028e4fc                sin_table
 .data          0x0028e668        0x0 obj/interrupts.o
 .data          0x0028e668        0x0 obj/main.o
 .data          0x0028e668        0x0 c:/altera/11.0/nios2eds/bin/gnu/h-i686-mingw32/bin/../lib/gcc/nios2-elf/4.1.2/mno-hw-mul\libgcc.a(lib2-divmod.o)
 .data          0x0028e668        0x0 c:/altera/11.0/nios2eds/bin/gnu/h-i686-mingw32/bin/../lib/gcc/nios2-elf/4.1.2/mno-hw-mul\libgcc.a(lib2-mul.o)
 .data          0x0028e668        0x0 c:/altera/11.0/nios2eds/bin/gnu/h-i686-mingw32/bin/../lib/gcc/nios2-elf/4.1.2/../../../../nios2-elf/lib/mno-hw-mul\libc.a(lib_a-printf.o)
 .data          0x0028e668        0x0 c:/altera/11.0/nios2eds/bin/gnu/h-i686-mingw32/bin/../lib/gcc/nios2-elf/4.1.2/../../../../nios2-elf/lib/mno-hw-mul\libc.a(lib_a-puts.o)
 .data          0x0028e668        0x0 c:/altera/11.0/nios2eds/bin/gnu/h-i686-mingw32/bin/../lib/gcc/nios2-elf/4.1.2/../../../../nios2-elf/lib/mno-hw-mul\libc.a(lib_a-strlen.o)
 .data          0x0028e668        0x0 c:/altera/11.0/nios2eds/bin/gnu/h-i686-mingw32/bin/../lib/gcc/nios2-elf/4.1.2/../../../../nios2-elf/lib/mno-hw-mul\libc.a(lib_a-vfprintf.o)
 .data          0x0028e668        0x0 c:/altera/11.0/nios2eds/bin/gnu/h-i686-mingw32/bin/../lib/gcc/nios2-elf/4.1.2/../../../../nios2-elf/lib/mno-hw-mul\libc.a(lib_a-wsetup.o)
 .data          0x0028e668        0x0 c:/altera/11.0/nios2eds/bin/gnu/h-i686-mingw32/bin/../lib/gcc/nios2-elf/4.1.2/../../../../nios2-elf/lib/mno-hw-mul\libc.a(lib_a-dtoa.o)
 .data          0x0028e668        0x0 c:/altera/11.0/nios2eds/bin/gnu/h-i686-mingw32/bin/../lib/gcc/nios2-elf/4.1.2/../../../../nios2-elf/lib/mno-hw-mul\libc.a(lib_a-fflush.o)
 .data          0x0028e668        0x0 c:/altera/11.0/nios2eds/bin/gnu/h-i686-mingw32/bin/../lib/gcc/nios2-elf/4.1.2/../../../../nios2-elf/lib/mno-hw-mul\libc.a(lib_a-findfp.o)
 .data          0x0028e668        0x0 c:/altera/11.0/nios2eds/bin/gnu/h-i686-mingw32/bin/../lib/gcc/nios2-elf/4.1.2/../../../../nios2-elf/lib/mno-hw-mul\libc.a(lib_a-freer.o)
 .data          0x0028e668        0x0 c:/altera/11.0/nios2eds/bin/gnu/h-i686-mingw32/bin/../lib/gcc/nios2-elf/4.1.2/../../../../nios2-elf/lib/mno-hw-mul\libc.a(lib_a-fvwrite.o)
 .data          0x0028e668        0x0 c:/altera/11.0/nios2eds/bin/gnu/h-i686-mingw32/bin/../lib/gcc/nios2-elf/4.1.2/../../../../nios2-elf/lib/mno-hw-mul\libc.a(lib_a-fwalk.o)
 .data          0x0028e668      0x400 c:/altera/11.0/nios2eds/bin/gnu/h-i686-mingw32/bin/../lib/gcc/nios2-elf/4.1.2/../../../../nios2-elf/lib/mno-hw-mul\libc.a(lib_a-impure.o)
 .data          0x0028ea68        0xc c:/altera/11.0/nios2eds/bin/gnu/h-i686-mingw32/bin/../lib/gcc/nios2-elf/4.1.2/../../../../nios2-elf/lib/mno-hw-mul\libc.a(lib_a-locale.o)
                0x0028ea68                __lc_ctype
 .data          0x0028ea74        0x0 c:/altera/11.0/nios2eds/bin/gnu/h-i686-mingw32/bin/../lib/gcc/nios2-elf/4.1.2/../../../../nios2-elf/lib/mno-hw-mul\libc.a(lib_a-makebuf.o)
 .data          0x0028ea74      0x408 c:/altera/11.0/nios2eds/bin/gnu/h-i686-mingw32/bin/../lib/gcc/nios2-elf/4.1.2/../../../../nios2-elf/lib/mno-hw-mul\libc.a(lib_a-mallocr.o)
                0x0028ea74                __malloc_av_
 .data          0x0028ee7c        0x0 c:/altera/11.0/nios2eds/bin/gnu/h-i686-mingw32/bin/../lib/gcc/nios2-elf/4.1.2/../../../../nios2-elf/lib/mno-hw-mul\libc.a(lib_a-memchr.o)
 .data          0x0028ee7c        0x0 c:/altera/11.0/nios2eds/bin/gnu/h-i686-mingw32/bin/../lib/gcc/nios2-elf/4.1.2/../../../../nios2-elf/lib/mno-hw-mul\libc.a(lib_a-memcpy.o)
 .data          0x0028ee7c        0x0 c:/altera/11.0/nios2eds/bin/gnu/h-i686-mingw32/bin/../lib/gcc/nios2-elf/4.1.2/../../../../nios2-elf/lib/mno-hw-mul\libc.a(lib_a-memmove.o)
 .data          0x0028ee7c        0x0 c:/altera/11.0/nios2eds/bin/gnu/h-i686-mingw32/bin/../lib/gcc/nios2-elf/4.1.2/../../../../nios2-elf/lib/mno-hw-mul\libc.a(lib_a-memset.o)
 .data          0x0028ee7c        0x0 c:/altera/11.0/nios2eds/bin/gnu/h-i686-mingw32/bin/../lib/gcc/nios2-elf/4.1.2/../../../../nios2-elf/lib/mno-hw-mul\libc.a(lib_a-mprec.o)
 .data          0x0028ee7c        0x0 c:/altera/11.0/nios2eds/bin/gnu/h-i686-mingw32/bin/../lib/gcc/nios2-elf/4.1.2/../../../../nios2-elf/lib/mno-hw-mul\libc.a(lib_a-reallocr.o)
 .data          0x0028ee7c        0x0 c:/altera/11.0/nios2eds/bin/gnu/h-i686-mingw32/bin/../lib/gcc/nios2-elf/4.1.2/../../../../nios2-elf/lib/mno-hw-mul\libc.a(lib_a-s_isinfd.o)
 .data          0x0028ee7c        0x0 c:/altera/11.0/nios2eds/bin/gnu/h-i686-mingw32/bin/../lib/gcc/nios2-elf/4.1.2/../../../../nios2-elf/lib/mno-hw-mul\libc.a(lib_a-s_isnand.o)
 .data          0x0028ee7c        0x0 c:/altera/11.0/nios2eds/bin/gnu/h-i686-mingw32/bin/../lib/gcc/nios2-elf/4.1.2/../../../../nios2-elf/lib/mno-hw-mul\libc.a(lib_a-sbrkr.o)
 .data          0x0028ee7c        0x0 c:/altera/11.0/nios2eds/bin/gnu/h-i686-mingw32/bin/../lib/gcc/nios2-elf/4.1.2/../../../../nios2-elf/lib/mno-hw-mul\libc.a(lib_a-stdio.o)
 .data          0x0028ee7c        0x0 c:/altera/11.0/nios2eds/bin/gnu/h-i686-mingw32/bin/../lib/gcc/nios2-elf/4.1.2/../../../../nios2-elf/lib/mno-hw-mul\libc.a(lib_a-strcmp.o)
 .data          0x0028ee7c        0x0 c:/altera/11.0/nios2eds/bin/gnu/h-i686-mingw32/bin/../lib/gcc/nios2-elf/4.1.2/../../../../nios2-elf/lib/mno-hw-mul\libc.a(lib_a-writer.o)
 .data          0x0028ee7c        0x0 c:/altera/11.0/nios2eds/bin/gnu/h-i686-mingw32/bin/../lib/gcc/nios2-elf/4.1.2/../../../../nios2-elf/lib/mno-hw-mul\libc.a(lib_a-callocr.o)
 .data          0x0028ee7c        0x0 c:/altera/11.0/nios2eds/bin/gnu/h-i686-mingw32/bin/../lib/gcc/nios2-elf/4.1.2/../../../../nios2-elf/lib/mno-hw-mul\libc.a(lib_a-closer.o)
 .data          0x0028ee7c        0x0 c:/altera/11.0/nios2eds/bin/gnu/h-i686-mingw32/bin/../lib/gcc/nios2-elf/4.1.2/../../../../nios2-elf/lib/mno-hw-mul\libc.a(lib_a-fclose.o)
 .data          0x0028ee7c        0x0 c:/altera/11.0/nios2eds/bin/gnu/h-i686-mingw32/bin/../lib/gcc/nios2-elf/4.1.2/../../../../nios2-elf/lib/mno-hw-mul\libc.a(lib_a-fstatr.o)
 .data          0x0028ee7c        0x0 c:/altera/11.0/nios2eds/bin/gnu/h-i686-mingw32/bin/../lib/gcc/nios2-elf/4.1.2/../../../../nios2-elf/lib/mno-hw-mul\libc.a(lib_a-int_errno.o)
 .data          0x0028ee7c        0x0 c:/altera/11.0/nios2eds/bin/gnu/h-i686-mingw32/bin/../lib/gcc/nios2-elf/4.1.2/../../../../nios2-elf/lib/mno-hw-mul\libc.a(lib_a-isattyr.o)
 .data          0x0028ee7c        0x0 c:/altera/11.0/nios2eds/bin/gnu/h-i686-mingw32/bin/../lib/gcc/nios2-elf/4.1.2/../../../../nios2-elf/lib/mno-hw-mul\libc.a(lib_a-lseekr.o)
 .data          0x0028ee7c        0x0 c:/altera/11.0/nios2eds/bin/gnu/h-i686-mingw32/bin/../lib/gcc/nios2-elf/4.1.2/../../../../nios2-elf/lib/mno-hw-mul\libc.a(lib_a-readr.o)
 .data          0x0028ee7c        0x0 c:/altera/11.0/nios2eds/bin/gnu/h-i686-mingw32/bin/../lib/gcc/nios2-elf/4.1.2/mno-hw-mul\libgcc.a(_udivdi3.o)
 .data          0x0028ee7c        0x0 c:/altera/11.0/nios2eds/bin/gnu/h-i686-mingw32/bin/../lib/gcc/nios2-elf/4.1.2/mno-hw-mul\libgcc.a(_umoddi3.o)
 .data          0x0028ee7c        0x0 c:/altera/11.0/nios2eds/bin/gnu/h-i686-mingw32/bin/../lib/gcc/nios2-elf/4.1.2/mno-hw-mul\libgcc.a(_addsub_df.o)
 .data          0x0028ee7c        0x0 c:/altera/11.0/nios2eds/bin/gnu/h-i686-mingw32/bin/../lib/gcc/nios2-elf/4.1.2/mno-hw-mul\libgcc.a(_mul_df.o)
 .data          0x0028ee7c        0x0 c:/altera/11.0/nios2eds/bin/gnu/h-i686-mingw32/bin/../lib/gcc/nios2-elf/4.1.2/mno-hw-mul\libgcc.a(_div_df.o)
 .data          0x0028ee7c        0x0 c:/altera/11.0/nios2eds/bin/gnu/h-i686-mingw32/bin/../lib/gcc/nios2-elf/4.1.2/mno-hw-mul\libgcc.a(_eq_df.o)
 .data          0x0028ee7c        0x0 c:/altera/11.0/nios2eds/bin/gnu/h-i686-mingw32/bin/../lib/gcc/nios2-elf/4.1.2/mno-hw-mul\libgcc.a(_ne_df.o)
 .data          0x0028ee7c        0x0 c:/altera/11.0/nios2eds/bin/gnu/h-i686-mingw32/bin/../lib/gcc/nios2-elf/4.1.2/mno-hw-mul\libgcc.a(_gt_df.o)
 .data          0x0028ee7c        0x0 c:/altera/11.0/nios2eds/bin/gnu/h-i686-mingw32/bin/../lib/gcc/nios2-elf/4.1.2/mno-hw-mul\libgcc.a(_ge_df.o)
 .data          0x0028ee7c        0x0 c:/altera/11.0/nios2eds/bin/gnu/h-i686-mingw32/bin/../lib/gcc/nios2-elf/4.1.2/mno-hw-mul\libgcc.a(_lt_df.o)
 .data          0x0028ee7c        0x0 c:/altera/11.0/nios2eds/bin/gnu/h-i686-mingw32/bin/../lib/gcc/nios2-elf/4.1.2/mno-hw-mul\libgcc.a(_si_to_df.o)
 .data          0x0028ee7c        0x0 c:/altera/11.0/nios2eds/bin/gnu/h-i686-mingw32/bin/../lib/gcc/nios2-elf/4.1.2/mno-hw-mul\libgcc.a(_df_to_si.o)
 .data          0x0028ee7c        0x0 c:/altera/11.0/nios2eds/bin/gnu/h-i686-mingw32/bin/../lib/gcc/nios2-elf/4.1.2/mno-hw-mul\libgcc.a(_thenan_df.o)
 .data          0x0028ee7c        0x0 c:/altera/11.0/nios2eds/bin/gnu/h-i686-mingw32/bin/../lib/gcc/nios2-elf/4.1.2/mno-hw-mul\libgcc.a(_usi_to_df.o)
 .data          0x0028ee7c        0x0 c:/altera/11.0/nios2eds/bin/gnu/h-i686-mingw32/bin/../lib/gcc/nios2-elf/4.1.2/mno-hw-mul\libgcc.a(_muldi3.o)
 .data          0x0028ee7c        0x0 c:/altera/11.0/nios2eds/bin/gnu/h-i686-mingw32/bin/../lib/gcc/nios2-elf/4.1.2/mno-hw-mul\libgcc.a(_clz.o)
 .data          0x0028ee7c        0x0 c:/altera/11.0/nios2eds/bin/gnu/h-i686-mingw32/bin/../lib/gcc/nios2-elf/4.1.2/mno-hw-mul\libgcc.a(_clzsi2.o)
 .data          0x0028ee7c        0x0 c:/altera/11.0/nios2eds/bin/gnu/h-i686-mingw32/bin/../lib/gcc/nios2-elf/4.1.2/mno-hw-mul\libgcc.a(_pack_df.o)
 .data          0x0028ee7c        0x0 c:/altera/11.0/nios2eds/bin/gnu/h-i686-mingw32/bin/../lib/gcc/nios2-elf/4.1.2/mno-hw-mul\libgcc.a(_unpack_df.o)
 .data          0x0028ee7c        0x0 c:/altera/11.0/nios2eds/bin/gnu/h-i686-mingw32/bin/../lib/gcc/nios2-elf/4.1.2/mno-hw-mul\libgcc.a(_fpcmp_parts_df.o)
 .data          0x0028ee7c        0x0 ../legit_BSP/\libhal_bsp.a(alt_close.o)
 .data          0x0028ee7c      0x1a8 ../legit_BSP/\libhal_bsp.a(alt_dev.o)
                0x0028ee7c                alt_dev_null
                0x0028eea4                alt_fd_list
 .data          0x0028f024        0x0 ../legit_BSP/\libhal_bsp.a(alt_errno.o)
 .data          0x0028f024        0x0 ../legit_BSP/\libhal_bsp.a(alt_fstat.o)
 .data          0x0028f024        0x0 ../legit_BSP/\libhal_bsp.a(alt_irq_register.o)
 .data          0x0028f024        0x0 ../legit_BSP/\libhal_bsp.a(alt_irq_vars.o)
 .data          0x0028f024        0x0 ../legit_BSP/\libhal_bsp.a(alt_isatty.o)
 .data          0x0028f024        0x0 ../legit_BSP/\libhal_bsp.a(alt_load.o)
 .data          0x0028f024        0x0 ../legit_BSP/\libhal_bsp.a(alt_lseek.o)
 .data          0x0028f024        0x0 ../legit_BSP/\libhal_bsp.a(alt_main.o)
 .data          0x0028f024        0x0 ../legit_BSP/\libhal_bsp.a(alt_malloc_lock.o)
 .data          0x0028f024        0x0 ../legit_BSP/\libhal_bsp.a(alt_read.o)
 .data          0x0028f024        0x0 ../legit_BSP/\libhal_bsp.a(alt_release_fd.o)
 .data          0x0028f024        0x0 ../legit_BSP/\libhal_bsp.a(alt_sbrk.o)
 .data          0x0028f024        0x0 ../legit_BSP/\libhal_bsp.a(alt_usleep.o)
 .data          0x0028f024        0x0 ../legit_BSP/\libhal_bsp.a(alt_write.o)
 .data          0x0028f024     0x10b4 ../legit_BSP/\libhal_bsp.a(alt_sys_init.o)
 .data          0x002900d8        0x0 ../legit_BSP/\libhal_bsp.a(altera_avalon_jtag_uart_fd.o)
 .data          0x002900d8        0x0 ../legit_BSP/\libhal_bsp.a(altera_avalon_jtag_uart_init.o)
 .data          0x002900d8        0x0 ../legit_BSP/\libhal_bsp.a(altera_avalon_jtag_uart_ioctl.o)
 .data          0x002900d8        0x0 ../legit_BSP/\libhal_bsp.a(altera_avalon_jtag_uart_read.o)
 .data          0x002900d8        0x0 ../legit_BSP/\libhal_bsp.a(altera_avalon_jtag_uart_write.o)
 .data          0x002900d8        0x0 ../legit_BSP/\libhal_bsp.a(alt_alarm_start.o)
 .data          0x002900d8        0x0 ../legit_BSP/\libhal_bsp.a(alt_busy_sleep.o)
 .data          0x002900d8        0x0 ../legit_BSP/\libhal_bsp.a(alt_dcache_flush_all.o)
 .data          0x002900d8        0x0 ../legit_BSP/\libhal_bsp.a(alt_dev_llist_insert.o)
 .data          0x002900d8        0x0 ../legit_BSP/\libhal_bsp.a(alt_do_ctors.o)
 .data          0x002900d8        0x0 ../legit_BSP/\libhal_bsp.a(alt_do_dtors.o)
 .data          0x002900d8        0x0 ../legit_BSP/\libhal_bsp.a(alt_icache_flush_all.o)
 .data          0x002900d8        0x0 ../legit_BSP/\libhal_bsp.a(alt_iic.o)
 .data          0x002900d8        0x0 ../legit_BSP/\libhal_bsp.a(alt_iic_isr_register.o)
 .data          0x002900d8        0x0 ../legit_BSP/\libhal_bsp.a(alt_io_redirect.o)
 .data          0x002900d8        0x0 ../legit_BSP/\libhal_bsp.a(alt_irq_entry.o)
 .data          0x002900d8        0x0 ../legit_BSP/\libhal_bsp.a(alt_irq_handler.o)
 .data          0x002900d8        0x0 ../legit_BSP/\libhal_bsp.a(alt_open.o)
 .data          0x002900d8        0x0 ../legit_BSP/\libhal_bsp.a(alt_tick.o)
 .data          0x002900d8        0x0 ../legit_BSP/\libhal_bsp.a(altera_nios2_irq.o)
 .data          0x002900d8        0x0 ../legit_BSP/\libhal_bsp.a(alt_exception_entry.o)
 .data          0x002900d8        0x0 ../legit_BSP/\libhal_bsp.a(alt_find_dev.o)
 .data          0x002900d8        0x0 ../legit_BSP/\libhal_bsp.a(alt_find_file.o)
 .data          0x002900d8        0x0 ../legit_BSP/\libhal_bsp.a(alt_get_fd.o)
 .data          0x002900d8        0x0 c:/altera/11.0/nios2eds/bin/gnu/h-i686-mingw32/bin/../lib/gcc/nios2-elf/4.1.2/../../../../nios2-elf/lib/mno-hw-mul\libc.a(lib_a-atexit.o)
 .data          0x002900d8        0x0 c:/altera/11.0/nios2eds/bin/gnu/h-i686-mingw32/bin/../lib/gcc/nios2-elf/4.1.2/../../../../nios2-elf/lib/mno-hw-mul\libc.a(lib_a-exit.o)
 .data          0x002900d8        0x0 c:/altera/11.0/nios2eds/bin/gnu/h-i686-mingw32/bin/../lib/gcc/nios2-elf/4.1.2/../../../../nios2-elf/lib/mno-hw-mul\libc.a(lib_a-memcmp.o)
 .data          0x002900d8        0x0 c:/altera/11.0/nios2eds/bin/gnu/h-i686-mingw32/bin/../lib/gcc/nios2-elf/4.1.2/../../../../nios2-elf/lib/mno-hw-mul\libc.a(lib_a-__atexit.o)
 .data          0x002900d8        0x0 c:/altera/11.0/nios2eds/bin/gnu/h-i686-mingw32/bin/../lib/gcc/nios2-elf/4.1.2/../../../../nios2-elf/lib/mno-hw-mul\libc.a(lib_a-__call_atexit.o)
 .data          0x002900d8        0x0 ../legit_BSP/\libhal_bsp.a(alt_exit.o)
                0x002980d8                _gp = ABSOLUTE ((. + 0x8000))
                0x002980d8                PROVIDE (gp, _gp)
 *(.rwdata .rwdata.*)
 *(.sdata .sdata.* .gnu.linkonce.s.*)
 .sdata         0x002900d8        0x8 c:/altera/11.0/nios2eds/bin/gnu/h-i686-mingw32/bin/../lib/gcc/nios2-elf/4.1.2/../../../../nios2-elf/lib/mno-hw-mul\libc.a(lib_a-impure.o)
                0x002900d8                _impure_ptr
                0x002900dc                _global_impure_ptr
 .sdata         0x002900e0        0x8 c:/altera/11.0/nios2eds/bin/gnu/h-i686-mingw32/bin/../lib/gcc/nios2-elf/4.1.2/../../../../nios2-elf/lib/mno-hw-mul\libc.a(lib_a-locale.o)
                0x002900e0                __mb_cur_max
 .sdata         0x002900e8        0x8 c:/altera/11.0/nios2eds/bin/gnu/h-i686-mingw32/bin/../lib/gcc/nios2-elf/4.1.2/../../../../nios2-elf/lib/mno-hw-mul\libc.a(lib_a-mallocr.o)
                0x002900e8                __malloc_trim_threshold
                0x002900ec                __malloc_sbrk_base
 .sdata         0x002900f0       0x14 ../legit_BSP/\libhal_bsp.a(alt_dev.o)
                0x002900f0                alt_fs_list
                0x002900f8                alt_dev_list
                0x00290100                alt_max_fd
 .sdata         0x00290104        0x4 ../legit_BSP/\libhal_bsp.a(alt_errno.o)
                0x00290104                alt_errno
 .sdata         0x00290108        0x4 ../legit_BSP/\libhal_bsp.a(alt_irq_vars.o)
                0x00290108                alt_priority_mask
 .sdata         0x0029010c        0x4 ../legit_BSP/\libhal_bsp.a(alt_sbrk.o)
 .sdata         0x00290110        0x8 ../legit_BSP/\libhal_bsp.a(alt_tick.o)
                0x00290110                alt_alarm_list
 *(.sdata2 .sdata2.* .gnu.linkonce.s2.*)
                0x00290118                . = ALIGN (0x4)
                0x00290118                _edata = ABSOLUTE (.)
                0x00290118                PROVIDE (edata, ABSOLUTE (.))
                0x00290118                PROVIDE (__ram_rwdata_end, ABSOLUTE (.))
                0x00290118                PROVIDE (__flash_rwdata_start, LOADADDR (.rwdata))

.bss            0x00291ea0      0x370
                0x00291ea0                __bss_start = ABSOLUTE (.)
                0x00291ea0                PROVIDE (__sbss_start, ABSOLUTE (.))
                0x00291ea0                PROVIDE (___sbss_start, ABSOLUTE (.))
 *(.dynsbss)
 *(.sbss .sbss.* .gnu.linkonce.sb.*)
 .sbss          0x00291ea0        0xc obj/drawing.o
                0x00291ea0                delta_theta
                0x00291ea4                x11
                0x00291ea8                y11
 .sbss          0x00291eac       0x74 obj/drawing.o
                0x00291eac                x6
                0x00291eb0                x
                0x00291eb4                x8
                0x00291eb8                y3
                0x00291ebc                y8
                0x00291ec0                x5
                0x00291ec4                vx
                0x00291ec8                y2
                0x00291ecc                x2
                0x00291ed0                theta
                0x00291ed4                fuel
                0x00291ed8                x7
                0x00291edc                ax
                0x00291ee0                y5
                0x00291ee4                y9
                0x00291ee8                y7
                0x00291eec                show_thrust
                0x00291ef0                x4
                0x00291ef4                y10
                0x00291ef8                vy
                0x00291efc                y
                0x00291f00                x3
                0x00291f04                x1
                0x00291f08                x10
                0x00291f0c                x9
                0x00291f10                y6
                0x00291f14                y4
                0x00291f18                ay
                0x00291f1c                y1
 .sbss          0x00291f20        0x4 obj/interrupts.o
                0x00291f20                edge_capture
 .sbss          0x00291f24        0xc c:/altera/11.0/nios2eds/bin/gnu/h-i686-mingw32/bin/../lib/gcc/nios2-elf/4.1.2/../../../../nios2-elf/lib/mno-hw-mul\libc.a(lib_a-locale.o)
                0x00291f24                __nlocale_changed
                0x00291f28                __mlocale_changed
                0x00291f2c                _PathLocale
 .sbss          0x00291f30        0xc c:/altera/11.0/nios2eds/bin/gnu/h-i686-mingw32/bin/../lib/gcc/nios2-elf/4.1.2/../../../../nios2-elf/lib/mno-hw-mul\libc.a(lib_a-mallocr.o)
                0x00291f30                __malloc_top_pad
                0x00291f34                __malloc_max_sbrked_mem
                0x00291f38                __malloc_max_total_mem
 .sbss          0x00291f3c        0x4 c:/altera/11.0/nios2eds/bin/gnu/h-i686-mingw32/bin/../lib/gcc/nios2-elf/4.1.2/../../../../nios2-elf/lib/mno-hw-mul\libc.a(lib_a-int_errno.o)
                0x00291f3c                errno
 .sbss          0x00291f40        0x4 ../legit_BSP/\libhal_bsp.a(alt_irq_vars.o)
                0x00291f40                alt_irq_active
 .sbss          0x00291f44        0xc ../legit_BSP/\libhal_bsp.a(alt_main.o)
                0x00291f44                alt_argc
                0x00291f48                alt_argv
                0x00291f4c                alt_envp
 .sbss          0x00291f50        0x8 ../legit_BSP/\libhal_bsp.a(alt_tick.o)
                0x00291f50                _alt_tick_rate
                0x00291f54                _alt_nticks
 *(.sbss2 .sbss2.* .gnu.linkonce.sb2.*)
 *(.scommon)
                0x00291f58                PROVIDE (__sbss_end, ABSOLUTE (.))
                0x00291f58                PROVIDE (___sbss_end, ABSOLUTE (.))
 *(.dynbss)
 *(.bss .bss.* .gnu.linkonce.b.*)
 .bss           0x00291f58        0x0 ../legit_BSP//obj/HAL/src/crt0.o
 .bss           0x00291f58        0x0 obj/drawing.o
 .bss           0x00291f58        0x0 obj/interrupts.o
 .bss           0x00291f58        0x0 obj/main.o
 .bss           0x00291f58        0x0 c:/altera/11.0/nios2eds/bin/gnu/h-i686-mingw32/bin/../lib/gcc/nios2-elf/4.1.2/mno-hw-mul\libgcc.a(lib2-divmod.o)
 .bss           0x00291f58        0x0 c:/altera/11.0/nios2eds/bin/gnu/h-i686-mingw32/bin/../lib/gcc/nios2-elf/4.1.2/mno-hw-mul\libgcc.a(lib2-mul.o)
 .bss           0x00291f58        0x0 c:/altera/11.0/nios2eds/bin/gnu/h-i686-mingw32/bin/../lib/gcc/nios2-elf/4.1.2/../../../../nios2-elf/lib/mno-hw-mul\libc.a(lib_a-printf.o)
 .bss           0x00291f58        0x0 c:/altera/11.0/nios2eds/bin/gnu/h-i686-mingw32/bin/../lib/gcc/nios2-elf/4.1.2/../../../../nios2-elf/lib/mno-hw-mul\libc.a(lib_a-puts.o)
 .bss           0x00291f58        0x0 c:/altera/11.0/nios2eds/bin/gnu/h-i686-mingw32/bin/../lib/gcc/nios2-elf/4.1.2/../../../../nios2-elf/lib/mno-hw-mul\libc.a(lib_a-strlen.o)
 .bss           0x00291f58        0x0 c:/altera/11.0/nios2eds/bin/gnu/h-i686-mingw32/bin/../lib/gcc/nios2-elf/4.1.2/../../../../nios2-elf/lib/mno-hw-mul\libc.a(lib_a-vfprintf.o)
 .bss           0x00291f58        0x0 c:/altera/11.0/nios2eds/bin/gnu/h-i686-mingw32/bin/../lib/gcc/nios2-elf/4.1.2/../../../../nios2-elf/lib/mno-hw-mul\libc.a(lib_a-wsetup.o)
 .bss           0x00291f58        0x0 c:/altera/11.0/nios2eds/bin/gnu/h-i686-mingw32/bin/../lib/gcc/nios2-elf/4.1.2/../../../../nios2-elf/lib/mno-hw-mul\libc.a(lib_a-dtoa.o)
 .bss           0x00291f58        0x0 c:/altera/11.0/nios2eds/bin/gnu/h-i686-mingw32/bin/../lib/gcc/nios2-elf/4.1.2/../../../../nios2-elf/lib/mno-hw-mul\libc.a(lib_a-fflush.o)
 .bss           0x00291f58        0x0 c:/altera/11.0/nios2eds/bin/gnu/h-i686-mingw32/bin/../lib/gcc/nios2-elf/4.1.2/../../../../nios2-elf/lib/mno-hw-mul\libc.a(lib_a-findfp.o)
 .bss           0x00291f58        0x0 c:/altera/11.0/nios2eds/bin/gnu/h-i686-mingw32/bin/../lib/gcc/nios2-elf/4.1.2/../../../../nios2-elf/lib/mno-hw-mul\libc.a(lib_a-freer.o)
 .bss           0x00291f58        0x0 c:/altera/11.0/nios2eds/bin/gnu/h-i686-mingw32/bin/../lib/gcc/nios2-elf/4.1.2/../../../../nios2-elf/lib/mno-hw-mul\libc.a(lib_a-fvwrite.o)
 .bss           0x00291f58        0x0 c:/altera/11.0/nios2eds/bin/gnu/h-i686-mingw32/bin/../lib/gcc/nios2-elf/4.1.2/../../../../nios2-elf/lib/mno-hw-mul\libc.a(lib_a-fwalk.o)
 .bss           0x00291f58        0x0 c:/altera/11.0/nios2eds/bin/gnu/h-i686-mingw32/bin/../lib/gcc/nios2-elf/4.1.2/../../../../nios2-elf/lib/mno-hw-mul\libc.a(lib_a-impure.o)
 .bss           0x00291f58        0x0 c:/altera/11.0/nios2eds/bin/gnu/h-i686-mingw32/bin/../lib/gcc/nios2-elf/4.1.2/../../../../nios2-elf/lib/mno-hw-mul\libc.a(lib_a-locale.o)
 .bss           0x00291f58        0x0 c:/altera/11.0/nios2eds/bin/gnu/h-i686-mingw32/bin/../lib/gcc/nios2-elf/4.1.2/../../../../nios2-elf/lib/mno-hw-mul\libc.a(lib_a-makebuf.o)
 .bss           0x00291f58       0x28 c:/altera/11.0/nios2eds/bin/gnu/h-i686-mingw32/bin/../lib/gcc/nios2-elf/4.1.2/../../../../nios2-elf/lib/mno-hw-mul\libc.a(lib_a-mallocr.o)
                0x00291f58                __malloc_current_mallinfo
 .bss           0x00291f80        0x0 c:/altera/11.0/nios2eds/bin/gnu/h-i686-mingw32/bin/../lib/gcc/nios2-elf/4.1.2/../../../../nios2-elf/lib/mno-hw-mul\libc.a(lib_a-memchr.o)
 .bss           0x00291f80        0x0 c:/altera/11.0/nios2eds/bin/gnu/h-i686-mingw32/bin/../lib/gcc/nios2-elf/4.1.2/../../../../nios2-elf/lib/mno-hw-mul\libc.a(lib_a-memcpy.o)
 .bss           0x00291f80        0x0 c:/altera/11.0/nios2eds/bin/gnu/h-i686-mingw32/bin/../lib/gcc/nios2-elf/4.1.2/../../../../nios2-elf/lib/mno-hw-mul\libc.a(lib_a-memmove.o)
 .bss           0x00291f80        0x0 c:/altera/11.0/nios2eds/bin/gnu/h-i686-mingw32/bin/../lib/gcc/nios2-elf/4.1.2/../../../../nios2-elf/lib/mno-hw-mul\libc.a(lib_a-memset.o)
 .bss           0x00291f80        0x0 c:/altera/11.0/nios2eds/bin/gnu/h-i686-mingw32/bin/../lib/gcc/nios2-elf/4.1.2/../../../../nios2-elf/lib/mno-hw-mul\libc.a(lib_a-mprec.o)
 .bss           0x00291f80        0x0 c:/altera/11.0/nios2eds/bin/gnu/h-i686-mingw32/bin/../lib/gcc/nios2-elf/4.1.2/../../../../nios2-elf/lib/mno-hw-mul\libc.a(lib_a-reallocr.o)
 .bss           0x00291f80        0x0 c:/altera/11.0/nios2eds/bin/gnu/h-i686-mingw32/bin/../lib/gcc/nios2-elf/4.1.2/../../../../nios2-elf/lib/mno-hw-mul\libc.a(lib_a-s_isinfd.o)
 .bss           0x00291f80        0x0 c:/altera/11.0/nios2eds/bin/gnu/h-i686-mingw32/bin/../lib/gcc/nios2-elf/4.1.2/../../../../nios2-elf/lib/mno-hw-mul\libc.a(lib_a-s_isnand.o)
 .bss           0x00291f80        0x0 c:/altera/11.0/nios2eds/bin/gnu/h-i686-mingw32/bin/../lib/gcc/nios2-elf/4.1.2/../../../../nios2-elf/lib/mno-hw-mul\libc.a(lib_a-sbrkr.o)
 .bss           0x00291f80        0x0 c:/altera/11.0/nios2eds/bin/gnu/h-i686-mingw32/bin/../lib/gcc/nios2-elf/4.1.2/../../../../nios2-elf/lib/mno-hw-mul\libc.a(lib_a-stdio.o)
 .bss           0x00291f80        0x0 c:/altera/11.0/nios2eds/bin/gnu/h-i686-mingw32/bin/../lib/gcc/nios2-elf/4.1.2/../../../../nios2-elf/lib/mno-hw-mul\libc.a(lib_a-strcmp.o)
 .bss           0x00291f80        0x0 c:/altera/11.0/nios2eds/bin/gnu/h-i686-mingw32/bin/../lib/gcc/nios2-elf/4.1.2/../../../../nios2-elf/lib/mno-hw-mul\libc.a(lib_a-writer.o)
 .bss           0x00291f80        0x0 c:/altera/11.0/nios2eds/bin/gnu/h-i686-mingw32/bin/../lib/gcc/nios2-elf/4.1.2/../../../../nios2-elf/lib/mno-hw-mul\libc.a(lib_a-callocr.o)
 .bss           0x00291f80        0x0 c:/altera/11.0/nios2eds/bin/gnu/h-i686-mingw32/bin/../lib/gcc/nios2-elf/4.1.2/../../../../nios2-elf/lib/mno-hw-mul\libc.a(lib_a-closer.o)
 .bss           0x00291f80        0x0 c:/altera/11.0/nios2eds/bin/gnu/h-i686-mingw32/bin/../lib/gcc/nios2-elf/4.1.2/../../../../nios2-elf/lib/mno-hw-mul\libc.a(lib_a-fclose.o)
 .bss           0x00291f80        0x0 c:/altera/11.0/nios2eds/bin/gnu/h-i686-mingw32/bin/../lib/gcc/nios2-elf/4.1.2/../../../../nios2-elf/lib/mno-hw-mul\libc.a(lib_a-fstatr.o)
 .bss           0x00291f80        0x0 c:/altera/11.0/nios2eds/bin/gnu/h-i686-mingw32/bin/../lib/gcc/nios2-elf/4.1.2/../../../../nios2-elf/lib/mno-hw-mul\libc.a(lib_a-int_errno.o)
 .bss           0x00291f80        0x0 c:/altera/11.0/nios2eds/bin/gnu/h-i686-mingw32/bin/../lib/gcc/nios2-elf/4.1.2/../../../../nios2-elf/lib/mno-hw-mul\libc.a(lib_a-isattyr.o)
 .bss           0x00291f80        0x0 c:/altera/11.0/nios2eds/bin/gnu/h-i686-mingw32/bin/../lib/gcc/nios2-elf/4.1.2/../../../../nios2-elf/lib/mno-hw-mul\libc.a(lib_a-lseekr.o)
 .bss           0x00291f80        0x0 c:/altera/11.0/nios2eds/bin/gnu/h-i686-mingw32/bin/../lib/gcc/nios2-elf/4.1.2/../../../../nios2-elf/lib/mno-hw-mul\libc.a(lib_a-readr.o)
 .bss           0x00291f80        0x0 c:/altera/11.0/nios2eds/bin/gnu/h-i686-mingw32/bin/../lib/gcc/nios2-elf/4.1.2/mno-hw-mul\libgcc.a(_udivdi3.o)
 .bss           0x00291f80        0x0 c:/altera/11.0/nios2eds/bin/gnu/h-i686-mingw32/bin/../lib/gcc/nios2-elf/4.1.2/mno-hw-mul\libgcc.a(_umoddi3.o)
 .bss           0x00291f80        0x0 c:/altera/11.0/nios2eds/bin/gnu/h-i686-mingw32/bin/../lib/gcc/nios2-elf/4.1.2/mno-hw-mul\libgcc.a(_addsub_df.o)
 .bss           0x00291f80        0x0 c:/altera/11.0/nios2eds/bin/gnu/h-i686-mingw32/bin/../lib/gcc/nios2-elf/4.1.2/mno-hw-mul\libgcc.a(_mul_df.o)
 .bss           0x00291f80        0x0 c:/altera/11.0/nios2eds/bin/gnu/h-i686-mingw32/bin/../lib/gcc/nios2-elf/4.1.2/mno-hw-mul\libgcc.a(_div_df.o)
 .bss           0x00291f80        0x0 c:/altera/11.0/nios2eds/bin/gnu/h-i686-mingw32/bin/../lib/gcc/nios2-elf/4.1.2/mno-hw-mul\libgcc.a(_eq_df.o)
 .bss           0x00291f80        0x0 c:/altera/11.0/nios2eds/bin/gnu/h-i686-mingw32/bin/../lib/gcc/nios2-elf/4.1.2/mno-hw-mul\libgcc.a(_ne_df.o)
 .bss           0x00291f80        0x0 c:/altera/11.0/nios2eds/bin/gnu/h-i686-mingw32/bin/../lib/gcc/nios2-elf/4.1.2/mno-hw-mul\libgcc.a(_gt_df.o)
 .bss           0x00291f80        0x0 c:/altera/11.0/nios2eds/bin/gnu/h-i686-mingw32/bin/../lib/gcc/nios2-elf/4.1.2/mno-hw-mul\libgcc.a(_ge_df.o)
 .bss           0x00291f80        0x0 c:/altera/11.0/nios2eds/bin/gnu/h-i686-mingw32/bin/../lib/gcc/nios2-elf/4.1.2/mno-hw-mul\libgcc.a(_lt_df.o)
 .bss           0x00291f80        0x0 c:/altera/11.0/nios2eds/bin/gnu/h-i686-mingw32/bin/../lib/gcc/nios2-elf/4.1.2/mno-hw-mul\libgcc.a(_si_to_df.o)
 .bss           0x00291f80        0x0 c:/altera/11.0/nios2eds/bin/gnu/h-i686-mingw32/bin/../lib/gcc/nios2-elf/4.1.2/mno-hw-mul\libgcc.a(_df_to_si.o)
 .bss           0x00291f80        0x0 c:/altera/11.0/nios2eds/bin/gnu/h-i686-mingw32/bin/../lib/gcc/nios2-elf/4.1.2/mno-hw-mul\libgcc.a(_thenan_df.o)
 .bss           0x00291f80        0x0 c:/altera/11.0/nios2eds/bin/gnu/h-i686-mingw32/bin/../lib/gcc/nios2-elf/4.1.2/mno-hw-mul\libgcc.a(_usi_to_df.o)
 .bss           0x00291f80        0x0 c:/altera/11.0/nios2eds/bin/gnu/h-i686-mingw32/bin/../lib/gcc/nios2-elf/4.1.2/mno-hw-mul\libgcc.a(_muldi3.o)
 .bss           0x00291f80        0x0 c:/altera/11.0/nios2eds/bin/gnu/h-i686-mingw32/bin/../lib/gcc/nios2-elf/4.1.2/mno-hw-mul\libgcc.a(_clz.o)
 .bss           0x00291f80        0x0 c:/altera/11.0/nios2eds/bin/gnu/h-i686-mingw32/bin/../lib/gcc/nios2-elf/4.1.2/mno-hw-mul\libgcc.a(_clzsi2.o)
 .bss           0x00291f80        0x0 c:/altera/11.0/nios2eds/bin/gnu/h-i686-mingw32/bin/../lib/gcc/nios2-elf/4.1.2/mno-hw-mul\libgcc.a(_pack_df.o)
 .bss           0x00291f80        0x0 c:/altera/11.0/nios2eds/bin/gnu/h-i686-mingw32/bin/../lib/gcc/nios2-elf/4.1.2/mno-hw-mul\libgcc.a(_unpack_df.o)
 .bss           0x00291f80        0x0 c:/altera/11.0/nios2eds/bin/gnu/h-i686-mingw32/bin/../lib/gcc/nios2-elf/4.1.2/mno-hw-mul\libgcc.a(_fpcmp_parts_df.o)
 .bss           0x00291f80        0x0 ../legit_BSP/\libhal_bsp.a(alt_close.o)
 .bss           0x00291f80        0x0 ../legit_BSP/\libhal_bsp.a(alt_dev.o)
 .bss           0x00291f80        0x0 ../legit_BSP/\libhal_bsp.a(alt_errno.o)
 .bss           0x00291f80        0x0 ../legit_BSP/\libhal_bsp.a(alt_fstat.o)
 .bss           0x00291f80        0x0 ../legit_BSP/\libhal_bsp.a(alt_irq_register.o)
 .bss           0x00291f80        0x0 ../legit_BSP/\libhal_bsp.a(alt_irq_vars.o)
 .bss           0x00291f80        0x0 ../legit_BSP/\libhal_bsp.a(alt_isatty.o)
 .bss           0x00291f80        0x0 ../legit_BSP/\libhal_bsp.a(alt_load.o)
 .bss           0x00291f80        0x0 ../legit_BSP/\libhal_bsp.a(alt_lseek.o)
 .bss           0x00291f80        0x0 ../legit_BSP/\libhal_bsp.a(alt_main.o)
 .bss           0x00291f80        0x0 ../legit_BSP/\libhal_bsp.a(alt_malloc_lock.o)
 .bss           0x00291f80        0x0 ../legit_BSP/\libhal_bsp.a(alt_read.o)
 .bss           0x00291f80        0x0 ../legit_BSP/\libhal_bsp.a(alt_release_fd.o)
 .bss           0x00291f80        0x0 ../legit_BSP/\libhal_bsp.a(alt_sbrk.o)
 .bss           0x00291f80        0x0 ../legit_BSP/\libhal_bsp.a(alt_usleep.o)
 .bss           0x00291f80        0x0 ../legit_BSP/\libhal_bsp.a(alt_write.o)
 .bss           0x00291f80        0x0 ../legit_BSP/\libhal_bsp.a(alt_sys_init.o)
 .bss           0x00291f80        0x0 ../legit_BSP/\libhal_bsp.a(altera_avalon_jtag_uart_fd.o)
 .bss           0x00291f80        0x0 ../legit_BSP/\libhal_bsp.a(altera_avalon_jtag_uart_init.o)
 .bss           0x00291f80        0x0 ../legit_BSP/\libhal_bsp.a(altera_avalon_jtag_uart_ioctl.o)
 .bss           0x00291f80        0x0 ../legit_BSP/\libhal_bsp.a(altera_avalon_jtag_uart_read.o)
 .bss           0x00291f80        0x0 ../legit_BSP/\libhal_bsp.a(altera_avalon_jtag_uart_write.o)
 .bss           0x00291f80        0x0 ../legit_BSP/\libhal_bsp.a(alt_alarm_start.o)
 .bss           0x00291f80        0x0 ../legit_BSP/\libhal_bsp.a(alt_busy_sleep.o)
 .bss           0x00291f80        0x0 ../legit_BSP/\libhal_bsp.a(alt_dcache_flush_all.o)
 .bss           0x00291f80        0x0 ../legit_BSP/\libhal_bsp.a(alt_dev_llist_insert.o)
 .bss           0x00291f80        0x0 ../legit_BSP/\libhal_bsp.a(alt_do_ctors.o)
 .bss           0x00291f80        0x0 ../legit_BSP/\libhal_bsp.a(alt_do_dtors.o)
 .bss           0x00291f80        0x0 ../legit_BSP/\libhal_bsp.a(alt_icache_flush_all.o)
 .bss           0x00291f80        0x0 ../legit_BSP/\libhal_bsp.a(alt_iic.o)
 .bss           0x00291f80        0x0 ../legit_BSP/\libhal_bsp.a(alt_iic_isr_register.o)
 .bss           0x00291f80        0x0 ../legit_BSP/\libhal_bsp.a(alt_io_redirect.o)
 .bss           0x00291f80        0x0 ../legit_BSP/\libhal_bsp.a(alt_irq_entry.o)
 .bss           0x00291f80        0x0 ../legit_BSP/\libhal_bsp.a(alt_irq_handler.o)
 .bss           0x00291f80        0x0 ../legit_BSP/\libhal_bsp.a(alt_open.o)
 .bss           0x00291f80        0x0 ../legit_BSP/\libhal_bsp.a(alt_tick.o)
 .bss           0x00291f80        0x0 ../legit_BSP/\libhal_bsp.a(altera_nios2_irq.o)
 .bss           0x00291f80        0x0 ../legit_BSP/\libhal_bsp.a(alt_exception_entry.o)
 .bss           0x00291f80        0x0 ../legit_BSP/\libhal_bsp.a(alt_find_dev.o)
 .bss           0x00291f80        0x0 ../legit_BSP/\libhal_bsp.a(alt_find_file.o)
 .bss           0x00291f80        0x0 ../legit_BSP/\libhal_bsp.a(alt_get_fd.o)
 .bss           0x00291f80        0x0 c:/altera/11.0/nios2eds/bin/gnu/h-i686-mingw32/bin/../lib/gcc/nios2-elf/4.1.2/../../../../nios2-elf/lib/mno-hw-mul\libc.a(lib_a-atexit.o)
 .bss           0x00291f80        0x0 c:/altera/11.0/nios2eds/bin/gnu/h-i686-mingw32/bin/../lib/gcc/nios2-elf/4.1.2/../../../../nios2-elf/lib/mno-hw-mul\libc.a(lib_a-exit.o)
 .bss           0x00291f80        0x0 c:/altera/11.0/nios2eds/bin/gnu/h-i686-mingw32/bin/../lib/gcc/nios2-elf/4.1.2/../../../../nios2-elf/lib/mno-hw-mul\libc.a(lib_a-memcmp.o)
 .bss           0x00291f80        0x0 c:/altera/11.0/nios2eds/bin/gnu/h-i686-mingw32/bin/../lib/gcc/nios2-elf/4.1.2/../../../../nios2-elf/lib/mno-hw-mul\libc.a(lib_a-__atexit.o)
 .bss           0x00291f80        0x0 c:/altera/11.0/nios2eds/bin/gnu/h-i686-mingw32/bin/../lib/gcc/nios2-elf/4.1.2/../../../../nios2-elf/lib/mno-hw-mul\libc.a(lib_a-__call_atexit.o)
 .bss           0x00291f80        0x0 ../legit_BSP/\libhal_bsp.a(alt_exit.o)
 *(COMMON)
 COMMON         0x00291f80      0x100 ../legit_BSP/\libhal_bsp.a(alt_irq_handler.o)
                0x00291f80                alt_irq
 COMMON         0x00292080      0x190 c:/altera/11.0/nios2eds/bin/gnu/h-i686-mingw32/bin/../lib/gcc/nios2-elf/4.1.2/../../../../nios2-elf/lib/mno-hw-mul\libc.a(lib_a-atexit.o)
                0x00292080                _atexit0
                0x00292210                . = ALIGN (0x4)
                0x00292210                __bss_end = ABSOLUTE (.)

.Onchip_Memory  0x00292210        0x0
                0x00292210                PROVIDE (_alt_partition_Onchip_Memory_start, ABSOLUTE (.))
 *(.Onchip_Memory. Onchip_Memory.*)
                0x00292210                . = ALIGN (0x4)
                0x00292210                PROVIDE (_alt_partition_Onchip_Memory_end, ABSOLUTE (.))
                0x00292210                _end = ABSOLUTE (.)
                0x00292210                end = ABSOLUTE (.)
                0x00292210                __alt_stack_base = ABSOLUTE (.)
                0x00292210                PROVIDE (_alt_partition_Onchip_Memory_load_addr, LOADADDR (.Onchip_Memory))

.stab
 *(.stab)

.stabstr
 *(.stabstr)

.stab.excl
 *(.stab.excl)

.stab.exclstr
 *(.stab.exclstr)

.stab.index
 *(.stab.index)

.stab.indexstr
 *(.stab.indexstr)

.comment        0x00000000       0x23
 *(.comment)
 .comment       0x00000000       0x23 obj/drawing.o
                                 0x24 (size before relaxing)
 .comment       0x00000000       0x24 obj/interrupts.o
 .comment       0x00000000       0x24 obj/main.o
 .comment       0x00000000       0x24 c:/altera/11.0/nios2eds/bin/gnu/h-i686-mingw32/bin/../lib/gcc/nios2-elf/4.1.2/mno-hw-mul\libgcc.a(lib2-divmod.o)
 .comment       0x00000000       0x24 c:/altera/11.0/nios2eds/bin/gnu/h-i686-mingw32/bin/../lib/gcc/nios2-elf/4.1.2/mno-hw-mul\libgcc.a(lib2-mul.o)
 .comment       0x00000000       0x24 c:/altera/11.0/nios2eds/bin/gnu/h-i686-mingw32/bin/../lib/gcc/nios2-elf/4.1.2/../../../../nios2-elf/lib/mno-hw-mul\libc.a(lib_a-printf.o)
 .comment       0x00000000       0x24 c:/altera/11.0/nios2eds/bin/gnu/h-i686-mingw32/bin/../lib/gcc/nios2-elf/4.1.2/../../../../nios2-elf/lib/mno-hw-mul\libc.a(lib_a-puts.o)
 .comment       0x00000000       0x24 c:/altera/11.0/nios2eds/bin/gnu/h-i686-mingw32/bin/../lib/gcc/nios2-elf/4.1.2/../../../../nios2-elf/lib/mno-hw-mul\libc.a(lib_a-strlen.o)
 .comment       0x00000000       0x24 c:/altera/11.0/nios2eds/bin/gnu/h-i686-mingw32/bin/../lib/gcc/nios2-elf/4.1.2/../../../../nios2-elf/lib/mno-hw-mul\libc.a(lib_a-vfprintf.o)
 .comment       0x00000000       0x24 c:/altera/11.0/nios2eds/bin/gnu/h-i686-mingw32/bin/../lib/gcc/nios2-elf/4.1.2/../../../../nios2-elf/lib/mno-hw-mul\libc.a(lib_a-wsetup.o)
 .comment       0x00000000       0x24 c:/altera/11.0/nios2eds/bin/gnu/h-i686-mingw32/bin/../lib/gcc/nios2-elf/4.1.2/../../../../nios2-elf/lib/mno-hw-mul\libc.a(lib_a-dtoa.o)
 .comment       0x00000000       0x24 c:/altera/11.0/nios2eds/bin/gnu/h-i686-mingw32/bin/../lib/gcc/nios2-elf/4.1.2/../../../../nios2-elf/lib/mno-hw-mul\libc.a(lib_a-fflush.o)
 .comment       0x00000000       0x24 c:/altera/11.0/nios2eds/bin/gnu/h-i686-mingw32/bin/../lib/gcc/nios2-elf/4.1.2/../../../../nios2-elf/lib/mno-hw-mul\libc.a(lib_a-findfp.o)
 .comment       0x00000000       0x24 c:/altera/11.0/nios2eds/bin/gnu/h-i686-mingw32/bin/../lib/gcc/nios2-elf/4.1.2/../../../../nios2-elf/lib/mno-hw-mul\libc.a(lib_a-freer.o)
 .comment       0x00000000       0x24 c:/altera/11.0/nios2eds/bin/gnu/h-i686-mingw32/bin/../lib/gcc/nios2-elf/4.1.2/../../../../nios2-elf/lib/mno-hw-mul\libc.a(lib_a-fvwrite.o)
 .comment       0x00000000       0x24 c:/altera/11.0/nios2eds/bin/gnu/h-i686-mingw32/bin/../lib/gcc/nios2-elf/4.1.2/../../../../nios2-elf/lib/mno-hw-mul\libc.a(lib_a-fwalk.o)
 .comment       0x00000000       0x24 c:/altera/11.0/nios2eds/bin/gnu/h-i686-mingw32/bin/../lib/gcc/nios2-elf/4.1.2/../../../../nios2-elf/lib/mno-hw-mul\libc.a(lib_a-impure.o)
 .comment       0x00000000       0x24 c:/altera/11.0/nios2eds/bin/gnu/h-i686-mingw32/bin/../lib/gcc/nios2-elf/4.1.2/../../../../nios2-elf/lib/mno-hw-mul\libc.a(lib_a-locale.o)
 .comment       0x00000000       0x24 c:/altera/11.0/nios2eds/bin/gnu/h-i686-mingw32/bin/../lib/gcc/nios2-elf/4.1.2/../../../../nios2-elf/lib/mno-hw-mul\libc.a(lib_a-makebuf.o)
 .comment       0x00000000       0x24 c:/altera/11.0/nios2eds/bin/gnu/h-i686-mingw32/bin/../lib/gcc/nios2-elf/4.1.2/../../../../nios2-elf/lib/mno-hw-mul\libc.a(lib_a-mallocr.o)
 .comment       0x00000000       0x24 c:/altera/11.0/nios2eds/bin/gnu/h-i686-mingw32/bin/../lib/gcc/nios2-elf/4.1.2/../../../../nios2-elf/lib/mno-hw-mul\libc.a(lib_a-memchr.o)
 .comment       0x00000000       0x24 c:/altera/11.0/nios2eds/bin/gnu/h-i686-mingw32/bin/../lib/gcc/nios2-elf/4.1.2/../../../../nios2-elf/lib/mno-hw-mul\libc.a(lib_a-memcpy.o)
 .comment       0x00000000       0x24 c:/altera/11.0/nios2eds/bin/gnu/h-i686-mingw32/bin/../lib/gcc/nios2-elf/4.1.2/../../../../nios2-elf/lib/mno-hw-mul\libc.a(lib_a-memmove.o)
 .comment       0x00000000       0x24 c:/altera/11.0/nios2eds/bin/gnu/h-i686-mingw32/bin/../lib/gcc/nios2-elf/4.1.2/../../../../nios2-elf/lib/mno-hw-mul\libc.a(lib_a-memset.o)
 .comment       0x00000000       0x24 c:/altera/11.0/nios2eds/bin/gnu/h-i686-mingw32/bin/../lib/gcc/nios2-elf/4.1.2/../../../../nios2-elf/lib/mno-hw-mul\libc.a(lib_a-mprec.o)
 .comment       0x00000000       0x24 c:/altera/11.0/nios2eds/bin/gnu/h-i686-mingw32/bin/../lib/gcc/nios2-elf/4.1.2/../../../../nios2-elf/lib/mno-hw-mul\libc.a(lib_a-reallocr.o)
 .comment       0x00000000       0x24 c:/altera/11.0/nios2eds/bin/gnu/h-i686-mingw32/bin/../lib/gcc/nios2-elf/4.1.2/../../../../nios2-elf/lib/mno-hw-mul\libc.a(lib_a-s_isinfd.o)
 .comment       0x00000000       0x24 c:/altera/11.0/nios2eds/bin/gnu/h-i686-mingw32/bin/../lib/gcc/nios2-elf/4.1.2/../../../../nios2-elf/lib/mno-hw-mul\libc.a(lib_a-s_isnand.o)
 .comment       0x00000000       0x24 c:/altera/11.0/nios2eds/bin/gnu/h-i686-mingw32/bin/../lib/gcc/nios2-elf/4.1.2/../../../../nios2-elf/lib/mno-hw-mul\libc.a(lib_a-sbrkr.o)
 .comment       0x00000000       0x24 c:/altera/11.0/nios2eds/bin/gnu/h-i686-mingw32/bin/../lib/gcc/nios2-elf/4.1.2/../../../../nios2-elf/lib/mno-hw-mul\libc.a(lib_a-stdio.o)
 .comment       0x00000000       0x24 c:/altera/11.0/nios2eds/bin/gnu/h-i686-mingw32/bin/../lib/gcc/nios2-elf/4.1.2/../../../../nios2-elf/lib/mno-hw-mul\libc.a(lib_a-strcmp.o)
 .comment       0x00000000       0x24 c:/altera/11.0/nios2eds/bin/gnu/h-i686-mingw32/bin/../lib/gcc/nios2-elf/4.1.2/../../../../nios2-elf/lib/mno-hw-mul\libc.a(lib_a-writer.o)
 .comment       0x00000000       0x24 c:/altera/11.0/nios2eds/bin/gnu/h-i686-mingw32/bin/../lib/gcc/nios2-elf/4.1.2/../../../../nios2-elf/lib/mno-hw-mul\libc.a(lib_a-callocr.o)
 .comment       0x00000000       0x24 c:/altera/11.0/nios2eds/bin/gnu/h-i686-mingw32/bin/../lib/gcc/nios2-elf/4.1.2/../../../../nios2-elf/lib/mno-hw-mul\libc.a(lib_a-closer.o)
 .comment       0x00000000       0x24 c:/altera/11.0/nios2eds/bin/gnu/h-i686-mingw32/bin/../lib/gcc/nios2-elf/4.1.2/../../../../nios2-elf/lib/mno-hw-mul\libc.a(lib_a-fclose.o)
 .comment       0x00000000       0x24 c:/altera/11.0/nios2eds/bin/gnu/h-i686-mingw32/bin/../lib/gcc/nios2-elf/4.1.2/../../../../nios2-elf/lib/mno-hw-mul\libc.a(lib_a-fstatr.o)
 .comment       0x00000000       0x24 c:/altera/11.0/nios2eds/bin/gnu/h-i686-mingw32/bin/../lib/gcc/nios2-elf/4.1.2/../../../../nios2-elf/lib/mno-hw-mul\libc.a(lib_a-int_errno.o)
 .comment       0x00000000       0x24 c:/altera/11.0/nios2eds/bin/gnu/h-i686-mingw32/bin/../lib/gcc/nios2-elf/4.1.2/../../../../nios2-elf/lib/mno-hw-mul\libc.a(lib_a-isattyr.o)
 .comment       0x00000000       0x24 c:/altera/11.0/nios2eds/bin/gnu/h-i686-mingw32/bin/../lib/gcc/nios2-elf/4.1.2/../../../../nios2-elf/lib/mno-hw-mul\libc.a(lib_a-lseekr.o)
 .comment       0x00000000       0x24 c:/altera/11.0/nios2eds/bin/gnu/h-i686-mingw32/bin/../lib/gcc/nios2-elf/4.1.2/../../../../nios2-elf/lib/mno-hw-mul\libc.a(lib_a-readr.o)
 .comment       0x00000000       0x24 c:/altera/11.0/nios2eds/bin/gnu/h-i686-mingw32/bin/../lib/gcc/nios2-elf/4.1.2/mno-hw-mul\libgcc.a(_udivdi3.o)
 .comment       0x00000000       0x24 c:/altera/11.0/nios2eds/bin/gnu/h-i686-mingw32/bin/../lib/gcc/nios2-elf/4.1.2/mno-hw-mul\libgcc.a(_umoddi3.o)
 .comment       0x00000000       0x24 c:/altera/11.0/nios2eds/bin/gnu/h-i686-mingw32/bin/../lib/gcc/nios2-elf/4.1.2/mno-hw-mul\libgcc.a(_addsub_df.o)
 .comment       0x00000000       0x24 c:/altera/11.0/nios2eds/bin/gnu/h-i686-mingw32/bin/../lib/gcc/nios2-elf/4.1.2/mno-hw-mul\libgcc.a(_mul_df.o)
 .comment       0x00000000       0x24 c:/altera/11.0/nios2eds/bin/gnu/h-i686-mingw32/bin/../lib/gcc/nios2-elf/4.1.2/mno-hw-mul\libgcc.a(_div_df.o)
 .comment       0x00000000       0x24 c:/altera/11.0/nios2eds/bin/gnu/h-i686-mingw32/bin/../lib/gcc/nios2-elf/4.1.2/mno-hw-mul\libgcc.a(_eq_df.o)
 .comment       0x00000000       0x24 c:/altera/11.0/nios2eds/bin/gnu/h-i686-mingw32/bin/../lib/gcc/nios2-elf/4.1.2/mno-hw-mul\libgcc.a(_ne_df.o)
 .comment       0x00000000       0x24 c:/altera/11.0/nios2eds/bin/gnu/h-i686-mingw32/bin/../lib/gcc/nios2-elf/4.1.2/mno-hw-mul\libgcc.a(_gt_df.o)
 .comment       0x00000000       0x24 c:/altera/11.0/nios2eds/bin/gnu/h-i686-mingw32/bin/../lib/gcc/nios2-elf/4.1.2/mno-hw-mul\libgcc.a(_ge_df.o)
 .comment       0x00000000       0x24 c:/altera/11.0/nios2eds/bin/gnu/h-i686-mingw32/bin/../lib/gcc/nios2-elf/4.1.2/mno-hw-mul\libgcc.a(_lt_df.o)
 .comment       0x00000000       0x24 c:/altera/11.0/nios2eds/bin/gnu/h-i686-mingw32/bin/../lib/gcc/nios2-elf/4.1.2/mno-hw-mul\libgcc.a(_si_to_df.o)
 .comment       0x00000000       0x24 c:/altera/11.0/nios2eds/bin/gnu/h-i686-mingw32/bin/../lib/gcc/nios2-elf/4.1.2/mno-hw-mul\libgcc.a(_df_to_si.o)
 .comment       0x00000000       0x24 c:/altera/11.0/nios2eds/bin/gnu/h-i686-mingw32/bin/../lib/gcc/nios2-elf/4.1.2/mno-hw-mul\libgcc.a(_thenan_df.o)
 .comment       0x00000000       0x24 c:/altera/11.0/nios2eds/bin/gnu/h-i686-mingw32/bin/../lib/gcc/nios2-elf/4.1.2/mno-hw-mul\libgcc.a(_usi_to_df.o)
 .comment       0x00000000       0x24 c:/altera/11.0/nios2eds/bin/gnu/h-i686-mingw32/bin/../lib/gcc/nios2-elf/4.1.2/mno-hw-mul\libgcc.a(_muldi3.o)
 .comment       0x00000000       0x24 c:/altera/11.0/nios2eds/bin/gnu/h-i686-mingw32/bin/../lib/gcc/nios2-elf/4.1.2/mno-hw-mul\libgcc.a(_clz.o)
 .comment       0x00000000       0x24 c:/altera/11.0/nios2eds/bin/gnu/h-i686-mingw32/bin/../lib/gcc/nios2-elf/4.1.2/mno-hw-mul\libgcc.a(_clzsi2.o)
 .comment       0x00000000       0x24 c:/altera/11.0/nios2eds/bin/gnu/h-i686-mingw32/bin/../lib/gcc/nios2-elf/4.1.2/mno-hw-mul\libgcc.a(_pack_df.o)
 .comment       0x00000000       0x24 c:/altera/11.0/nios2eds/bin/gnu/h-i686-mingw32/bin/../lib/gcc/nios2-elf/4.1.2/mno-hw-mul\libgcc.a(_unpack_df.o)
 .comment       0x00000000       0x24 c:/altera/11.0/nios2eds/bin/gnu/h-i686-mingw32/bin/../lib/gcc/nios2-elf/4.1.2/mno-hw-mul\libgcc.a(_fpcmp_parts_df.o)
 .comment       0x00000000       0x24 ../legit_BSP/\libhal_bsp.a(alt_close.o)
 .comment       0x00000000       0x24 ../legit_BSP/\libhal_bsp.a(alt_dev.o)
 .comment       0x00000000       0x24 ../legit_BSP/\libhal_bsp.a(alt_errno.o)
 .comment       0x00000000       0x24 ../legit_BSP/\libhal_bsp.a(alt_fstat.o)
 .comment       0x00000000       0x24 ../legit_BSP/\libhal_bsp.a(alt_irq_register.o)
 .comment       0x00000000       0x24 ../legit_BSP/\libhal_bsp.a(alt_irq_vars.o)
 .comment       0x00000000       0x24 ../legit_BSP/\libhal_bsp.a(alt_isatty.o)
 .comment       0x00000000       0x24 ../legit_BSP/\libhal_bsp.a(alt_load.o)
 .comment       0x00000000       0x24 ../legit_BSP/\libhal_bsp.a(alt_lseek.o)
 .comment       0x00000000       0x24 ../legit_BSP/\libhal_bsp.a(alt_main.o)
 .comment       0x00000000       0x24 ../legit_BSP/\libhal_bsp.a(alt_malloc_lock.o)
 .comment       0x00000000       0x24 ../legit_BSP/\libhal_bsp.a(alt_read.o)
 .comment       0x00000000       0x24 ../legit_BSP/\libhal_bsp.a(alt_release_fd.o)
 .comment       0x00000000       0x24 ../legit_BSP/\libhal_bsp.a(alt_sbrk.o)
 .comment       0x00000000       0x24 ../legit_BSP/\libhal_bsp.a(alt_usleep.o)
 .comment       0x00000000       0x24 ../legit_BSP/\libhal_bsp.a(alt_write.o)
 .comment       0x00000000       0x24 ../legit_BSP/\libhal_bsp.a(alt_sys_init.o)
 .comment       0x00000000       0x24 ../legit_BSP/\libhal_bsp.a(altera_avalon_jtag_uart_fd.o)
 .comment       0x00000000       0x24 ../legit_BSP/\libhal_bsp.a(altera_avalon_jtag_uart_init.o)
 .comment       0x00000000       0x24 ../legit_BSP/\libhal_bsp.a(altera_avalon_jtag_uart_ioctl.o)
 .comment       0x00000000       0x24 ../legit_BSP/\libhal_bsp.a(altera_avalon_jtag_uart_read.o)
 .comment       0x00000000       0x24 ../legit_BSP/\libhal_bsp.a(altera_avalon_jtag_uart_write.o)
 .comment       0x00000000       0x24 ../legit_BSP/\libhal_bsp.a(alt_alarm_start.o)
 .comment       0x00000000       0x24 ../legit_BSP/\libhal_bsp.a(alt_busy_sleep.o)
 .comment       0x00000000       0x24 ../legit_BSP/\libhal_bsp.a(alt_dcache_flush_all.o)
 .comment       0x00000000       0x24 ../legit_BSP/\libhal_bsp.a(alt_dev_llist_insert.o)
 .comment       0x00000000       0x24 ../legit_BSP/\libhal_bsp.a(alt_do_ctors.o)
 .comment       0x00000000       0x24 ../legit_BSP/\libhal_bsp.a(alt_do_dtors.o)
 .comment       0x00000000       0x24 ../legit_BSP/\libhal_bsp.a(alt_icache_flush_all.o)
 .comment       0x00000000       0x24 ../legit_BSP/\libhal_bsp.a(alt_iic.o)
 .comment       0x00000000       0x24 ../legit_BSP/\libhal_bsp.a(alt_iic_isr_register.o)
 .comment       0x00000000       0x24 ../legit_BSP/\libhal_bsp.a(alt_io_redirect.o)
 .comment       0x00000000       0x24 ../legit_BSP/\libhal_bsp.a(alt_irq_handler.o)
 .comment       0x00000000       0x24 ../legit_BSP/\libhal_bsp.a(alt_open.o)
 .comment       0x00000000       0x24 ../legit_BSP/\libhal_bsp.a(alt_tick.o)
 .comment       0x00000000       0x24 ../legit_BSP/\libhal_bsp.a(altera_nios2_irq.o)
 .comment       0x00000000       0x24 ../legit_BSP/\libhal_bsp.a(alt_find_dev.o)
 .comment       0x00000000       0x24 ../legit_BSP/\libhal_bsp.a(alt_find_file.o)
 .comment       0x00000000       0x24 ../legit_BSP/\libhal_bsp.a(alt_get_fd.o)
 .comment       0x00000000       0x24 c:/altera/11.0/nios2eds/bin/gnu/h-i686-mingw32/bin/../lib/gcc/nios2-elf/4.1.2/../../../../nios2-elf/lib/mno-hw-mul\libc.a(lib_a-atexit.o)
 .comment       0x00000000       0x24 c:/altera/11.0/nios2eds/bin/gnu/h-i686-mingw32/bin/../lib/gcc/nios2-elf/4.1.2/../../../../nios2-elf/lib/mno-hw-mul\libc.a(lib_a-exit.o)
 .comment       0x00000000       0x24 c:/altera/11.0/nios2eds/bin/gnu/h-i686-mingw32/bin/../lib/gcc/nios2-elf/4.1.2/../../../../nios2-elf/lib/mno-hw-mul\libc.a(lib_a-memcmp.o)
 .comment       0x00000000       0x24 c:/altera/11.0/nios2eds/bin/gnu/h-i686-mingw32/bin/../lib/gcc/nios2-elf/4.1.2/../../../../nios2-elf/lib/mno-hw-mul\libc.a(lib_a-__atexit.o)
 .comment       0x00000000       0x24 c:/altera/11.0/nios2eds/bin/gnu/h-i686-mingw32/bin/../lib/gcc/nios2-elf/4.1.2/../../../../nios2-elf/lib/mno-hw-mul\libc.a(lib_a-__call_atexit.o)
 .comment       0x00000000       0x24 ../legit_BSP/\libhal_bsp.a(alt_exit.o)

.debug
 *(.debug)

.line
 *(.line)

.debug_srcinfo
 *(.debug_srcinfo)

.debug_sfnames
 *(.debug_sfnames)

.debug_aranges  0x00000000      0xcf8
 *(.debug_aranges)
 .debug_aranges
                0x00000000       0x28 ../legit_BSP//obj/HAL/src/crt0.o
 .debug_aranges
                0x00000028       0x20 obj/drawing.o
 .debug_aranges
                0x00000048       0x20 obj/interrupts.o
 .debug_aranges
                0x00000068       0x20 obj/main.o
 .debug_aranges
                0x00000088       0x20 c:/altera/11.0/nios2eds/bin/gnu/h-i686-mingw32/bin/../lib/gcc/nios2-elf/4.1.2/mno-hw-mul\libgcc.a(lib2-divmod.o)
 .debug_aranges
                0x000000a8       0x20 c:/altera/11.0/nios2eds/bin/gnu/h-i686-mingw32/bin/../lib/gcc/nios2-elf/4.1.2/mno-hw-mul\libgcc.a(lib2-mul.o)
 .debug_aranges
                0x000000c8       0x20 c:/altera/11.0/nios2eds/bin/gnu/h-i686-mingw32/bin/../lib/gcc/nios2-elf/4.1.2/../../../../nios2-elf/lib/mno-hw-mul\libc.a(lib_a-printf.o)
 .debug_aranges
                0x000000e8       0x20 c:/altera/11.0/nios2eds/bin/gnu/h-i686-mingw32/bin/../lib/gcc/nios2-elf/4.1.2/../../../../nios2-elf/lib/mno-hw-mul\libc.a(lib_a-puts.o)
 .debug_aranges
                0x00000108       0x20 c:/altera/11.0/nios2eds/bin/gnu/h-i686-mingw32/bin/../lib/gcc/nios2-elf/4.1.2/../../../../nios2-elf/lib/mno-hw-mul\libc.a(lib_a-strlen.o)
 .debug_aranges
                0x00000128       0x20 c:/altera/11.0/nios2eds/bin/gnu/h-i686-mingw32/bin/../lib/gcc/nios2-elf/4.1.2/../../../../nios2-elf/lib/mno-hw-mul\libc.a(lib_a-vfprintf.o)
 .debug_aranges
                0x00000148       0x20 c:/altera/11.0/nios2eds/bin/gnu/h-i686-mingw32/bin/../lib/gcc/nios2-elf/4.1.2/../../../../nios2-elf/lib/mno-hw-mul\libc.a(lib_a-wsetup.o)
 .debug_aranges
                0x00000168       0x20 c:/altera/11.0/nios2eds/bin/gnu/h-i686-mingw32/bin/../lib/gcc/nios2-elf/4.1.2/../../../../nios2-elf/lib/mno-hw-mul\libc.a(lib_a-dtoa.o)
 .debug_aranges
                0x00000188       0x20 c:/altera/11.0/nios2eds/bin/gnu/h-i686-mingw32/bin/../lib/gcc/nios2-elf/4.1.2/../../../../nios2-elf/lib/mno-hw-mul\libc.a(lib_a-fflush.o)
 .debug_aranges
                0x000001a8       0x20 c:/altera/11.0/nios2eds/bin/gnu/h-i686-mingw32/bin/../lib/gcc/nios2-elf/4.1.2/../../../../nios2-elf/lib/mno-hw-mul\libc.a(lib_a-findfp.o)
 .debug_aranges
                0x000001c8       0x20 c:/altera/11.0/nios2eds/bin/gnu/h-i686-mingw32/bin/../lib/gcc/nios2-elf/4.1.2/../../../../nios2-elf/lib/mno-hw-mul\libc.a(lib_a-freer.o)
 .debug_aranges
                0x000001e8       0x20 c:/altera/11.0/nios2eds/bin/gnu/h-i686-mingw32/bin/../lib/gcc/nios2-elf/4.1.2/../../../../nios2-elf/lib/mno-hw-mul\libc.a(lib_a-fvwrite.o)
 .debug_aranges
                0x00000208       0x20 c:/altera/11.0/nios2eds/bin/gnu/h-i686-mingw32/bin/../lib/gcc/nios2-elf/4.1.2/../../../../nios2-elf/lib/mno-hw-mul\libc.a(lib_a-fwalk.o)
 .debug_aranges
                0x00000228       0x20 c:/altera/11.0/nios2eds/bin/gnu/h-i686-mingw32/bin/../lib/gcc/nios2-elf/4.1.2/../../../../nios2-elf/lib/mno-hw-mul\libc.a(lib_a-locale.o)
 .debug_aranges
                0x00000248       0x20 c:/altera/11.0/nios2eds/bin/gnu/h-i686-mingw32/bin/../lib/gcc/nios2-elf/4.1.2/../../../../nios2-elf/lib/mno-hw-mul\libc.a(lib_a-makebuf.o)
 .debug_aranges
                0x00000268       0x20 c:/altera/11.0/nios2eds/bin/gnu/h-i686-mingw32/bin/../lib/gcc/nios2-elf/4.1.2/../../../../nios2-elf/lib/mno-hw-mul\libc.a(lib_a-mallocr.o)
 .debug_aranges
                0x00000288       0x20 c:/altera/11.0/nios2eds/bin/gnu/h-i686-mingw32/bin/../lib/gcc/nios2-elf/4.1.2/../../../../nios2-elf/lib/mno-hw-mul\libc.a(lib_a-memchr.o)
 .debug_aranges
                0x000002a8       0x20 c:/altera/11.0/nios2eds/bin/gnu/h-i686-mingw32/bin/../lib/gcc/nios2-elf/4.1.2/../../../../nios2-elf/lib/mno-hw-mul\libc.a(lib_a-memcpy.o)
 .debug_aranges
                0x000002c8       0x20 c:/altera/11.0/nios2eds/bin/gnu/h-i686-mingw32/bin/../lib/gcc/nios2-elf/4.1.2/../../../../nios2-elf/lib/mno-hw-mul\libc.a(lib_a-memmove.o)
 .debug_aranges
                0x000002e8       0x20 c:/altera/11.0/nios2eds/bin/gnu/h-i686-mingw32/bin/../lib/gcc/nios2-elf/4.1.2/../../../../nios2-elf/lib/mno-hw-mul\libc.a(lib_a-memset.o)
 .debug_aranges
                0x00000308       0x20 c:/altera/11.0/nios2eds/bin/gnu/h-i686-mingw32/bin/../lib/gcc/nios2-elf/4.1.2/../../../../nios2-elf/lib/mno-hw-mul\libc.a(lib_a-mprec.o)
 .debug_aranges
                0x00000328       0x20 c:/altera/11.0/nios2eds/bin/gnu/h-i686-mingw32/bin/../lib/gcc/nios2-elf/4.1.2/../../../../nios2-elf/lib/mno-hw-mul\libc.a(lib_a-reallocr.o)
 .debug_aranges
                0x00000348       0x20 c:/altera/11.0/nios2eds/bin/gnu/h-i686-mingw32/bin/../lib/gcc/nios2-elf/4.1.2/../../../../nios2-elf/lib/mno-hw-mul\libc.a(lib_a-s_isinfd.o)
 .debug_aranges
                0x00000368       0x20 c:/altera/11.0/nios2eds/bin/gnu/h-i686-mingw32/bin/../lib/gcc/nios2-elf/4.1.2/../../../../nios2-elf/lib/mno-hw-mul\libc.a(lib_a-s_isnand.o)
 .debug_aranges
                0x00000388       0x20 c:/altera/11.0/nios2eds/bin/gnu/h-i686-mingw32/bin/../lib/gcc/nios2-elf/4.1.2/../../../../nios2-elf/lib/mno-hw-mul\libc.a(lib_a-sbrkr.o)
 .debug_aranges
                0x000003a8       0x20 c:/altera/11.0/nios2eds/bin/gnu/h-i686-mingw32/bin/../lib/gcc/nios2-elf/4.1.2/../../../../nios2-elf/lib/mno-hw-mul\libc.a(lib_a-stdio.o)
 .debug_aranges
                0x000003c8       0x20 c:/altera/11.0/nios2eds/bin/gnu/h-i686-mingw32/bin/../lib/gcc/nios2-elf/4.1.2/../../../../nios2-elf/lib/mno-hw-mul\libc.a(lib_a-strcmp.o)
 .debug_aranges
                0x000003e8       0x20 c:/altera/11.0/nios2eds/bin/gnu/h-i686-mingw32/bin/../lib/gcc/nios2-elf/4.1.2/../../../../nios2-elf/lib/mno-hw-mul\libc.a(lib_a-writer.o)
 .debug_aranges
                0x00000408       0x20 c:/altera/11.0/nios2eds/bin/gnu/h-i686-mingw32/bin/../lib/gcc/nios2-elf/4.1.2/../../../../nios2-elf/lib/mno-hw-mul\libc.a(lib_a-callocr.o)
 .debug_aranges
                0x00000428       0x20 c:/altera/11.0/nios2eds/bin/gnu/h-i686-mingw32/bin/../lib/gcc/nios2-elf/4.1.2/../../../../nios2-elf/lib/mno-hw-mul\libc.a(lib_a-closer.o)
 .debug_aranges
                0x00000448       0x20 c:/altera/11.0/nios2eds/bin/gnu/h-i686-mingw32/bin/../lib/gcc/nios2-elf/4.1.2/../../../../nios2-elf/lib/mno-hw-mul\libc.a(lib_a-fclose.o)
 .debug_aranges
                0x00000468       0x20 c:/altera/11.0/nios2eds/bin/gnu/h-i686-mingw32/bin/../lib/gcc/nios2-elf/4.1.2/../../../../nios2-elf/lib/mno-hw-mul\libc.a(lib_a-fstatr.o)
 .debug_aranges
                0x00000488       0x20 c:/altera/11.0/nios2eds/bin/gnu/h-i686-mingw32/bin/../lib/gcc/nios2-elf/4.1.2/../../../../nios2-elf/lib/mno-hw-mul\libc.a(lib_a-isattyr.o)
 .debug_aranges
                0x000004a8       0x20 c:/altera/11.0/nios2eds/bin/gnu/h-i686-mingw32/bin/../lib/gcc/nios2-elf/4.1.2/../../../../nios2-elf/lib/mno-hw-mul\libc.a(lib_a-lseekr.o)
 .debug_aranges
                0x000004c8       0x20 c:/altera/11.0/nios2eds/bin/gnu/h-i686-mingw32/bin/../lib/gcc/nios2-elf/4.1.2/../../../../nios2-elf/lib/mno-hw-mul\libc.a(lib_a-readr.o)
 .debug_aranges
                0x000004e8       0x20 c:/altera/11.0/nios2eds/bin/gnu/h-i686-mingw32/bin/../lib/gcc/nios2-elf/4.1.2/mno-hw-mul\libgcc.a(_udivdi3.o)
 .debug_aranges
                0x00000508       0x20 c:/altera/11.0/nios2eds/bin/gnu/h-i686-mingw32/bin/../lib/gcc/nios2-elf/4.1.2/mno-hw-mul\libgcc.a(_umoddi3.o)
 .debug_aranges
                0x00000528       0x20 c:/altera/11.0/nios2eds/bin/gnu/h-i686-mingw32/bin/../lib/gcc/nios2-elf/4.1.2/mno-hw-mul\libgcc.a(_addsub_df.o)
 .debug_aranges
                0x00000548       0x20 c:/altera/11.0/nios2eds/bin/gnu/h-i686-mingw32/bin/../lib/gcc/nios2-elf/4.1.2/mno-hw-mul\libgcc.a(_mul_df.o)
 .debug_aranges
                0x00000568       0x20 c:/altera/11.0/nios2eds/bin/gnu/h-i686-mingw32/bin/../lib/gcc/nios2-elf/4.1.2/mno-hw-mul\libgcc.a(_div_df.o)
 .debug_aranges
                0x00000588       0x20 c:/altera/11.0/nios2eds/bin/gnu/h-i686-mingw32/bin/../lib/gcc/nios2-elf/4.1.2/mno-hw-mul\libgcc.a(_eq_df.o)
 .debug_aranges
                0x000005a8       0x20 c:/altera/11.0/nios2eds/bin/gnu/h-i686-mingw32/bin/../lib/gcc/nios2-elf/4.1.2/mno-hw-mul\libgcc.a(_ne_df.o)
 .debug_aranges
                0x000005c8       0x20 c:/altera/11.0/nios2eds/bin/gnu/h-i686-mingw32/bin/../lib/gcc/nios2-elf/4.1.2/mno-hw-mul\libgcc.a(_gt_df.o)
 .debug_aranges
                0x000005e8       0x20 c:/altera/11.0/nios2eds/bin/gnu/h-i686-mingw32/bin/../lib/gcc/nios2-elf/4.1.2/mno-hw-mul\libgcc.a(_ge_df.o)
 .debug_aranges
                0x00000608       0x20 c:/altera/11.0/nios2eds/bin/gnu/h-i686-mingw32/bin/../lib/gcc/nios2-elf/4.1.2/mno-hw-mul\libgcc.a(_lt_df.o)
 .debug_aranges
                0x00000628       0x20 c:/altera/11.0/nios2eds/bin/gnu/h-i686-mingw32/bin/../lib/gcc/nios2-elf/4.1.2/mno-hw-mul\libgcc.a(_si_to_df.o)
 .debug_aranges
                0x00000648       0x20 c:/altera/11.0/nios2eds/bin/gnu/h-i686-mingw32/bin/../lib/gcc/nios2-elf/4.1.2/mno-hw-mul\libgcc.a(_df_to_si.o)
 .debug_aranges
                0x00000668       0x20 c:/altera/11.0/nios2eds/bin/gnu/h-i686-mingw32/bin/../lib/gcc/nios2-elf/4.1.2/mno-hw-mul\libgcc.a(_usi_to_df.o)
 .debug_aranges
                0x00000688       0x20 c:/altera/11.0/nios2eds/bin/gnu/h-i686-mingw32/bin/../lib/gcc/nios2-elf/4.1.2/mno-hw-mul\libgcc.a(_muldi3.o)
 .debug_aranges
                0x000006a8       0x20 c:/altera/11.0/nios2eds/bin/gnu/h-i686-mingw32/bin/../lib/gcc/nios2-elf/4.1.2/mno-hw-mul\libgcc.a(_clzsi2.o)
 .debug_aranges
                0x000006c8       0x20 c:/altera/11.0/nios2eds/bin/gnu/h-i686-mingw32/bin/../lib/gcc/nios2-elf/4.1.2/mno-hw-mul\libgcc.a(_pack_df.o)
 .debug_aranges
                0x000006e8       0x20 c:/altera/11.0/nios2eds/bin/gnu/h-i686-mingw32/bin/../lib/gcc/nios2-elf/4.1.2/mno-hw-mul\libgcc.a(_unpack_df.o)
 .debug_aranges
                0x00000708       0x20 c:/altera/11.0/nios2eds/bin/gnu/h-i686-mingw32/bin/../lib/gcc/nios2-elf/4.1.2/mno-hw-mul\libgcc.a(_fpcmp_parts_df.o)
 .debug_aranges
                0x00000728       0x20 ../legit_BSP/\libhal_bsp.a(alt_close.o)
 .debug_aranges
                0x00000748       0x20 ../legit_BSP/\libhal_bsp.a(alt_dev.o)
 .debug_aranges
                0x00000768       0x20 ../legit_BSP/\libhal_bsp.a(alt_fstat.o)
 .debug_aranges
                0x00000788       0x20 ../legit_BSP/\libhal_bsp.a(alt_irq_register.o)
 .debug_aranges
                0x000007a8       0x20 ../legit_BSP/\libhal_bsp.a(alt_isatty.o)
 .debug_aranges
                0x000007c8       0x20 ../legit_BSP/\libhal_bsp.a(alt_load.o)
 .debug_aranges
                0x000007e8       0x20 ../legit_BSP/\libhal_bsp.a(alt_lseek.o)
 .debug_aranges
                0x00000808       0x20 ../legit_BSP/\libhal_bsp.a(alt_main.o)
 .debug_aranges
                0x00000828       0x20 ../legit_BSP/\libhal_bsp.a(alt_malloc_lock.o)
 .debug_aranges
                0x00000848       0x20 ../legit_BSP/\libhal_bsp.a(alt_read.o)
 .debug_aranges
                0x00000868       0x20 ../legit_BSP/\libhal_bsp.a(alt_release_fd.o)
 .debug_aranges
                0x00000888       0x20 ../legit_BSP/\libhal_bsp.a(alt_sbrk.o)
 .debug_aranges
                0x000008a8       0x20 ../legit_BSP/\libhal_bsp.a(alt_usleep.o)
 .debug_aranges
                0x000008c8       0x20 ../legit_BSP/\libhal_bsp.a(alt_write.o)
 .debug_aranges
                0x000008e8       0x20 ../legit_BSP/\libhal_bsp.a(alt_sys_init.o)
 .debug_aranges