Archive member included because of file (symbol)

c:/altera/11.0/nios2eds/bin/gnu/h-i686-mingw32/bin/../lib/gcc/nios2-elf/4.1.2/../../../../nios2-elf/lib\libc.a(lib_a-fclose.o)
                              obj/main.o (fclose)
c:/altera/11.0/nios2eds/bin/gnu/h-i686-mingw32/bin/../lib/gcc/nios2-elf/4.1.2/../../../../nios2-elf/lib\libc.a(lib_a-fflush.o)
                              c:/altera/11.0/nios2eds/bin/gnu/h-i686-mingw32/bin/../lib/gcc/nios2-elf/4.1.2/../../../../nios2-elf/lib\libc.a(lib_a-fclose.o) (_fflush_r)
c:/altera/11.0/nios2eds/bin/gnu/h-i686-mingw32/bin/../lib/gcc/nios2-elf/4.1.2/../../../../nios2-elf/lib\libc.a(lib_a-findfp.o)
                              c:/altera/11.0/nios2eds/bin/gnu/h-i686-mingw32/bin/../lib/gcc/nios2-elf/4.1.2/../../../../nios2-elf/lib\libc.a(lib_a-fclose.o) (__sfp_lock_acquire)
c:/altera/11.0/nios2eds/bin/gnu/h-i686-mingw32/bin/../lib/gcc/nios2-elf/4.1.2/../../../../nios2-elf/lib\libc.a(lib_a-fopen.o)
                              obj/main.o (fopen)
c:/altera/11.0/nios2eds/bin/gnu/h-i686-mingw32/bin/../lib/gcc/nios2-elf/4.1.2/../../../../nios2-elf/lib\libc.a(lib_a-freer.o)
                              c:/altera/11.0/nios2eds/bin/gnu/h-i686-mingw32/bin/../lib/gcc/nios2-elf/4.1.2/../../../../nios2-elf/lib\libc.a(lib_a-fclose.o) (_free_r)
c:/altera/11.0/nios2eds/bin/gnu/h-i686-mingw32/bin/../lib/gcc/nios2-elf/4.1.2/../../../../nios2-elf/lib\libc.a(lib_a-fseek.o)
                              c:/altera/11.0/nios2eds/bin/gnu/h-i686-mingw32/bin/../lib/gcc/nios2-elf/4.1.2/../../../../nios2-elf/lib\libc.a(lib_a-fopen.o) (_fseek_r)
c:/altera/11.0/nios2eds/bin/gnu/h-i686-mingw32/bin/../lib/gcc/nios2-elf/4.1.2/../../../../nios2-elf/lib\libc.a(lib_a-fstatr.o)
                              c:/altera/11.0/nios2eds/bin/gnu/h-i686-mingw32/bin/../lib/gcc/nios2-elf/4.1.2/../../../../nios2-elf/lib\libc.a(lib_a-fseek.o) (_fstat_r)
c:/altera/11.0/nios2eds/bin/gnu/h-i686-mingw32/bin/../lib/gcc/nios2-elf/4.1.2/../../../../nios2-elf/lib\libc.a(lib_a-fwalk.o)
                              c:/altera/11.0/nios2eds/bin/gnu/h-i686-mingw32/bin/../lib/gcc/nios2-elf/4.1.2/../../../../nios2-elf/lib\libc.a(lib_a-fflush.o) (_fwalk_reent)
c:/altera/11.0/nios2eds/bin/gnu/h-i686-mingw32/bin/../lib/gcc/nios2-elf/4.1.2/../../../../nios2-elf/lib\libc.a(lib_a-fwrite.o)
                              obj/main.o (fwrite)
c:/altera/11.0/nios2eds/bin/gnu/h-i686-mingw32/bin/../lib/gcc/nios2-elf/4.1.2/../../../../nios2-elf/lib\libc.a(lib_a-impure.o)
                              obj/main.o (_impure_ptr)
c:/altera/11.0/nios2eds/bin/gnu/h-i686-mingw32/bin/../lib/gcc/nios2-elf/4.1.2/../../../../nios2-elf/lib\libc.a(lib_a-int_errno.o)
                              c:/altera/11.0/nios2eds/bin/gnu/h-i686-mingw32/bin/../lib/gcc/nios2-elf/4.1.2/../../../../nios2-elf/lib\libc.a(lib_a-fstatr.o) (errno)
c:/altera/11.0/nios2eds/bin/gnu/h-i686-mingw32/bin/../lib/gcc/nios2-elf/4.1.2/../../../../nios2-elf/lib\libc.a(lib_a-makebuf.o)
                              c:/altera/11.0/nios2eds/bin/gnu/h-i686-mingw32/bin/../lib/gcc/nios2-elf/4.1.2/../../../../nios2-elf/lib\libc.a(lib_a-fseek.o) (__smakebuf_r)
c:/altera/11.0/nios2eds/bin/gnu/h-i686-mingw32/bin/../lib/gcc/nios2-elf/4.1.2/../../../../nios2-elf/lib\libc.a(lib_a-mallocr.o)
                              c:/altera/11.0/nios2eds/bin/gnu/h-i686-mingw32/bin/../lib/gcc/nios2-elf/4.1.2/../../../../nios2-elf/lib\libc.a(lib_a-findfp.o) (_malloc_r)
c:/altera/11.0/nios2eds/bin/gnu/h-i686-mingw32/bin/../lib/gcc/nios2-elf/4.1.2/../../../../nios2-elf/lib\libc.a(lib_a-memset.o)
                              c:/altera/11.0/nios2eds/bin/gnu/h-i686-mingw32/bin/../lib/gcc/nios2-elf/4.1.2/../../../../nios2-elf/lib\libc.a(lib_a-findfp.o) (memset)
c:/altera/11.0/nios2eds/bin/gnu/h-i686-mingw32/bin/../lib/gcc/nios2-elf/4.1.2/../../../../nios2-elf/lib\libc.a(lib_a-openr.o)
                              c:/altera/11.0/nios2eds/bin/gnu/h-i686-mingw32/bin/../lib/gcc/nios2-elf/4.1.2/../../../../nios2-elf/lib\libc.a(lib_a-fopen.o) (_open_r)
c:/altera/11.0/nios2eds/bin/gnu/h-i686-mingw32/bin/../lib/gcc/nios2-elf/4.1.2/../../../../nios2-elf/lib\libc.a(lib_a-refill.o)
                              c:/altera/11.0/nios2eds/bin/gnu/h-i686-mingw32/bin/../lib/gcc/nios2-elf/4.1.2/../../../../nios2-elf/lib\libc.a(lib_a-fseek.o) (__srefill_r)
c:/altera/11.0/nios2eds/bin/gnu/h-i686-mingw32/bin/../lib/gcc/nios2-elf/4.1.2/../../../../nios2-elf/lib\libc.a(lib_a-sbrkr.o)
                              c:/altera/11.0/nios2eds/bin/gnu/h-i686-mingw32/bin/../lib/gcc/nios2-elf/4.1.2/../../../../nios2-elf/lib\libc.a(lib_a-freer.o) (_sbrk_r)
c:/altera/11.0/nios2eds/bin/gnu/h-i686-mingw32/bin/../lib/gcc/nios2-elf/4.1.2/../../../../nios2-elf/lib\libc.a(lib_a-stdio.o)
                              c:/altera/11.0/nios2eds/bin/gnu/h-i686-mingw32/bin/../lib/gcc/nios2-elf/4.1.2/../../../../nios2-elf/lib\libc.a(lib_a-findfp.o) (__sclose)
[...]
Memory Configuration

Name             Origin             Length             Attributes
reset            0x00040000         0x00000020
memory           0x00040020         0x00031fe0
*default*        0x00000000         0xffffffff

Linker script and memory map

LOAD ../nios2processor_bsp//obj/HAL/src/crt0.o
LOAD obj/main.o
LOAD c:/altera/11.0/nios2eds/bin/gnu/h-i686-mingw32/bin/../lib/gcc/nios2-elf/4.1.2/../../../../nios2-elf/lib\libstdc++.a
LOAD c:/altera/11.0/nios2eds/bin/gnu/h-i686-mingw32/bin/../lib/gcc/nios2-elf/4.1.2/../../../../nios2-elf/lib\libm.a
LOAD c:/altera/11.0/nios2eds/bin/gnu/h-i686-mingw32/bin/../lib/gcc/nios2-elf/4.1.2\libgcc.a
START GROUP
LOAD c:/altera/11.0/nios2eds/bin/gnu/h-i686-mingw32/bin/../lib/gcc/nios2-elf/4.1.2/../../../../nios2-elf/lib\libc.a
LOAD c:/altera/11.0/nios2eds/bin/gnu/h-i686-mingw32/bin/../lib/gcc/nios2-elf/4.1.2\libgcc.a
LOAD ../nios2processor_bsp/\libhal_bsp.a
END GROUP
LOAD c:/altera/11.0/nios2eds/bin/gnu/h-i686-mingw32/bin/../lib/gcc/nios2-elf/4.1.2\libgcc.a
                0x00040000                __alt_mem_memory = 0x40000

.entry          0x00040000       0x20
 *(.entry)
 .entry         0x00040000       0x20 ../nios2processor_bsp//obj/HAL/src/crt0.o
                0x00040000                __reset

.exceptions     0x00040020      0x194
                0x00040020                PROVIDE (__ram_exceptions_start, ABSOLUTE (.))
                0x00040020                . = ALIGN (0x20)
 *(.irq)
 *(.exceptions.entry.label)
 .exceptions.entry.label
                0x00040020        0x0 ../nios2processor_bsp/\libhal_bsp.a(alt_irq_entry.o)
                0x00040020                alt_irq_entry
 .exceptions.entry.label
                0x00040020        0x0 ../nios2processor_bsp/\libhal_bsp.a(alt_exception_entry.o)
                0x00040020                alt_exception
 *(.exceptions.entry.user)
 *(.exceptions.entry)
 .exceptions.entry
                0x00040020       0x54 ../nios2processor_bsp/\libhal_bsp.a(alt_exception_entry.o)
 *(.exceptions.irqtest.user)
 *(.exceptions.irqtest)
 .exceptions.irqtest
                0x00040074       0x10 ../nios2processor_bsp/\libhal_bsp.a(alt_irq_entry.o)
 *(.exceptions.irqhandler.user)
 *(.exceptions.irqhandler)
 .exceptions.irqhandler
                0x00040084        0x4 ../nios2processor_bsp/\libhal_bsp.a(alt_irq_entry.o)
 *(.exceptions.irqreturn.user)
 *(.exceptions.irqreturn)
 .exceptions.irqreturn
                0x00040088        0x4 ../nios2processor_bsp/\libhal_bsp.a(alt_irq_entry.o)
 *(.exceptions.notirq.label)
 .exceptions.notirq.label
                0x0004008c        0x0 ../nios2processor_bsp/\libhal_bsp.a(alt_irq_entry.o)
 *(.exceptions.notirq.user)
 *(.exceptions.notirq)
 .exceptions.notirq
                0x0004008c        0x8 ../nios2processor_bsp/\libhal_bsp.a(alt_exception_entry.o)
 *(.exceptions.soft.user)
 *(.exceptions.soft)
 *(.exceptions.unknown.user)
 *(.exceptions.unknown)
 .exceptions.unknown
                0x00040094        0x4 ../nios2processor_bsp/\libhal_bsp.a(alt_exception_entry.o)
 *(.exceptions.exit.label)
 .exceptions.exit.label
                0x00040098        0x0 ../nios2processor_bsp/\libhal_bsp.a(alt_irq_entry.o)
 .exceptions.exit.label
                0x00040098        0x0 ../nios2processor_bsp/\libhal_bsp.a(alt_exception_entry.o)
 *(.exceptions.exit.user)
 *(.exceptions.exit)
 .exceptions.exit
                0x00040098       0x54 ../nios2processor_bsp/\libhal_bsp.a(alt_exception_entry.o)
 *(.exceptions)
 .exceptions    0x000400ec       0xc8 ../nios2processor_bsp/\libhal_bsp.a(alt_irq_handler.o)
                0x000400ec                alt_irq_handler
                0x000401b4                PROVIDE (__ram_exceptions_end, ABSOLUTE (.))
                0x00040020                PROVIDE (__flash_exceptions_start, LOADADDR (.exceptions))

.text           0x000401b4     0x6e90
                0x000401b4                PROVIDE (stext, ABSOLUTE (.))
 *(.interp)
 *(.hash)
 *(.dynsym)
 *(.dynstr)
 *(.gnu.version)
 *(.gnu.version_d)
 *(.gnu.version_r)
 *(.rel.init)
 *(.rela.init)
 *(.rel.text .rel.text.* .rel.gnu.linkonce.t.*)
 *(.rela.text .rela.text.* .rela.gnu.linkonce.t.*)
 *(.rel.fini)
 *(.rela.fini)
 *(.rel.rodata .rel.rodata.* .rel.gnu.linkonce.r.*)
 *(.rela.rodata .rela.rodata.* .rela.gnu.linkonce.r.*)
 *(.rel.data .rel.data.* .rel.gnu.linkonce.d.*)
 *(.rela.data .rela.data.* .rela.gnu.linkonce.d.*)
 *(.rel.tdata .rel.tdata.* .rel.gnu.linkonce.td.*)
 *(.rela.tdata .rela.tdata.* .rela.gnu.linkonce.td.*)
 *(.rel.tbss .rel.tbss.* .rel.gnu.linkonce.tb.*)
 *(.rela.tbss .rela.tbss.* .rela.gnu.linkonce.tb.*)
 *(.rel.ctors)
 *(.rela.ctors)
 *(.rel.dtors)
 *(.rela.dtors)
 *(.rel.got)
 *(.rela.got)
 *(.rel.sdata .rel.sdata.* .rel.gnu.linkonce.s.*)
 *(.rela.sdata .rela.sdata.* .rela.gnu.linkonce.s.*)
 *(.rel.sbss .rel.sbss.* .rel.gnu.linkonce.sb.*)
 *(.rela.sbss .rela.sbss.* .rela.gnu.linkonce.sb.*)
 *(.rel.sdata2 .rel.sdata2.* .rel.gnu.linkonce.s2.*)
 *(.rela.sdata2 .rela.sdata2.* .rela.gnu.linkonce.s2.*)
 *(.rel.sbss2 .rel.sbss2.* .rel.gnu.linkonce.sb2.*)
 *(.rela.sbss2 .rela.sbss2.* .rela.gnu.linkonce.sb2.*)
 *(.rel.bss .rel.bss.* .rel.gnu.linkonce.b.*)
 *(.rela.bss .rela.bss.* .rela.gnu.linkonce.b.*)
 *(.rel.plt)
 *(.rela.plt)
 *(.rel.dyn)
 *(.init)
 *(.plt)
 *(.text .stub .text.* .gnu.linkonce.t.*)
 .text          0x000401b4       0x4c ../nios2processor_bsp//obj/HAL/src/crt0.o
                0x000401b4                _start
 .text          0x00040200      0x10c obj/main.o
                0x00040200                main
 .text          0x0004030c      0x124 c:/altera/11.0/nios2eds/bin/gnu/h-i686-mingw32/bin/../lib/gcc/nios2-elf/4.1.2/../../../../nios2-elf/lib\libc.a(lib_a-fclose.o)
                0x0004030c                _fclose_r
                0x0004041c                fclose
 .text          0x00040430      0x230 c:/altera/11.0/nios2eds/bin/gnu/h-i686-mingw32/bin/../lib/gcc/nios2-elf/4.1.2/../../../../nios2-elf/lib\libc.a(lib_a-fflush.o)
                0x00040430                _fflush_r
                0x0004062c                fflush
 .text          0x00040660      0x2c0 c:/altera/11.0/nios2eds/bin/gnu/h-i686-mingw32/bin/../lib/gcc/nios2-elf/4.1.2/../../../../nios2-elf/lib\libc.a(lib_a-findfp.o)
                0x000406b8                __sfp_lock_acquire
                0x000406bc                __sfp_lock_release
                0x000406c0                __sinit_lock_acquire
                0x000406c4                __sinit_lock_release
                0x000406c8                __sinit
                0x0004077c                __fp_unlock_all
                0x00040794                __fp_lock_all
                0x000407ac                _cleanup_r
                0x000407b8                _cleanup
                0x000407c8                __sfmoreglue
                0x00040830                __sfp
 .text          0x00040920      0x110 c:/altera/11.0/nios2eds/bin/gnu/h-i686-mingw32/bin/../lib/gcc/nios2-elf/4.1.2/../../../../nios2-elf/lib\libc.a(lib_a-fopen.o)
                0x00040920                _fopen_r
                0x00040a14                fopen
 .text          0x00040a30      0x440 c:/altera/11.0/nios2eds/bin/gnu/h-i686-mingw32/bin/../lib/gcc/nios2-elf/4.1.2/../../../../nios2-elf/lib\libc.a(lib_a-freer.o)
                0x00040a30                _malloc_trim_r
                0x00040b5c                _free_r
 .text          0x00040e70      0x460 c:/altera/11.0/nios2eds/bin/gnu/h-i686-mingw32/bin/../lib/gcc/nios2-elf/4.1.2/../../../../nios2-elf/lib\libc.a(lib_a-fseek.o)
                0x00040e70                _fseek_r
                0x000412ac                fseek
 .text          0x000412d0       0x74 c:/altera/11.0/nios2eds/bin/gnu/h-i686-mingw32/bin/../lib/gcc/nios2-elf/4.1.2/../../../../nios2-elf/lib\libc.a(lib_a-fstatr.o)
                0x000412d0                _fstat_r
 .text          0x00041344      0x180 c:/altera/11.0/nios2eds/bin/gnu/h-i686-mingw32/bin/../lib/gcc/nios2-elf/4.1.2/../../../../nios2-elf/lib\libc.a(lib_a-fwalk.o)
                0x00041344                _fwalk_reent
                0x0004140c                _fwalk
 .text          0x000414c4       0xdc c:/altera/11.0/nios2eds/bin/gnu/h-i686-mingw32/bin/../lib/gcc/nios2-elf/4.1.2/../../../../nios2-elf/lib\libc.a(lib_a-fwrite.o)
                0x000414c4                _fwrite_r
                0x00041560                fwrite
 .text          0x000415a0        0x0 c:/altera/11.0/nios2eds/bin/gnu/h-i686-mingw32/bin/../lib/gcc/nios2-elf/4.1.2/../../../../nios2-elf/lib\libc.a(lib_a-impure.o)
 .text          0x000415a0        0x0 c:/altera/11.0/nios2eds/bin/gnu/h-i686-mingw32/bin/../lib/gcc/nios2-elf/4.1.2/../../../../nios2-elf/lib\libc.a(lib_a-int_errno.o)
 .text          0x000415a0      0x194 c:/altera/11.0/nios2eds/bin/gnu/h-i686-mingw32/bin/../lib/gcc/nios2-elf/4.1.2/../../../../nios2-elf/lib\libc.a(lib_a-makebuf.o)
                0x000415a0                __smakebuf_r
 .text          0x00041734      0x740 c:/altera/11.0/nios2eds/bin/gnu/h-i686-mingw32/bin/../lib/gcc/nios2-elf/4.1.2/../../../../nios2-elf/lib\libc.a(lib_a-mallocr.o)
                0x00041734                _malloc_r
 .text          0x00041e74       0x98 c:/altera/11.0/nios2eds/bin/gnu/h-i686-mingw32/bin/../lib/gcc/nios2-elf/4.1.2/../../../../nios2-elf/lib\libc.a(lib_a-memset.o)
                0x00041e74                memset
 .text          0x00041f0c       0x78 c:/altera/11.0/nios2eds/bin/gnu/h-i686-mingw32/bin/../lib/gcc/nios2-elf/4.1.2/../../../../nios2-elf/lib\libc.a(lib_a-openr.o)
                0x00041f0c                _open_r
 .text          0x00041f84      0x1e0 c:/altera/11.0/nios2eds/bin/gnu/h-i686-mingw32/bin/../lib/gcc/nios2-elf/4.1.2/../../../../nios2-elf/lib\libc.a(lib_a-refill.o)
                0x00041f84                __srefill_r
 .text          0x00042164       0x70 c:/altera/11.0/nios2eds/bin/gnu/h-i686-mingw32/bin/../lib/gcc/nios2-elf/4.1.2/../../../../nios2-elf/lib\libc.a(lib_a-sbrkr.o)
                0x00042164                _sbrk_r
 .text          0x000421d4      0x14c c:/altera/11.0/nios2eds/bin/gnu/h-i686-mingw32/bin/../lib/gcc/nios2-elf/4.1.2/../../../../nios2-elf/lib\libc.a(lib_a-stdio.o)
                0x000421d4                __sclose
                0x000421dc                __sseek
                0x00042244                __swrite
                0x000422c0                __sread
 .text          0x00042320       0x78 c:/altera/11.0/nios2eds/bin/gnu/h-i686-mingw32/bin/../lib/gcc/nios2-elf/4.1.2/../../../../nios2-elf/lib\libc.a(lib_a-writer.o)
                0x00042320                _write_r
 .text          0x00042398       0x70 c:/altera/11.0/nios2eds/bin/gnu/h-i686-mingw32/bin/../lib/gcc/nios2-elf/4.1.2/../../../../nios2-elf/lib\libc.a(lib_a-closer.o)
                0x00042398                _close_r
 .text          0x00042408       0xa0 c:/altera/11.0/nios2eds/bin/gnu/h-i686-mingw32/bin/../lib/gcc/nios2-elf/4.1.2/../../../../nios2-elf/lib\libc.a(lib_a-flags.o)
                0x00042408                __sflags
 .text          0x000424a8      0x49c c:/altera/11.0/nios2eds/bin/gnu/h-i686-mingw32/bin/../lib/gcc/nios2-elf/4.1.2/../../../../nios2-elf/lib\libc.a(lib_a-fvwrite.o)
                0x000424a8                __sfvwrite_r
 .text          0x00042944       0x70 c:/altera/11.0/nios2eds/bin/gnu/h-i686-mingw32/bin/../lib/gcc/nios2-elf/4.1.2/../../../../nios2-elf/lib\libc.a(lib_a-isattyr.o)
                0x00042944                _isatty_r
 .text          0x000429b4       0x78 c:/altera/11.0/nios2eds/bin/gnu/h-i686-mingw32/bin/../lib/gcc/nios2-elf/4.1.2/../../../../nios2-elf/lib\libc.a(lib_a-lseekr.o)
                0x000429b4                _lseek_r
 .text          0x00042a2c       0xe4 c:/altera/11.0/nios2eds/bin/gnu/h-i686-mingw32/bin/../lib/gcc/nios2-elf/4.1.2/../../../../nios2-elf/lib\libc.a(lib_a-memchr.o)
                0x00042a2c                memchr
 .text          0x00042b10       0xa0 c:/altera/11.0/nios2eds/bin/gnu/h-i686-mingw32/bin/../lib/gcc/nios2-elf/4.1.2/../../../../nios2-elf/lib\libc.a(lib_a-memcpy.o)
                0x00042b10                memcpy
 .text          0x00042bb0       0xe0 c:/altera/11.0/nios2eds/bin/gnu/h-i686-mingw32/bin/../lib/gcc/nios2-elf/4.1.2/../../../../nios2-elf/lib\libc.a(lib_a-memmove.o)
                0x00042bb0                memmove
 .text          0x00042c90       0x78 c:/altera/11.0/nios2eds/bin/gnu/h-i686-mingw32/bin/../lib/gcc/nios2-elf/4.1.2/../../../../nios2-elf/lib\libc.a(lib_a-readr.o)
                0x00042c90                _read_r
 .text          0x00042d08      0x5f4 c:/altera/11.0/nios2eds/bin/gnu/h-i686-mingw32/bin/../lib/gcc/nios2-elf/4.1.2/../../../../nios2-elf/lib\libc.a(lib_a-reallocr.o)
                0x00042d08                _realloc_r
 .text          0x000432fc      0x13c c:/altera/11.0/nios2eds/bin/gnu/h-i686-mingw32/bin/../lib/gcc/nios2-elf/4.1.2/../../../../nios2-elf/lib\libc.a(lib_a-wsetup.o)
                0x000432fc                __swsetup_r
 .text          0x00043438      0x14c c:/altera/11.0/nios2eds/bin/gnu/h-i686-mingw32/bin/../lib/gcc/nios2-elf/4.1.2\libgcc.a(lib2-divmod.o)
                0x000434b4                __divsi3
                0x00043514                __modsi3
                0x00043574                __udivsi3
                0x0004357c                __umodsi3
 .text          0x00043584      0x15c ../nios2processor_bsp/\libhal_bsp.a(alt_close.o)
                0x00043584                close
 .text          0x000436e0       0x2c ../nios2processor_bsp/\libhal_bsp.a(alt_dev.o)
 .text          0x0004370c        0x0 ../nios2processor_bsp/\libhal_bsp.a(alt_errno.o)
 .text          0x0004370c      0x134 ../nios2processor_bsp/\libhal_bsp.a(alt_fstat.o)
                0x0004370c                fstat
 .text          0x00043840      0x120 ../nios2processor_bsp/\libhal_bsp.a(alt_isatty.o)
                0x00043840                isatty
 .text          0x00043960       0xec ../nios2processor_bsp/\libhal_bsp.a(alt_load.o)
                0x00043960                alt_load
 .text          0x00043a4c      0x150 ../nios2processor_bsp/\libhal_bsp.a(alt_lseek.o)
                0x00043a4c                lseek
 .text          0x00043b9c       0x6c ../nios2processor_bsp/\libhal_bsp.a(alt_main.o)
                0x00043b9c                alt_main
 .text          0x00043c08       0x40 ../nios2processor_bsp/\libhal_bsp.a(alt_malloc_lock.o)
                0x00043c08                __malloc_lock
                0x00043c28                __malloc_unlock
 .text          0x00043c48      0x2c4 ../nios2processor_bsp/\libhal_bsp.a(alt_open.o)
                0x00043d24                open
 .text          0x00043f0c      0x180 ../nios2processor_bsp/\libhal_bsp.a(alt_read.o)
                0x00043f0c                read
 .text          0x0004408c       0x60 ../nios2processor_bsp/\libhal_bsp.a(alt_release_fd.o)
                0x0004408c                alt_release_fd
 .text          0x000440ec       0xbc ../nios2processor_bsp/\libhal_bsp.a(alt_sbrk.o)
                0x000440ec                sbrk
 .text          0x000441a8       0x30 ../nios2processor_bsp/\libhal_bsp.a(alt_usleep.o)
                0x000441a8                usleep
 .text          0x000441d8      0x180 ../nios2processor_bsp/\libhal_bsp.a(alt_write.o)
                0x000441d8                write
 .text          0x00044358       0xc8 ../nios2processor_bsp/\libhal_bsp.a(alt_sys_init.o)
                0x00044358                alt_irq_init
                0x0004438c                alt_sys_init
 .text          0x00044420      0x148 ../nios2processor_bsp/\libhal_bsp.a(altera_avalon_jtag_uart_fd.o)
                0x00044420                altera_avalon_jtag_uart_read_fd
                0x00044478                altera_avalon_jtag_uart_write_fd
                0x000444d0                altera_avalon_jtag_uart_close_fd
                0x00044518                altera_avalon_jtag_uart_ioctl_fd
 .text          0x00044568      0x40c ../nios2processor_bsp/\libhal_bsp.a(altera_avalon_jtag_uart_init.o)
                0x00044568                altera_avalon_jtag_uart_init
                0x00044900                altera_avalon_jtag_uart_close
 .text          0x00044974       0xf4 ../nios2processor_bsp/\libhal_bsp.a(altera_avalon_jtag_uart_ioctl.o)
                0x00044974                altera_avalon_jtag_uart_ioctl
 .text          0x00044a68      0x224 ../nios2processor_bsp/\libhal_bsp.a(altera_avalon_jtag_uart_read.o)
                0x00044a68                altera_avalon_jtag_uart_read
 .text          0x00044c8c      0x240 ../nios2processor_bsp/\libhal_bsp.a(altera_avalon_jtag_uart_write.o)
                0x00044c8c                altera_avalon_jtag_uart_write
 .text          0x00044ecc      0xee8 ../nios2processor_bsp/\libhal_bsp.a(altera_avalon_lcd_16207.o)
                0x000456a0                altera_avalon_lcd_16207_write
                0x00045c78                altera_avalon_lcd_16207_init
 .text          0x00045db4       0x58 ../nios2processor_bsp/\libhal_bsp.a(altera_avalon_lcd_16207_fd.o)
                0x00045db4                altera_avalon_lcd_16207_write_fd
 .text          0x00045e0c      0x154 ../nios2processor_bsp/\libhal_bsp.a(alt_alarm_start.o)
                0x00045e0c                alt_alarm_start
 .text          0x00045f60      0x14c ../nios2processor_bsp/\libhal_bsp.a(alt_busy_sleep.o)
                0x00045f60                alt_busy_sleep
 .text          0x000460ac       0x44 ../nios2processor_bsp/\libhal_bsp.a(alt_dcache_flush_all.o)
                0x000460ac                alt_dcache_flush_all
 .text          0x000460f0      0x114 ../nios2processor_bsp/\libhal_bsp.a(alt_dev_llist_insert.o)
                0x000460f0                alt_dev_llist_insert
 .text          0x00046204       0x64 ../nios2processor_bsp/\libhal_bsp.a(alt_do_ctors.o)
                0x00046204                _do_ctors
 .text          0x00046268       0x64 ../nios2processor_bsp/\libhal_bsp.a(alt_do_dtors.o)
                0x00046268                _do_dtors
 .text          0x000462cc       0x94 ../nios2processor_bsp/\libhal_bsp.a(alt_find_dev.o)
                0x000462cc                alt_find_dev
 .text          0x00046360      0x120 ../nios2processor_bsp/\libhal_bsp.a(alt_find_file.o)
                0x00046360                alt_find_file
 .text          0x00046480       0xb8 ../nios2processor_bsp/\libhal_bsp.a(alt_get_fd.o)
                0x00046480                alt_get_fd
 .text          0x00046538       0x30 ../nios2processor_bsp/\libhal_bsp.a(alt_icache_flush_all.o)
                0x00046538                alt_icache_flush_all
 .text          0x00046568      0x1d4 ../nios2processor_bsp/\libhal_bsp.a(alt_iic.o)
                0x00046568                alt_ic_isr_register
                0x000465b8                alt_ic_irq_enable
                0x00046654                alt_ic_irq_disable
                0x000466f4                alt_ic_irq_enabled
 .text          0x0004673c       0xf8 ../nios2processor_bsp/\libhal_bsp.a(alt_iic_isr_register.o)
                0x0004673c                alt_iic_isr_register
 .text          0x00046834      0x13c ../nios2processor_bsp/\libhal_bsp.a(alt_io_redirect.o)
                0x000468f8                alt_io_redirect
 .text          0x00046970        0x0 ../nios2processor_bsp/\libhal_bsp.a(alt_irq_entry.o)
 .text          0x00046970        0x0 ../nios2processor_bsp/\libhal_bsp.a(alt_irq_handler.o)
 .text          0x00046970        0x0 ../nios2processor_bsp/\libhal_bsp.a(alt_irq_vars.o)
 .text          0x00046970      0x1a4 ../nios2processor_bsp/\libhal_bsp.a(alt_tick.o)
                0x00046970                alt_alarm_stop
                0x00046a08                alt_tick
 .text          0x00046b14       0x20 ../nios2processor_bsp/\libhal_bsp.a(altera_nios2_qsys_irq.o)
                0x00046b14                altera_nios2_qsys_irq_init
 .text          0x00046b34        0x0 ../nios2processor_bsp/\libhal_bsp.a(alt_exception_entry.o)
 .text          0x00046b34       0x90 ../nios2processor_bsp/\libhal_bsp.a(alt_icache_flush.o)
                0x00046b34                alt_icache_flush
 .text          0x00046bc4       0x14 c:/altera/11.0/nios2eds/bin/gnu/h-i686-mingw32/bin/../lib/gcc/nios2-elf/4.1.2/../../../../nios2-elf/lib\libc.a(lib_a-atexit.o)
                0x00046bc4                atexit
 .text          0x00046bd8        0x0 c:/altera/11.0/nios2eds/bin/gnu/h-i686-mingw32/bin/../lib/gcc/nios2-elf/4.1.2/../../../../nios2-elf/lib\libc.a(lib_a-ctype_.o)
 .text          0x00046bd8       0x38 c:/altera/11.0/nios2eds/bin/gnu/h-i686-mingw32/bin/../lib/gcc/nios2-elf/4.1.2/../../../../nios2-elf/lib\libc.a(lib_a-exit.o)
                0x00046bd8                exit
 .text          0x00046c10       0x74 c:/altera/11.0/nios2eds/bin/gnu/h-i686-mingw32/bin/../lib/gcc/nios2-elf/4.1.2/../../../../nios2-elf/lib\libc.a(lib_a-memcmp.o)
                0x00046c10                memcmp
 .text          0x00046c84       0x74 c:/altera/11.0/nios2eds/bin/gnu/h-i686-mingw32/bin/../lib/gcc/nios2-elf/4.1.2/../../../../nios2-elf/lib\libc.a(lib_a-strlen.o)
                0x00046c84                strlen
 .text          0x00046cf8      0x134 c:/altera/11.0/nios2eds/bin/gnu/h-i686-mingw32/bin/../lib/gcc/nios2-elf/4.1.2/../../../../nios2-elf/lib\libc.a(lib_a-__atexit.o)
                0x00046cf8                __register_exitproc
 .text          0x00046e2c      0x1b4 c:/altera/11.0/nios2eds/bin/gnu/h-i686-mingw32/bin/../lib/gcc/nios2-elf/4.1.2/../../../../nios2-elf/lib\libc.a(lib_a-__call_atexit.o)
                0x00046e30                __call_exitprocs
 .text          0x00046fe0       0x60 ../nios2processor_bsp/\libhal_bsp.a(alt_exit.o)
                0x00047020                _exit
 *(.gnu.warning.*)
 *(.fini)
                0x00047040                PROVIDE (__etext, ABSOLUTE (.))
                0x00047040                PROVIDE (_etext, ABSOLUTE (.))
                0x00047040                PROVIDE (etext, ABSOLUTE (.))
 *(.eh_frame_hdr)
                0x00047040                . = ALIGN (0x4)
                0x00047040                PROVIDE (__preinit_array_start, ABSOLUTE (.))
 *(.preinit_array)
                0x00047040                PROVIDE (__preinit_array_end, ABSOLUTE (.))
                0x00047040                PROVIDE (__init_array_start, ABSOLUTE (.))
 *(.init_array)
                0x00047040                PROVIDE (__init_array_end, ABSOLUTE (.))
                0x00047040                PROVIDE (__fini_array_start, ABSOLUTE (.))
 *(.fini_array)
                0x00047040                PROVIDE (__fini_array_end, ABSOLUTE (.))
 *(.eh_frame)
 *(.gcc_except_table)
 *(.dynamic)
                0x00047040                PROVIDE (__CTOR_LIST__, ABSOLUTE (.))
 *(.ctors)
 *(SORT(.ctors.*))
 .ctors.65535   0x00047040        0x4 c:/altera/11.0/nios2eds/bin/gnu/h-i686-mingw32/bin/../lib/gcc/nios2-elf/4.1.2/../../../../nios2-elf/lib\libc.a(lib_a-__call_atexit.o)
                0x00047044                PROVIDE (__CTOR_END__, ABSOLUTE (.))
                0x00047044                PROVIDE (__DTOR_LIST__, ABSOLUTE (.))
 *(.dtors)
 *(SORT(.dtors.*))
                0x00047044                PROVIDE (__DTOR_END__, ABSOLUTE (.))
 *(.jcr)
                0x00047044                . = ALIGN (0x4)

.rodata         0x00047044      0x328
                0x00047044                PROVIDE (__ram_rodata_start, ABSOLUTE (.))
                0x00047044                . = ALIGN (0x4)
 *(.rodata .rodata.* .gnu.linkonce.r.*)
 .rodata        0x00047044       0x5c obj/main.o
 .rodata.str1.4
                0x000470a0        0x4 c:/altera/11.0/nios2eds/bin/gnu/h-i686-mingw32/bin/../lib/gcc/nios2-elf/4.1.2/../../../../nios2-elf/lib\libc.a(lib_a-impure.o)
 .rodata        0x000470a4        0xc ../nios2processor_bsp/\libhal_bsp.a(alt_dev.o)
 .rodata        0x000470b0       0x1c ../nios2processor_bsp/\libhal_bsp.a(alt_main.o)
 .rodata        0x000470cc       0x1c ../nios2processor_bsp/\libhal_bsp.a(alt_sys_init.o)
 .rodata        0x000470e8      0x281 c:/altera/11.0/nios2eds/bin/gnu/h-i686-mingw32/bin/../lib/gcc/nios2-elf/4.1.2/../../../../nios2-elf/lib\libc.a(lib_a-ctype_.o)
                0x000470e8                _ctype_
 *(.rodata1)
                0x0004736c                . = ALIGN (0x4)
 *fill*         0x00047369        0x3 00
                0x0004736c                PROVIDE (__ram_rodata_end, ABSOLUTE (.))
                0x00047044                PROVIDE (__flash_rodata_start, LOADADDR (.rodata))

.rwdata         0x0004736c     0x1b70 load address 0x00048edc
                0x0004736c                PROVIDE (__ram_rwdata_start, ABSOLUTE (.))
                0x0004736c                . = ALIGN (0x4)
 *(.got.plt)
 *(.got)
 *(.data1)
 *(.data .data.* .gnu.linkonce.d.*)
 .data          0x0004736c        0x0 ../nios2processor_bsp//obj/HAL/src/crt0.o
 .data          0x0004736c        0x0 obj/main.o
 .data          0x0004736c        0x0 c:/altera/11.0/nios2eds/bin/gnu/h-i686-mingw32/bin/../lib/gcc/nios2-elf/4.1.2/../../../../nios2-elf/lib\libc.a(lib_a-fclose.o)
 .data          0x0004736c        0x0 c:/altera/11.0/nios2eds/bin/gnu/h-i686-mingw32/bin/../lib/gcc/nios2-elf/4.1.2/../../../../nios2-elf/lib\libc.a(lib_a-fflush.o)
 .data          0x0004736c        0x0 c:/altera/11.0/nios2eds/bin/gnu/h-i686-mingw32/bin/../lib/gcc/nios2-elf/4.1.2/../../../../nios2-elf/lib\libc.a(lib_a-findfp.o)
 .data          0x0004736c        0x0 c:/altera/11.0/nios2eds/bin/gnu/h-i686-mingw32/bin/../lib/gcc/nios2-elf/4.1.2/../../../../nios2-elf/lib\libc.a(lib_a-fopen.o)
 .data          0x0004736c        0x0 c:/altera/11.0/nios2eds/bin/gnu/h-i686-mingw32/bin/../lib/gcc/nios2-elf/4.1.2/../../../../nios2-elf/lib\libc.a(lib_a-freer.o)
 .data          0x0004736c        0x0 c:/altera/11.0/nios2eds/bin/gnu/h-i686-mingw32/bin/../lib/gcc/nios2-elf/4.1.2/../../../../nios2-elf/lib\libc.a(lib_a-fseek.o)
 .data          0x0004736c        0x0 c:/altera/11.0/nios2eds/bin/gnu/h-i686-mingw32/bin/../lib/gcc/nios2-elf/4.1.2/../../../../nios2-elf/lib\libc.a(lib_a-fstatr.o)
 .data          0x0004736c        0x0 c:/altera/11.0/nios2eds/bin/gnu/h-i686-mingw32/bin/../lib/gcc/nios2-elf/4.1.2/../../../../nios2-elf/lib\libc.a(lib_a-fwalk.o)
 .data          0x0004736c        0x0 c:/altera/11.0/nios2eds/bin/gnu/h-i686-mingw32/bin/../lib/gcc/nios2-elf/4.1.2/../../../../nios2-elf/lib\libc.a(lib_a-fwrite.o)
 .data          0x0004736c      0x400 c:/altera/11.0/nios2eds/bin/gnu/h-i686-mingw32/bin/../lib/gcc/nios2-elf/4.1.2/../../../../nios2-elf/lib\libc.a(lib_a-impure.o)
 .data          0x0004776c        0x0 c:/altera/11.0/nios2eds/bin/gnu/h-i686-mingw32/bin/../lib/gcc/nios2-elf/4.1.2/../../../../nios2-elf/lib\libc.a(lib_a-int_errno.o)
 .data          0x0004776c        0x0 c:/altera/11.0/nios2eds/bin/gnu/h-i686-mingw32/bin/../lib/gcc/nios2-elf/4.1.2/../../../../nios2-elf/lib\libc.a(lib_a-makebuf.o)
 .data          0x0004776c      0x408 c:/altera/11.0/nios2eds/bin/gnu/h-i686-mingw32/bin/../lib/gcc/nios2-elf/4.1.2/../../../../nios2-elf/lib\libc.a(lib_a-mallocr.o)
                0x0004776c                __malloc_av_
 .data          0x00047b74        0x0 c:/altera/11.0/nios2eds/bin/gnu/h-i686-mingw32/bin/../lib/gcc/nios2-elf/4.1.2/../../../../nios2-elf/lib\libc.a(lib_a-memset.o)
 .data          0x00047b74        0x0 c:/altera/11.0/nios2eds/bin/gnu/h-i686-mingw32/bin/../lib/gcc/nios2-elf/4.1.2/../../../../nios2-elf/lib\libc.a(lib_a-openr.o)
 .data          0x00047b74        0x0 c:/altera/11.0/nios2eds/bin/gnu/h-i686-mingw32/bin/../lib/gcc/nios2-elf/4.1.2/../../../../nios2-elf/lib\libc.a(lib_a-refill.o)
 .data          0x00047b74        0x0 c:/altera/11.0/nios2eds/bin/gnu/h-i686-mingw32/bin/../lib/gcc/nios2-elf/4.1.2/../../../../nios2-elf/lib\libc.a(lib_a-sbrkr.o)
 .data          0x00047b74        0x0 c:/altera/11.0/nios2eds/bin/gnu/h-i686-mingw32/bin/../lib/gcc/nios2-elf/4.1.2/../../../../nios2-elf/lib\libc.a(lib_a-stdio.o)
 .data          0x00047b74        0x0 c:/altera/11.0/nios2eds/bin/gnu/h-i686-mingw32/bin/../lib/gcc/nios2-elf/4.1.2/../../../../nios2-elf/lib\libc.a(lib_a-writer.o)
 .data          0x00047b74        0x0 c:/altera/11.0/nios2eds/bin/gnu/h-i686-mingw32/bin/../lib/gcc/nios2-elf/4.1.2/../../../../nios2-elf/lib\libc.a(lib_a-closer.o)
 .data          0x00047b74        0x0 c:/altera/11.0/nios2eds/bin/gnu/h-i686-mingw32/bin/../lib/gcc/nios2-elf/4.1.2/../../../../nios2-elf/lib\libc.a(lib_a-flags.o)
 .data          0x00047b74        0x0 c:/altera/11.0/nios2eds/bin/gnu/h-i686-mingw32/bin/../lib/gcc/nios2-elf/4.1.2/../../../../nios2-elf/lib\libc.a(lib_a-fvwrite.o)
 .data          0x00047b74        0x0 c:/altera/11.0/nios2eds/bin/gnu/h-i686-mingw32/bin/../lib/gcc/nios2-elf/4.1.2/../../../../nios2-elf/lib\libc.a(lib_a-isattyr.o)
 .data          0x00047b74        0x0 c:/altera/11.0/nios2eds/bin/gnu/h-i686-mingw32/bin/../lib/gcc/nios2-elf/4.1.2/../../../../nios2-elf/lib\libc.a(lib_a-lseekr.o)
 .data          0x00047b74        0x0 c:/altera/11.0/nios2eds/bin/gnu/h-i686-mingw32/bin/../lib/gcc/nios2-elf/4.1.2/../../../../nios2-elf/lib\libc.a(lib_a-memchr.o)
 .data          0x00047b74        0x0 c:/altera/11.0/nios2eds/bin/gnu/h-i686-mingw32/bin/../lib/gcc/nios2-elf/4.1.2/../../../../nios2-elf/lib\libc.a(lib_a-memcpy.o)
 .data          0x00047b74        0x0 c:/altera/11.0/nios2eds/bin/gnu/h-i686-mingw32/bin/../lib/gcc/nios2-elf/4.1.2/../../../../nios2-elf/lib\libc.a(lib_a-memmove.o)
 .data          0x00047b74        0x0 c:/altera/11.0/nios2eds/bin/gnu/h-i686-mingw32/bin/../lib/gcc/nios2-elf/4.1.2/../../../../nios2-elf/lib\libc.a(lib_a-readr.o)
 .data          0x00047b74        0x0 c:/altera/11.0/nios2eds/bin/gnu/h-i686-mingw32/bin/../lib/gcc/nios2-elf/4.1.2/../../../../nios2-elf/lib\libc.a(lib_a-reallocr.o)
 .data          0x00047b74        0x0 c:/altera/11.0/nios2eds/bin/gnu/h-i686-mingw32/bin/../lib/gcc/nios2-elf/4.1.2/../../../../nios2-elf/lib\libc.a(lib_a-wsetup.o)
 .data          0x00047b74        0x0 c:/altera/11.0/nios2eds/bin/gnu/h-i686-mingw32/bin/../lib/gcc/nios2-elf/4.1.2\libgcc.a(lib2-divmod.o)
 .data          0x00047b74        0x0 ../nios2processor_bsp/\libhal_bsp.a(alt_close.o)
 .data          0x00047b74      0x1a8 ../nios2processor_bsp/\libhal_bsp.a(alt_dev.o)
                0x00047b74                alt_dev_null
                0x00047b9c                alt_fd_list
 .data          0x00047d1c        0x0 ../nios2processor_bsp/\libhal_bsp.a(alt_errno.o)
 .data          0x00047d1c        0x0 ../nios2processor_bsp/\libhal_bsp.a(alt_fstat.o)
 .data          0x00047d1c        0x0 ../nios2processor_bsp/\libhal_bsp.a(alt_isatty.o)
 .data          0x00047d1c        0x0 ../nios2processor_bsp/\libhal_bsp.a(alt_load.o)
 .data          0x00047d1c        0x0 ../nios2processor_bsp/\libhal_bsp.a(alt_lseek.o)
 .data          0x00047d1c        0x0 ../nios2processor_bsp/\libhal_bsp.a(alt_main.o)
 .data          0x00047d1c        0x0 ../nios2processor_bsp/\libhal_bsp.a(alt_malloc_lock.o)
 .data          0x00047d1c        0x0 ../nios2processor_bsp/\libhal_bsp.a(alt_open.o)
 .data          0x00047d1c        0x0 ../nios2processor_bsp/\libhal_bsp.a(alt_read.o)
 .data          0x00047d1c        0x0 ../nios2processor_bsp/\libhal_bsp.a(alt_release_fd.o)
 .data          0x00047d1c        0x0 ../nios2processor_bsp/\libhal_bsp.a(alt_sbrk.o)
 .data          0x00047d1c        0x0 ../nios2processor_bsp/\libhal_bsp.a(alt_usleep.o)
 .data          0x00047d1c        0x0 ../nios2processor_bsp/\libhal_bsp.a(alt_write.o)
 .data          0x00047d1c     0x1180 ../nios2processor_bsp/\libhal_bsp.a(alt_sys_init.o)
 .data          0x00048e9c        0x0 ../nios2processor_bsp/\libhal_bsp.a(altera_avalon_jtag_uart_fd.o)
 .data          0x00048e9c        0x0 ../nios2processor_bsp/\libhal_bsp.a(altera_avalon_jtag_uart_init.o)
 .data          0x00048e9c        0x0 ../nios2processor_bsp/\libhal_bsp.a(altera_avalon_jtag_uart_ioctl.o)
 .data          0x00048e9c        0x0 ../nios2processor_bsp/\libhal_bsp.a(altera_avalon_jtag_uart_read.o)
 .data          0x00048e9c        0x0 ../nios2processor_bsp/\libhal_bsp.a(altera_avalon_jtag_uart_write.o)
 .data          0x00048e9c        0x0 ../nios2processor_bsp/\libhal_bsp.a(altera_avalon_lcd_16207.o)
 .data          0x00048e9c        0x0 ../nios2processor_bsp/\libhal_bsp.a(altera_avalon_lcd_16207_fd.o)
 .data          0x00048e9c        0x0 ../nios2processor_bsp/\libhal_bsp.a(alt_alarm_start.o)
 .data          0x00048e9c        0x0 ../nios2processor_bsp/\libhal_bsp.a(alt_busy_sleep.o)
 .data          0x00048e9c        0x0 ../nios2processor_bsp/\libhal_bsp.a(alt_dcache_flush_all.o)
 .data          0x00048e9c        0x0 ../nios2processor_bsp/\libhal_bsp.a(alt_dev_llist_insert.o)
 .data          0x00048e9c        0x0 ../nios2processor_bsp/\libhal_bsp.a(alt_do_ctors.o)
 .data          0x00048e9c        0x0 ../nios2processor_bsp/\libhal_bsp.a(alt_do_dtors.o)
 .data          0x00048e9c        0x0 ../nios2processor_bsp/\libhal_bsp.a(alt_find_dev.o)
 .data          0x00048e9c        0x0 ../nios2processor_bsp/\libhal_bsp.a(alt_find_file.o)
 .data          0x00048e9c        0x0 ../nios2processor_bsp/\libhal_bsp.a(alt_get_fd.o)
 .data          0x00048e9c        0x0 ../nios2processor_bsp/\libhal_bsp.a(alt_icache_flush_all.o)
 .data          0x00048e9c        0x0 ../nios2processor_bsp/\libhal_bsp.a(alt_iic.o)
 .data          0x00048e9c        0x0 ../nios2processor_bsp/\libhal_bsp.a(alt_iic_isr_register.o)
 .data          0x00048e9c        0x0 ../nios2processor_bsp/\libhal_bsp.a(alt_io_redirect.o)
 .data          0x00048e9c        0x0 ../nios2processor_bsp/\libhal_bsp.a(alt_irq_entry.o)
 .data          0x00048e9c        0x0 ../nios2processor_bsp/\libhal_bsp.a(alt_irq_handler.o)
 .data          0x00048e9c        0x0 ../nios2processor_bsp/\libhal_bsp.a(alt_irq_vars.o)
 .data          0x00048e9c        0x0 ../nios2processor_bsp/\libhal_bsp.a(alt_tick.o)
 .data          0x00048e9c        0x0 ../nios2processor_bsp/\libhal_bsp.a(altera_nios2_qsys_irq.o)
 .data          0x00048e9c        0x0 ../nios2processor_bsp/\libhal_bsp.a(alt_exception_entry.o)
 .data          0x00048e9c        0x0 ../nios2processor_bsp/\libhal_bsp.a(alt_icache_flush.o)
 .data          0x00048e9c        0x0 c:/altera/11.0/nios2eds/bin/gnu/h-i686-mingw32/bin/../lib/gcc/nios2-elf/4.1.2/../../../../nios2-elf/lib\libc.a(lib_a-atexit.o)
 .data          0x00048e9c        0x0 c:/altera/11.0/nios2eds/bin/gnu/h-i686-mingw32/bin/../lib/gcc/nios2-elf/4.1.2/../../../../nios2-elf/lib\libc.a(lib_a-ctype_.o)
 .data          0x00048e9c        0x0 c:/altera/11.0/nios2eds/bin/gnu/h-i686-mingw32/bin/../lib/gcc/nios2-elf/4.1.2/../../../../nios2-elf/lib\libc.a(lib_a-exit.o)
 .data          0x00048e9c        0x0 c:/altera/11.0/nios2eds/bin/gnu/h-i686-mingw32/bin/../lib/gcc/nios2-elf/4.1.2/../../../../nios2-elf/lib\libc.a(lib_a-memcmp.o)
 .data          0x00048e9c        0x0 c:/altera/11.0/nios2eds/bin/gnu/h-i686-mingw32/bin/../lib/gcc/nios2-elf/4.1.2/../../../../nios2-elf/lib\libc.a(lib_a-strlen.o)
 .data          0x00048e9c        0x0 c:/altera/11.0/nios2eds/bin/gnu/h-i686-mingw32/bin/../lib/gcc/nios2-elf/4.1.2/../../../../nios2-elf/lib\libc.a(lib_a-__atexit.o)
 .data          0x00048e9c        0x0 c:/altera/11.0/nios2eds/bin/gnu/h-i686-mingw32/bin/../lib/gcc/nios2-elf/4.1.2/../../../../nios2-elf/lib\libc.a(lib_a-__call_atexit.o)
 .data          0x00048e9c        0x0 ../nios2processor_bsp/\libhal_bsp.a(alt_exit.o)
                0x00050e9c                _gp = ABSOLUTE ((. + 0x8000))
                0x00050e9c                PROVIDE (gp, _gp)
 *(.rwdata .rwdata.*)
 *(.sdata .sdata.* .gnu.linkonce.s.*)
 .sdata         0x00048e9c        0x8 c:/altera/11.0/nios2eds/bin/gnu/h-i686-mingw32/bin/../lib/gcc/nios2-elf/4.1.2/../../../../nios2-elf/lib\libc.a(lib_a-impure.o)
                0x00048e9c                _impure_ptr
                0x00048ea0                _global_impure_ptr
 .sdata         0x00048ea4        0x8 c:/altera/11.0/nios2eds/bin/gnu/h-i686-mingw32/bin/../lib/gcc/nios2-elf/4.1.2/../../../../nios2-elf/lib\libc.a(lib_a-mallocr.o)
                0x00048ea4                __malloc_trim_threshold
                0x00048ea8                __malloc_sbrk_base
 .sdata         0x00048eac       0x14 ../nios2processor_bsp/\libhal_bsp.a(alt_dev.o)
                0x00048eac                alt_fs_list
                0x00048eb4                alt_dev_list
                0x00048ebc                alt_max_fd
 .sdata         0x00048ec0        0x4 ../nios2processor_bsp/\libhal_bsp.a(alt_errno.o)
                0x00048ec0                alt_errno
 .sdata         0x00048ec4        0x4 ../nios2processor_bsp/\libhal_bsp.a(alt_sbrk.o)
 .sdata         0x00048ec8        0x4 ../nios2processor_bsp/\libhal_bsp.a(altera_avalon_lcd_16207.o)
 .sdata         0x00048ecc        0x4 ../nios2processor_bsp/\libhal_bsp.a(alt_irq_vars.o)
                0x00048ecc                alt_priority_mask
 .sdata         0x00048ed0        0x8 ../nios2processor_bsp/\libhal_bsp.a(alt_tick.o)
                0x00048ed0                alt_alarm_list
 .sdata         0x00048ed8        0x4 c:/altera/11.0/nios2eds/bin/gnu/h-i686-mingw32/bin/../lib/gcc/nios2-elf/4.1.2/../../../../nios2-elf/lib\libc.a(lib_a-ctype_.o)
                0x00048ed8                __ctype_ptr
 *(.sdata2 .sdata2.* .gnu.linkonce.s2.*)
                0x00048edc                . = ALIGN (0x4)
                0x00048edc                _edata = ABSOLUTE (.)
                0x00048edc                PROVIDE (edata, ABSOLUTE (.))
                0x00048edc                PROVIDE (__ram_rwdata_end, ABSOLUTE (.))
                0x00048edc                PROVIDE (__flash_rwdata_start, LOADADDR (.rwdata))

.bss            0x0004aa4c      0x2e0
                0x0004aa4c                __bss_start = ABSOLUTE (.)
                0x0004aa4c                PROVIDE (__sbss_start, ABSOLUTE (.))
                0x0004aa4c                PROVIDE (___sbss_start, ABSOLUTE (.))
 *(.dynsbss)
 *(.sbss .sbss.* .gnu.linkonce.sb.*)
 .sbss          0x0004aa4c        0x4 c:/altera/11.0/nios2eds/bin/gnu/h-i686-mingw32/bin/../lib/gcc/nios2-elf/4.1.2/../../../../nios2-elf/lib\libc.a(lib_a-int_errno.o)
                0x0004aa4c                errno
 .sbss          0x0004aa50        0xc c:/altera/11.0/nios2eds/bin/gnu/h-i686-mingw32/bin/../lib/gcc/nios2-elf/4.1.2/../../../../nios2-elf/lib\libc.a(lib_a-mallocr.o)
                0x0004aa50                __malloc_top_pad
                0x0004aa54                __malloc_max_sbrked_mem
                0x0004aa58                __malloc_max_total_mem
 .sbss          0x0004aa5c        0xc ../nios2processor_bsp/\libhal_bsp.a(alt_main.o)
                0x0004aa5c                alt_argc
                0x0004aa60                alt_argv
                0x0004aa64                alt_envp
 .sbss          0x0004aa68        0x4 ../nios2processor_bsp/\libhal_bsp.a(alt_irq_vars.o)
                0x0004aa68                alt_irq_active
 .sbss          0x0004aa6c        0x8 ../nios2processor_bsp/\libhal_bsp.a(alt_tick.o)
                0x0004aa6c                _alt_tick_rate
                0x0004aa70                _alt_nticks
 *(.sbss2 .sbss2.* .gnu.linkonce.sb2.*)
 *(.scommon)
                0x0004aa74                PROVIDE (__sbss_end, ABSOLUTE (.))
                0x0004aa74                PROVIDE (___sbss_end, ABSOLUTE (.))
 *(.dynbss)
 *(.bss .bss.* .gnu.linkonce.b.*)
 .bss           0x0004aa74        0x0 ../nios2processor_bsp//obj/HAL/src/crt0.o
 .bss           0x0004aa74        0x0 obj/main.o
 .bss           0x0004aa74        0x0 c:/altera/11.0/nios2eds/bin/gnu/h-i686-mingw32/bin/../lib/gcc/nios2-elf/4.1.2/../../../../nios2-elf/lib\libc.a(lib_a-fclose.o)
 .bss           0x0004aa74        0x0 c:/altera/11.0/nios2eds/bin/gnu/h-i686-mingw32/bin/../lib/gcc/nios2-elf/4.1.2/../../../../nios2-elf/lib\libc.a(lib_a-fflush.o)
 .bss           0x0004aa74        0x0 c:/altera/11.0/nios2eds/bin/gnu/h-i686-mingw32/bin/../lib/gcc/nios2-elf/4.1.2/../../../../nios2-elf/lib\libc.a(lib_a-findfp.o)
 .bss           0x0004aa74        0x0 c:/altera/11.0/nios2eds/bin/gnu/h-i686-mingw32/bin/../lib/gcc/nios2-elf/4.1.2/../../../../nios2-elf/lib\libc.a(lib_a-fopen.o)
 .bss           0x0004aa74        0x0 c:/altera/11.0/nios2eds/bin/gnu/h-i686-mingw32/bin/../lib/gcc/nios2-elf/4.1.2/../../../../nios2-elf/lib\libc.a(lib_a-freer.o)
 .bss           0x0004aa74        0x0 c:/altera/11.0/nios2eds/bin/gnu/h-i686-mingw32/bin/../lib/gcc/nios2-elf/4.1.2/../../../../nios2-elf/lib\libc.a(lib_a-fseek.o)
 .bss           0x0004aa74        0x0 c:/altera/11.0/nios2eds/bin/gnu/h-i686-mingw32/bin/../lib/gcc/nios2-elf/4.1.2/../../../../nios2-elf/lib\libc.a(lib_a-fstatr.o)
 .bss           0x0004aa74        0x0 c:/altera/11.0/nios2eds/bin/gnu/h-i686-mingw32/bin/../lib/gcc/nios2-elf/4.1.2/../../../../nios2-elf/lib\libc.a(lib_a-fwalk.o)
 .bss           0x0004aa74        0x0 c:/altera/11.0/nios2eds/bin/gnu/h-i686-mingw32/bin/../lib/gcc/nios2-elf/4.1.2/../../../../nios2-elf/lib\libc.a(lib_a-fwrite.o)
 .bss           0x0004aa74        0x0 c:/altera/11.0/nios2eds/bin/gnu/h-i686-mingw32/bin/../lib/gcc/nios2-elf/4.1.2/../../../../nios2-elf/lib\libc.a(lib_a-impure.o)
 .bss           0x0004aa74        0x0 c:/altera/11.0/nios2eds/bin/gnu/h-i686-mingw32/bin/../lib/gcc/nios2-elf/4.1.2/../../../../nios2-elf/lib\libc.a(lib_a-int_errno.o)
 .bss           0x0004aa74        0x0 c:/altera/11.0/nios2eds/bin/gnu/h-i686-mingw32/bin/../lib/gcc/nios2-elf/4.1.2/../../../../nios2-elf/lib\libc.a(lib_a-makebuf.o)
 .bss           0x0004aa74       0x28 c:/altera/11.0/nios2eds/bin/gnu/h-i686-mingw32/bin/../lib/gcc/nios2-elf/4.1.2/../../../../nios2-elf/lib\libc.a(lib_a-mallocr.o)
                0x0004aa74                __malloc_current_mallinfo
 .bss           0x0004aa9c        0x0 c:/altera/11.0/nios2eds/bin/gnu/h-i686-mingw32/bin/../lib/gcc/nios2-elf/4.1.2/../../../../nios2-elf/lib\libc.a(lib_a-memset.o)
 .bss           0x0004aa9c        0x0 c:/altera/11.0/nios2eds/bin/gnu/h-i686-mingw32/bin/../lib/gcc/nios2-elf/4.1.2/../../../../nios2-elf/lib\libc.a(lib_a-openr.o)
 .bss           0x0004aa9c        0x0 c:/altera/11.0/nios2eds/bin/gnu/h-i686-mingw32/bin/../lib/gcc/nios2-elf/4.1.2/../../../../nios2-elf/lib\libc.a(lib_a-refill.o)
 .bss           0x0004aa9c        0x0 c:/altera/11.0/nios2eds/bin/gnu/h-i686-mingw32/bin/../lib/gcc/nios2-elf/4.1.2/../../../../nios2-elf/lib\libc.a(lib_a-sbrkr.o)
 .bss           0x0004aa9c        0x0 c:/altera/11.0/nios2eds/bin/gnu/h-i686-mingw32/bin/../lib/gcc/nios2-elf/4.1.2/../../../../nios2-elf/lib\libc.a(lib_a-stdio.o)
 .bss           0x0004aa9c        0x0 c:/altera/11.0/nios2eds/bin/gnu/h-i686-mingw32/bin/../lib/gcc/nios2-elf/4.1.2/../../../../nios2-elf/lib\libc.a(lib_a-writer.o)
 .bss           0x0004aa9c        0x0 c:/altera/11.0/nios2eds/bin/gnu/h-i686-mingw32/bin/../lib/gcc/nios2-elf/4.1.2/../../../../nios2-elf/lib\libc.a(lib_a-closer.o)
 .bss           0x0004aa9c        0x0 c:/altera/11.0/nios2eds/bin/gnu/h-i686-mingw32/bin/../lib/gcc/nios2-elf/4.1.2/../../../../nios2-elf/lib\libc.a(lib_a-flags.o)
 .bss           0x0004aa9c        0x0 c:/altera/11.0/nios2eds/bin/gnu/h-i686-mingw32/bin/../lib/gcc/nios2-elf/4.1.2/../../../../nios2-elf/lib\libc.a(lib_a-fvwrite.o)
 .bss           0x0004aa9c        0x0 c:/altera/11.0/nios2eds/bin/gnu/h-i686-mingw32/bin/../lib/gcc/nios2-elf/4.1.2/../../../../nios2-elf/lib\libc.a(lib_a-isattyr.o)
 .bss           0x0004aa9c        0x0 c:/altera/11.0/nios2eds/bin/gnu/h-i686-mingw32/bin/../lib/gcc/nios2-elf/4.1.2/../../../../nios2-elf/lib\libc.a(lib_a-lseekr.o)
 .bss           0x0004aa9c        0x0 c:/altera/11.0/nios2eds/bin/gnu/h-i686-mingw32/bin/../lib/gcc/nios2-elf/4.1.2/../../../../nios2-elf/lib\libc.a(lib_a-memchr.o)
 .bss           0x0004aa9c        0x0 c:/altera/11.0/nios2eds/bin/gnu/h-i686-mingw32/bin/../lib/gcc/nios2-elf/4.1.2/../../../../nios2-elf/lib\libc.a(lib_a-memcpy.o)
 .bss           0x0004aa9c        0x0 c:/altera/11.0/nios2eds/bin/gnu/h-i686-mingw32/bin/../lib/gcc/nios2-elf/4.1.2/../../../../nios2-elf/lib\libc.a(lib_a-memmove.o)
 .bss           0x0004aa9c        0x0 c:/altera/11.0/nios2eds/bin/gnu/h-i686-mingw32/bin/../lib/gcc/nios2-elf/4.1.2/../../../../nios2-elf/lib\libc.a(lib_a-readr.o)
 .bss           0x0004aa9c        0x0 c:/altera/11.0/nios2eds/bin/gnu/h-i686-mingw32/bin/../lib/gcc/nios2-elf/4.1.2/../../../../nios2-elf/lib\libc.a(lib_a-reallocr.o)
 .bss           0x0004aa9c        0x0 c:/altera/11.0/nios2eds/bin/gnu/h-i686-mingw32/bin/../lib/gcc/nios2-elf/4.1.2/../../../../nios2-elf/lib\libc.a(lib_a-wsetup.o)
 .bss           0x0004aa9c        0x0 c:/altera/11.0/nios2eds/bin/gnu/h-i686-mingw32/bin/../lib/gcc/nios2-elf/4.1.2\libgcc.a(lib2-divmod.o)
 .bss           0x0004aa9c        0x0 ../nios2processor_bsp/\libhal_bsp.a(alt_close.o)
 .bss           0x0004aa9c        0x0 ../nios2processor_bsp/\libhal_bsp.a(alt_dev.o)
 .bss           0x0004aa9c        0x0 ../nios2processor_bsp/\libhal_bsp.a(alt_errno.o)
 .bss           0x0004aa9c        0x0 ../nios2processor_bsp/\libhal_bsp.a(alt_fstat.o)
 .bss           0x0004aa9c        0x0 ../nios2processor_bsp/\libhal_bsp.a(alt_isatty.o)
 .bss           0x0004aa9c        0x0 ../nios2processor_bsp/\libhal_bsp.a(alt_load.o)
 .bss           0x0004aa9c        0x0 ../nios2processor_bsp/\libhal_bsp.a(alt_lseek.o)
 .bss           0x0004aa9c        0x0 ../nios2processor_bsp/\libhal_bsp.a(alt_main.o)
 .bss           0x0004aa9c        0x0 ../nios2processor_bsp/\libhal_bsp.a(alt_malloc_lock.o)
 .bss           0x0004aa9c        0x0 ../nios2processor_bsp/\libhal_bsp.a(alt_open.o)
 .bss           0x0004aa9c        0x0 ../nios2processor_bsp/\libhal_bsp.a(alt_read.o)
 .bss           0x0004aa9c        0x0 ../nios2processor_bsp/\libhal_bsp.a(alt_release_fd.o)
 .bss           0x0004aa9c        0x0 ../nios2processor_bsp/\libhal_bsp.a(alt_sbrk.o)
 .bss           0x0004aa9c        0x0 ../nios2processor_bsp/\libhal_bsp.a(alt_usleep.o)
 .bss           0x0004aa9c        0x0 ../nios2processor_bsp/\libhal_bsp.a(alt_write.o)
 .bss           0x0004aa9c        0x0 ../nios2processor_bsp/\libhal_bsp.a(alt_sys_init.o)
 .bss           0x0004aa9c        0x0 ../nios2processor_bsp/\libhal_bsp.a(altera_avalon_jtag_uart_fd.o)
 .bss           0x0004aa9c        0x0 ../nios2processor_bsp/\libhal_bsp.a(altera_avalon_jtag_uart_init.o)
 .bss           0x0004aa9c        0x0 ../nios2processor_bsp/\libhal_bsp.a(altera_avalon_jtag_uart_ioctl.o)
 .bss           0x0004aa9c        0x0 ../nios2processor_bsp/\libhal_bsp.a(altera_avalon_jtag_uart_read.o)
 .bss           0x0004aa9c        0x0 ../nios2processor_bsp/\libhal_bsp.a(altera_avalon_jtag_uart_write.o)
 .bss           0x0004aa9c        0x0 ../nios2processor_bsp/\libhal_bsp.a(altera_avalon_lcd_16207.o)
 .bss           0x0004aa9c        0x0 ../nios2processor_bsp/\libhal_bsp.a(altera_avalon_lcd_16207_fd.o)
 .bss           0x0004aa9c        0x0 ../nios2processor_bsp/\libhal_bsp.a(alt_alarm_start.o)
 .bss           0x0004aa9c        0x0 ../nios2processor_bsp/\libhal_bsp.a(alt_busy_sleep.o)
 .bss           0x0004aa9c        0x0 ../nios2processor_bsp/\libhal_bsp.a(alt_dcache_flush_all.o)
 .bss           0x0004aa9c        0x0 ../nios2processor_bsp/\libhal_bsp.a(alt_dev_llist_insert.o)
 .bss           0x0004aa9c        0x0 ../nios2processor_bsp/\libhal_bsp.a(alt_do_ctors.o)
 .bss           0x0004aa9c        0x0 ../nios2processor_bsp/\libhal_bsp.a(alt_do_dtors.o)
 .bss           0x0004aa9c        0x0 ../nios2processor_bsp/\libhal_bsp.a(alt_find_dev.o)
 .bss           0x0004aa9c        0x0 ../nios2processor_bsp/\libhal_bsp.a(alt_find_file.o)
 .bss           0x0004aa9c        0x0 ../nios2processor_bsp/\libhal_bsp.a(alt_get_fd.o)
 .bss           0x0004aa9c        0x0 ../nios2processor_bsp/\libhal_bsp.a(alt_icache_flush_all.o)
 .bss           0x0004aa9c        0x0 ../nios2processor_bsp/\libhal_bsp.a(alt_iic.o)
 .bss           0x0004aa9c        0x0 ../nios2processor_bsp/\libhal_bsp.a(alt_iic_isr_register.o)
 .bss           0x0004aa9c        0x0 ../nios2processor_bsp/\libhal_bsp.a(alt_io_redirect.o)
 .bss           0x0004aa9c        0x0 ../nios2processor_bsp/\libhal_bsp.a(alt_irq_entry.o)
 .bss           0x0004aa9c        0x0 ../nios2processor_bsp/\libhal_bsp.a(alt_irq_handler.o)
 .bss           0x0004aa9c        0x0 ../nios2processor_bsp/\libhal_bsp.a(alt_irq_vars.o)
 .bss           0x0004aa9c        0x0 ../nios2processor_bsp/\libhal_bsp.a(alt_tick.o)
 .bss           0x0004aa9c        0x0 ../nios2processor_bsp/\libhal_bsp.a(altera_nios2_qsys_irq.o)
 .bss           0x0004aa9c        0x0 ../nios2processor_bsp/\libhal_bsp.a(alt_exception_entry.o)
 .bss           0x0004aa9c        0x0 ../nios2processor_bsp/\libhal_bsp.a(alt_icache_flush.o)
 .bss           0x0004aa9c        0x0 c:/altera/11.0/nios2eds/bin/gnu/h-i686-mingw32/bin/../lib/gcc/nios2-elf/4.1.2/../../../../nios2-elf/lib\libc.a(lib_a-atexit.o)
 .bss           0x0004aa9c        0x0 c:/altera/11.0/nios2eds/bin/gnu/h-i686-mingw32/bin/../lib/gcc/nios2-elf/4.1.2/../../../../nios2-elf/lib\libc.a(lib_a-ctype_.o)
 .bss           0x0004aa9c        0x0 c:/altera/11.0/nios2eds/bin/gnu/h-i686-mingw32/bin/../lib/gcc/nios2-elf/4.1.2/../../../../nios2-elf/lib\libc.a(lib_a-exit.o)
 .bss           0x0004aa9c        0x0 c:/altera/11.0/nios2eds/bin/gnu/h-i686-mingw32/bin/../lib/gcc/nios2-elf/4.1.2/../../../../nios2-elf/lib\libc.a(lib_a-memcmp.o)
 .bss           0x0004aa9c        0x0 c:/altera/11.0/nios2eds/bin/gnu/h-i686-mingw32/bin/../lib/gcc/nios2-elf/4.1.2/../../../../nios2-elf/lib\libc.a(lib_a-strlen.o)
 .bss           0x0004aa9c        0x0 c:/altera/11.0/nios2eds/bin/gnu/h-i686-mingw32/bin/../lib/gcc/nios2-elf/4.1.2/../../../../nios2-elf/lib\libc.a(lib_a-__atexit.o)
 .bss           0x0004aa9c        0x0 c:/altera/11.0/nios2eds/bin/gnu/h-i686-mingw32/bin/../lib/gcc/nios2-elf/4.1.2/../../../../nios2-elf/lib\libc.a(lib_a-__call_atexit.o)
 .bss           0x0004aa9c        0x0 ../nios2processor_bsp/\libhal_bsp.a(alt_exit.o)
 *(COMMON)
 COMMON         0x0004aa9c      0x100 ../nios2processor_bsp/\libhal_bsp.a(alt_irq_handler.o)
                0x0004aa9c                alt_irq
 COMMON         0x0004ab9c      0x190 c:/altera/11.0/nios2eds/bin/gnu/h-i686-mingw32/bin/../lib/gcc/nios2-elf/4.1.2/../../../../nios2-elf/lib\libc.a(lib_a-atexit.o)
                0x0004ab9c                _atexit0
                0x0004ad2c                . = ALIGN (0x4)
                0x0004ad2c                __bss_end = ABSOLUTE (.)

.memory         0x0004ad2c        0x0
                0x0004ad2c                PROVIDE (_alt_partition_memory_start, ABSOLUTE (.))
 *(.memory. memory.*)
                0x0004ad2c                . = ALIGN (0x4)
                0x0004ad2c                PROVIDE (_alt_partition_memory_end, ABSOLUTE (.))
                0x0004ad2c                _end = ABSOLUTE (.)
                0x0004ad2c                end = ABSOLUTE (.)
                0x0004ad2c                __alt_stack_base = ABSOLUTE (.)
                0x0004ad2c                PROVIDE (_alt_partition_memory_load_addr, LOADADDR (.memory))

.stab
 *(.stab)

.stabstr
 *(.stabstr)

.stab.excl
 *(.stab.excl)

.stab.exclstr
 *(.stab.exclstr)

.stab.index
 *(.stab.index)

.stab.indexstr
 *(.stab.indexstr)

.comment        0x00000000       0x23
 *(.comment)
 .comment       0x00000000       0x23 obj/main.o
                                 0x24 (size before relaxing)
 .comment       0x00000000       0x24 c:/altera/11.0/nios2eds/bin/gnu/h-i686-mingw32/bin/../lib/gcc/nios2-elf/4.1.2/../../../../nios2-elf/lib\libc.a(lib_a-fclose.o)
 .comment       0x00000000       0x24 c:/altera/11.0/nios2eds/bin/gnu/h-i686-mingw32/bin/../lib/gcc/nios2-elf/4.1.2/../../../../nios2-elf/lib\libc.a(lib_a-fflush.o)
 .comment       0x00000000       0x24 c:/altera/11.0/nios2eds/bin/gnu/h-i686-mingw32/bin/../lib/gcc/nios2-elf/4.1.2/../../../../nios2-elf/lib\libc.a(lib_a-findfp.o)
 .comment       0x00000000       0x24 c:/altera/11.0/nios2eds/bin/gnu/h-i686-mingw32/bin/../lib/gcc/nios2-elf/4.1.2/../../../../nios2-elf/lib\libc.a(lib_a-fopen.o)
 .comment       0x00000000       0x24 c:/altera/11.0/nios2eds/bin/gnu/h-i686-mingw32/bin/../lib/gcc/nios2-elf/4.1.2/../../../../nios2-elf/lib\libc.a(lib_a-freer.o)
 .comment       0x00000000       0x24 c:/altera/11.0/nios2eds/bin/gnu/h-i686-mingw32/bin/../lib/gcc/nios2-elf/4.1.2/../../../../nios2-elf/lib\libc.a(lib_a-fseek.o)
 .comment       0x00000000       0x24 c:/altera/11.0/nios2eds/bin/gnu/h-i686-mingw32/bin/../lib/gcc/nios2-elf/4.1.2/../../../../nios2-elf/lib\libc.a(lib_a-fstatr.o)
 .comment       0x00000000       0x24 c:/altera/11.0/nios2eds/bin/gnu/h-i686-mingw32/bin/../lib/gcc/nios2-elf/4.1.2/../../../../nios2-elf/lib\libc.a(lib_a-fwalk.o)
 .comment       0x00000000       0x24 c:/altera/11.0/nios2eds/bin/gnu/h-i686-mingw32/bin/../lib/gcc/nios2-elf/4.1.2/../../../../nios2-elf/lib\libc.a(lib_a-fwrite.o)
 .comment       0x00000000       0x24 c:/altera/11.0/nios2eds/bin/gnu/h-i686-mingw32/bin/../lib/gcc/nios2-elf/4.1.2/../../../../nios2-elf/lib\libc.a(lib_a-impure.o)
 .comment       0x00000000       0x24 c:/altera/11.0/nios2eds/bin/gnu/h-i686-mingw32/bin/../lib/gcc/nios2-elf/4.1.2/../../../../nios2-elf/lib\libc.a(lib_a-int_errno.o)
 .comment       0x00000000       0x24 c:/altera/11.0/nios2eds/bin/gnu/h-i686-mingw32/bin/../lib/gcc/nios2-elf/4.1.2/../../../../nios2-elf/lib\libc.a(lib_a-makebuf.o)
 .comment       0x00000000       0x24 c:/altera/11.0/nios2eds/bin/gnu/h-i686-mingw32/bin/../lib/gcc/nios2-elf/4.1.2/../../../../nios2-elf/lib\libc.a(lib_a-mallocr.o)
 .comment       0x00000000       0x24 c:/altera/11.0/nios2eds/bin/gnu/h-i686-mingw32/bin/../lib/gcc/nios2-elf/4.1.2/../../../../nios2-elf/lib\libc.a(lib_a-memset.o)
 .comment       0x00000000       0x24 c:/altera/11.0/nios2eds/bin/gnu/h-i686-mingw32/bin/../lib/gcc/nios2-elf/4.1.2/../../../../nios2-elf/lib\libc.a(lib_a-openr.o)
 .comment       0x00000000       0x24 c:/altera/11.0/nios2eds/bin/gnu/h-i686-mingw32/bin/../lib/gcc/nios2-elf/4.1.2/../../../../nios2-elf/lib\libc.a(lib_a-refill.o)
 .comment       0x00000000       0x24 c:/altera/11.0/nios2eds/bin/gnu/h-i686-mingw32/bin/../lib/gcc/nios2-elf/4.1.2/../../../../nios2-elf/lib\libc.a(lib_a-sbrkr.o)
 .comment       0x00000000       0x24 c:/altera/11.0/nios2eds/bin/gnu/h-i686-mingw32/bin/../lib/gcc/nios2-elf/4.1.2/../../../../nios2-elf/lib\libc.a(lib_a-stdio.o)
 .comment       0x00000000       0x24 c:/altera/11.0/nios2eds/bin/gnu/h-i686-mingw32/bin/../lib/gcc/nios2-elf/4.1.2/../../../../nios2-elf/lib\libc.a(lib_a-writer.o)
 .comment       0x00000000       0x24 c:/altera/11.0/nios2eds/bin/gnu/h-i686-mingw32/bin/../lib/gcc/nios2-elf/4.1.2/../../../../nios2-elf/lib\libc.a(lib_a-closer.o)
 .comment       0x00000000       0x24 c:/altera/11.0/nios2eds/bin/gnu/h-i686-mingw32/bin/../lib/gcc/nios2-elf/4.1.2/../../../../nios2-elf/lib\libc.a(lib_a-flags.o)
 .comment       0x00000000       0x24 c:/altera/11.0/nios2eds/bin/gnu/h-i686-mingw32/bin/../lib/gcc/nios2-elf/4.1.2/../../../../nios2-elf/lib\libc.a(lib_a-fvwrite.o)
 .comment       0x00000000       0x24 c:/altera/11.0/nios2eds/bin/gnu/h-i686-mingw32/bin/../lib/gcc/nios2-elf/4.1.2/../../../../nios2-elf/lib\libc.a(lib_a-isattyr.o)
 .comment       0x00000000       0x24 c:/altera/11.0/nios2eds/bin/gnu/h-i686-mingw32/bin/../lib/gcc/nios2-elf/4.1.2/../../../../nios2-elf/lib\libc.a(lib_a-lseekr.o)
 .comment       0x00000000       0x24 c:/altera/11.0/nios2eds/bin/gnu/h-i686-mingw32/bin/../lib/gcc/nios2-elf/4.1.2/../../../../nios2-elf/lib\libc.a(lib_a-memchr.o)
 .comment       0x00000000       0x24 c:/altera/11.0/nios2eds/bin/gnu/h-i686-mingw32/bin/../lib/gcc/nios2-elf/4.1.2/../../../../nios2-elf/lib\libc.a(lib_a-memcpy.o)
 .comment       0x00000000       0x24 c:/altera/11.0/nios2eds/bin/gnu/h-i686-mingw32/bin/../lib/gcc/nios2-elf/4.1.2/../../../../nios2-elf/lib\libc.a(lib_a-memmove.o)
 .comment       0x00000000       0x24 c:/altera/11.0/nios2eds/bin/gnu/h-i686-mingw32/bin/../lib/gcc/nios2-elf/4.1.2/../../../../nios2-elf/lib\libc.a(lib_a-readr.o)
 .comment       0x00000000       0x24 c:/altera/11.0/nios2eds/bin/gnu/h-i686-mingw32/bin/../lib/gcc/nios2-elf/4.1.2/../../../../nios2-elf/lib\libc.a(lib_a-reallocr.o)
 .comment       0x00000000       0x24 c:/altera/11.0/nios2eds/bin/gnu/h-i686-mingw32/bin/../lib/gcc/nios2-elf/4.1.2/../../../../nios2-elf/lib\libc.a(lib_a-wsetup.o)
 .comment       0x00000000       0x24 c:/altera/11.0/nios2eds/bin/gnu/h-i686-mingw32/bin/../lib/gcc/nios2-elf/4.1.2\libgcc.a(lib2-divmod.o)
 .comment       0x00000000       0x24 ../nios2processor_bsp/\libhal_bsp.a(alt_close.o)
 .comment       0x00000000       0x24 ../nios2processor_bsp/\libhal_bsp.a(alt_dev.o)
 .comment       0x00000000       0x24 ../nios2processor_bsp/\libhal_bsp.a(alt_errno.o)
 .comment       0x00000000       0x24 ../nios2processor_bsp/\libhal_bsp.a(alt_fstat.o)
 .comment       0x00000000       0x24 ../nios2processor_bsp/\libhal_bsp.a(alt_isatty.o)
 .comment       0x00000000       0x24 ../nios2processor_bsp/\libhal_bsp.a(alt_load.o)
 .comment       0x00000000       0x24 ../nios2processor_bsp/\libhal_bsp.a(alt_lseek.o)
 .comment       0x00000000       0x24 ../nios2processor_bsp/\libhal_bsp.a(alt_main.o)
 .comment       0x00000000       0x24 ../nios2processor_bsp/\libhal_bsp.a(alt_malloc_lock.o)
 .comment       0x00000000       0x24 ../nios2processor_bsp/\libhal_bsp.a(alt_open.o)
 .comment       0x00000000       0x24 ../nios2processor_bsp/\libhal_bsp.a(alt_read.o)
 .comment       0x00000000       0x24 ../nios2processor_bsp/\libhal_bsp.a(alt_release_fd.o)
 .comment       0x00000000       0x24 ../nios2processor_bsp/\libhal_bsp.a(alt_sbrk.o)
 .comment       0x00000000       0x24 ../nios2processor_bsp/\libhal_bsp.a(alt_usleep.o)
 .comment       0x00000000       0x24 ../nios2processor_bsp/\libhal_bsp.a(alt_write.o)
 .comment       0x00000000       0x24 ../nios2processor_bsp/\libhal_bsp.a(alt_sys_init.o)
 .comment       0x00000000       0x24 ../nios2processor_bsp/\libhal_bsp.a(altera_avalon_jtag_uart_fd.o)
 .comment       0x00000000       0x24 ../nios2processor_bsp/\libhal_bsp.a(altera_avalon_jtag_uart_init.o)
 .comment       0x00000000       0x24 ../nios2processor_bsp/\libhal_bsp.a(altera_avalon_jtag_uart_ioctl.o)
 .comment       0x00000000       0x24 ../nios2processor_bsp/\libhal_bsp.a(altera_avalon_jtag_uart_read.o)
 .comment       0x00000000       0x24 ../nios2processor_bsp/\libhal_bsp.a(altera_avalon_jtag_uart_write.o)
 .comment       0x00000000       0x24 ../nios2processor_bsp/\libhal_bsp.a(altera_avalon_lcd_16207.o)
 .comment       0x00000000       0x24 ../nios2processor_bsp/\libhal_bsp.a(altera_avalon_lcd_16207_fd.o)
 .comment       0x00000000       0x24 ../nios2processor_bsp/\libhal_bsp.a(alt_alarm_start.o)
 .comment       0x00000000       0x24 ../nios2processor_bsp/\libhal_bsp.a(alt_busy_sleep.o)
 .comment       0x00000000       0x24 ../nios2processor_bsp/\libhal_bsp.a(alt_dcache_flush_all.o)
 .comment       0x00000000       0x24 ../nios2processor_bsp/\libhal_bsp.a(alt_dev_llist_insert.o)
 .comment       0x00000000       0x24 ../nios2processor_bsp/\libhal_bsp.a(alt_do_ctors.o)
 .comment       0x00000000       0x24 ../nios2processor_bsp/\libhal_bsp.a(alt_do_dtors.o)
 .comment       0x00000000       0x24 ../nios2processor_bsp/\libhal_bsp.a(alt_find_dev.o)
 .comment       0x00000000       0x24 ../nios2processor_bsp/\libhal_bsp.a(alt_find_file.o)
 .comment       0x00000000       0x24 ../nios2processor_bsp/\libhal_bsp.a(alt_get_fd.o)
 .comment       0x00000000       0x24 ../nios2processor_bsp/\libhal_bsp.a(alt_icache_flush_all.o)
 .comment       0x00000000       0x24 ../nios2processor_bsp/\libhal_bsp.a(alt_iic.o)
 .comment       0x00000000       0x24 ../nios2processor_bsp/\libhal_bsp.a(alt_iic_isr_register.o)
 .comment       0x00000000       0x24 ../nios2processor_bsp/\libhal_bsp.a(alt_io_redirect.o)
 .comment       0x00000000       0x24 ../nios2processor_bsp/\libhal_bsp.a(alt_irq_handler.o)
 .comment       0x00000000       0x24 ../nios2processor_bsp/\libhal_bsp.a(alt_irq_vars.o)
 .comment       0x00000000       0x24 ../nios2processor_bsp/\libhal_bsp.a(alt_tick.o)
 .comment       0x00000000       0x24 ../nios2processor_bsp/\libhal_bsp.a(altera_nios2_qsys_irq.o)
 .comment       0x00000000       0x24 ../nios2processor_bsp/\libhal_bsp.a(alt_icache_flush.o)
 .comment       0x00000000       0x24 c:/altera/11.0/nios2eds/bin/gnu/h-i686-mingw32/bin/../lib/gcc/nios2-elf/4.1.2/../../../../nios2-elf/lib\libc.a(lib_a-atexit.o)
 .comment       0x00000000       0x24 c:/altera/11.0/nios2eds/bin/gnu/h-i686-mingw32/bin/../lib/gcc/nios2-elf/4.1.2/../../../../nios2-elf/lib\libc.a(lib_a-ctype_.o)
 .comment       0x00000000       0x24 c:/altera/11.0/nios2eds/bin/gnu/h-i686-mingw32/bin/../lib/gcc/nios2-elf/4.1.2/../../../../nios2-elf/lib\libc.a(lib_a-exit.o)
 .comment       0x00000000       0x24 c:/altera/11.0/nios2eds/bin/gnu/h-i686-mingw32/bin/../lib/gcc/nios2-elf/4.1.2/../../../../nios2-elf/lib\libc.a(lib_a-memcmp.o)
 .comment       0x00000000       0x24 c:/altera/11.0/nios2eds/bin/gnu/h-i686-mingw32/bin/../lib/gcc/nios2-elf/4.1.2/../../../../nios2-elf/lib\libc.a(lib_a-strlen.o)
 .comment       0x00000000       0x24 c:/altera/11.0/nios2eds/bin/gnu/h-i686-mingw32/bin/../lib/gcc/nios2-elf/4.1.2/../../../../nios2-elf/lib\libc.a(lib_a-__atexit.o)
 .comment       0x00000000       0x24 c:/altera/11.0/nios2eds/bin/gnu/h-i686-mingw32/bin/../lib/gcc/nios2-elf/4.1.2/../../../../nios2-elf/lib\libc.a(lib_a-__call_atexit.o)
 .comment       0x00000000       0x24 ../nios2processor_bsp/\libhal_bsp.a(alt_exit.o)

.debug
 *(.debug)

.line
 *(.line)

.debug_srcinfo
 *(.debug_srcinfo)

.debug_sfnames
 *(.debug_sfnames)

.debug_aranges  0x00000000      0xa18
 *(.debug_aranges)
 .debug_aranges
                0x00000000       0x28 ../nios2processor_bsp//obj/HAL/src/crt0.o
 .debug_aranges
                0x00000028       0x20 obj/main.o
 .debug_aranges
                0x00000048       0x20 c:/altera/11.0/nios2eds/bin/gnu/h-i686-mingw32/bin/../lib/gcc/nios2-elf/4.1.2/../../../../nios2-elf/lib\libc.a(lib_a-fclose.o)
 .debug_aranges
                0x00000068       0x20 c:/altera/11.0/nios2eds/bin/gnu/h-i686-mingw32/bin/../lib/gcc/nios2-elf/4.1.2/../../../../nios2-elf/lib\libc.a(lib_a-fflush.o)
 .debug_aranges
                0x00000088       0x20 c:/altera/11.0/nios2eds/bin/gnu/h-i686-mingw32/bin/../lib/gcc/nios2-elf/4.1.2/../../../../nios2-elf/lib\libc.a(lib_a-findfp.o)
 .debug_aranges
                0x000000a8       0x20 c:/altera/11.0/nios2eds/bin/gnu/h-i686-mingw32/bin/../lib/gcc/nios2-elf/4.1.2/../../../../nios2-elf/lib\libc.a(lib_a-fopen.o)
 .debug_aranges
                0x000000c8       0x20 c:/altera/11.0/nios2eds/bin/gnu/h-i686-mingw32/bin/../lib/gcc/nios2-elf/4.1.2/../../../../nios2-elf/lib\libc.a(lib_a-freer.o)
 .debug_aranges
                0x000000e8       0x20 c:/altera/11.0/nios2eds/bin/gnu/h-i686-mingw32/bin/../lib/gcc/nios2-elf/4.1.2/../../../../nios2-elf/lib\libc.a(lib_a-fseek.o)
 .debug_aranges
                0x00000108       0x20 c:/altera/11.0/nios2eds/bin/gnu/h-i686-mingw32/bin/../lib/gcc/nios2-elf/4.1.2/../../../../nios2-elf/lib\libc.a(lib_a-fstatr.o)
 .debug_aranges
                0x00000128       0x20 c:/altera/11.0/nios2eds/bin/gnu/h-i686-mingw32/bin/../lib/gcc/nios2-elf/4.1.2/../../../../nios2-elf/lib\libc.a(lib_a-fwalk.o)
 .debug_aranges
                0x00000148       0x20 c:/altera/11.0/nios2eds/bin/gnu/h-i686-mingw32/bin/../lib/gcc/nios2-elf/4.1.2/../../../../nios2-elf/lib\libc.a(lib_a-fwrite.o)
 .debug_aranges
                0x00000168       0x20 c:/altera/11.0/nios2eds/bin/gnu/h-i686-mingw32/bin/../lib/gcc/nios2-elf/4.1.2/../../../../nios2-elf/lib\libc.a(lib_a-makebuf.o)
 .debug_aranges
                0x00000188       0x20 c:/altera/11.0/nios2eds/bin/gnu/h-i686-mingw32/bin/../lib/gcc/nios2-elf/4.1.2/../../../../nios2-elf/lib\libc.a(lib_a-mallocr.o)
 .debug_aranges
                0x000001a8       0x20 c:/altera/11.0/nios2eds/bin/gnu/h-i686-mingw32/bin/../lib/gcc/nios2-elf/4.1.2/../../../../nios2-elf/lib\libc.a(lib_a-memset.o)
 .debug_aranges
                0x000001c8       0x20 c:/altera/11.0/nios2eds/bin/gnu/h-i686-mingw32/bin/../lib/gcc/nios2-elf/4.1.2/../../../../nios2-elf/lib\libc.a(lib_a-openr.o)
 .debug_aranges
                0x000001e8       0x20 c:/altera/11.0/nios2eds/bin/gnu/h-i686-mingw32/bin/../lib/gcc/nios2-elf/4.1.2/../../../../nios2-elf/lib\libc.a(lib_a-refill.o)
 .debug_aranges
                0x00000208       0x20 c:/altera/11.0/nios2eds/bin/gnu/h-i686-mingw32/bin/../lib/gcc/nios2-elf/4.1.2/../../../../nios2-elf/lib\libc.a(lib_a-sbrkr.o)
 .debug_aranges
                0x00000228       0x20 c:/altera/11.0/nios2eds/bin/gnu/h-i686-mingw32/bin/../lib/gcc/nios2-elf/4.1.2/../../../../nios2-elf/lib\libc.a(lib_a-stdio.o)
 .debug_aranges
                0x00000248       0x20 c:/altera/11.0/nios2eds/bin/gnu/h-i686-mingw32/bin/../lib/gcc/nios2-elf/4.1.2/../../../../nios2-elf/lib\libc.a(lib_a-writer.o)
 .debug_aranges
                0x00000268       0x20 c:/altera/11.0/nios2eds/bin/gnu/h-i686-mingw32/bin/../lib/gcc/nios2-elf/4.1.2/../../../../nios2-elf/lib\libc.a(lib_a-closer.o)
 .debug_aranges
                0x00000288       0x20 c:/altera/11.0/nios2eds/bin/gnu/h-i686-mingw32/bin/../lib/gcc/nios2-elf/4.1.2/../../../../nios2-elf/lib\libc.a(lib_a-flags.o)
 .debug_aranges
                0x000002a8       0x20 c:/altera/11.0/nios2eds/bin/gnu/h-i686-mingw32/bin/../lib/gcc/nios2-elf/4.1.2/../../../../nios2-elf/lib\libc.a(lib_a-fvwrite.o)
 .debug_aranges
                0x000002c8       0x20 c:/altera/11.0/nios2eds/bin/gnu/h-i686-mingw32/bin/../lib/gcc/nios2-elf/4.1.2/../../../../nios2-elf/lib\libc.a(lib_a-isattyr.o)
 .debug_aranges
                0x000002e8       0x20 c:/altera/11.0/nios2eds/bin/gnu/h-i686-mingw32/bin/../lib/gcc/nios2-elf/4.1.2/../../../../nios2-elf/lib\libc.a(lib_a-lseekr.o)
 .debug_aranges
                0x00000308       0x20 c:/altera/11.0/nios2eds/bin/gnu/h-i686-mingw32/bin/../lib/gcc/nios2-elf/4.1.2/../../../../nios2-elf/lib\libc.a(lib_a-memchr.o)
 .debug_aranges
                0x00000328       0x20 c:/altera/11.0/nios2eds/bin/gnu/h-i686-mingw32/bin/../lib/gcc/nios2-elf/4.1.2/../../../../nios2-elf/lib\libc.a(lib_a-memcpy.o)
 .debug_aranges
                0x00000348       0x20 c:/altera/11.0/nios2eds/bin/gnu/h-i686-mingw32/bin/../lib/gcc/nios2-elf/4.1.2/../../../../nios2-elf/lib\libc.a(lib_a-memmove.o)
 .debug_aranges
                0x00000368       0x20 c:/altera/11.0/nios2eds/bin/gnu/h-i686-mingw32/bin/../lib/gcc/nios2-elf/4.1.2/../../../../nios2-elf/lib\libc.a(lib_a-readr.o)
 .debug_aranges
                0x00000388       0x20 c:/altera/11.0/nios2eds/bin/gnu/h-i686-mingw32/bin/../lib/gcc/nios2-elf/4.1.2/../../../../nios2-elf/lib\libc.a(lib_a-reallocr.o)
 .debug_aranges
                0x000003a8       0x20 c:/altera/11.0/nios2eds/bin/gnu/h-i686-mingw32/bin/../lib/gcc/nios2-elf/4.1.2/../../../../nios2-elf/lib\libc.a(lib_a-wsetup.o)
 .debug_aranges
                0x000003c8       0x20 c:/altera/11.0/nios2eds/bin/gnu/h-i686-mingw32/bin/../lib/gcc/nios2-elf/4.1.2\libgcc.a(lib2-divmod.o)
 .debug_aranges
                0x000003e8       0x20 ../nios2processor_bsp/\libhal_bsp.a(alt_close.o)
 .debug_aranges
                0x00000408       0x20 ../nios2processor_bsp/\libhal_bsp.a(alt_dev.o)
 .debug_aranges
                0x00000428       0x20 ../nios2processor_bsp/\libhal_bsp.a(alt_fstat.o)
 .debug_aranges
                0x00000448       0x20 ../nios2processor_bsp/\libhal_bsp.a(alt_isatty.o)
 .debug_aranges
                0x00000468       0x20 ../nios2processor_bsp/\libhal_bsp.a(alt_load.o)
 .debug_aranges
                0x00000488       0x20 ../nios2processor_bsp/\libhal_bsp.a(alt_lseek.o)
 .debug_aranges
                0x000004a8       0x20 ../nios2processor_bsp/\libhal_bsp.a(alt_main.o)
 .debug_aranges
                0x000004c8       0x20 ../nios2processor_bsp/\libhal_bsp.a(alt_malloc_lock.o)
 .debug_aranges
                0x000004e8       0x20 ../nios2processor_bsp/\libhal_bsp.a(alt_open.o)
 .debug_aranges
                0x00000508       0x20 ../nios2processor_bsp/\libhal_bsp.a(alt_read.o)
 .debug_aranges
                0x00000528       0x20 ../nios2processor_bsp/\libhal_bsp.a(alt_release_fd.o)
 .debug_aranges
                0x00000548       0x20 ../nios2processor_bsp/\libhal_bsp.a(alt_sbrk.o)
 .debug_aranges
                0x00000568       0x20 ../nios2processor_bsp/\libhal_bsp.a(alt_usleep.o)
 .debug_aranges
                0x00000588       0x20 ../nios2processor_bsp/\libhal_bsp.a(alt_write.o)
 .debug_aranges
                0x000005a8       0x20 ../nios2processor_bsp/\libhal_bsp.a(alt_sys_init.o)
 .debug_aranges
                0x000005c8       0x20 ../nios2processor_bsp/\libhal_bsp.a(altera_avalon_jtag_uart_fd.o)
 .debug_aranges
                0x000005e8       0x20 ../nios2processor_bsp/\libhal_bsp.a(altera_avalon_jtag_uart_init.o)
 .debug_aranges
                0x00000608       0x20 ../nios2processor_bsp/\libhal_bsp.a(altera_avalon_jtag_uart_ioctl.o)
 .debug_aranges
                0x00000628       0x20 ../nios2processor_bsp/\libhal_bsp.a(altera_avalon_jtag_uart_read.o)
 .debug_aranges
                0x00000648       0x20 ../nios2processor_bsp/\libhal_bsp.a(altera_avalon_jtag_uart_write.o)
 .debug_aranges
                0x00000668       0x20 ../nios2processor_bsp/\libhal_bsp.a(altera_avalon_lcd_16207.o)
 .debug_aranges
                0x00000688       0x20 ../nios2processor_bsp/\libhal_bsp.a(altera_avalon_lcd_16207_fd.o)
 .debug_aranges
                0x000006a8       0x20 ../nios2processor_bsp/\libhal_bsp.a(alt_alarm_start.o)
 .debug_aranges
                0x000006c8       0x20 ../nios2processor_bsp/\libhal_bsp.a(alt_busy_sleep.o)
 .debug_aranges
                0x000006e8       0x20 ../nios2processor_bsp/\libhal_bsp.a(alt_dcache_flush_all.o)
 .debug_aranges
                0x00000708       0x20 ../nios2processor_bsp/\libhal_bsp.a(alt_dev_llist_insert.o)
 .debug_aranges
                0x00000728       0x20 ../nios2processor_bsp/\libhal_bsp.a(alt_do_ctors.o)
 .debug_aranges
                0x00000748       0x20 ../nios2processor_bsp/\libhal_bsp.a(alt_do_dtors.o)
 .debug_aranges
                0x00000768       0x20 ../nios2processor_bsp/\libhal_bsp.a(alt_find_dev.o)
 .debug_aranges
                0x00000788       0x20 ../nios2processor_bsp/\libhal_bsp.a(alt_find_file.o)
 .debug_aranges
                0x000007a8       0x20 ../nios2processor_bsp/\libhal_bsp.a(alt_get_fd.o)
 .debug_aranges
                0x000007c8       0x20 ../nios2processor_bsp/\libhal_bsp.a(alt_icache_flush_all.o)
 .debug_aranges
                0x000007e8       0x20 ../nios2processor_bsp/\libhal_bsp.a(alt_iic.o)
 .debug_aranges
                0x00000808       0x20 ../nios2processor_bsp/\libhal_bsp.a(alt_iic_isr_register.o)
 .debug_aranges
                0x00000828       0x20 ../nios2processor_bsp/\libhal_bsp.a(alt_io_redirect.o)
 .debug_aranges
                0x00000848       0x30 ../nios2processor_bsp/\libhal_bsp.a(alt_irq_entry.o)
 .debug_aranges
                0x00000878       0x28 ../nios2processor_bsp/\libhal_bsp.a(alt_irq_handler.o)
 .debug_aranges
                0x000008a0       0x20 ../nios2processor_bsp/\libhal_bsp.a(alt_tick.o)
 .debug_aranges
                0x000008c0       0x20 ../nios2processor_bsp/\libhal_bsp.a(altera_nios2_qsys_irq.o)
 .debug_aranges
                0x000008e0       0x38 ../nios2processor_bsp/\libhal_bsp.a(alt_exception_entry.o)
 .debug_aranges
                0x00000918       0x20 ../nios2processor_bsp/\libhal_bsp.a(alt_icache_flush.o)
 .debug_aranges
                0x00000938       0x20 c:/altera/11.0/nios2eds/bin/gnu/h-i686-mingw32/bin/../lib/gcc/nios2-elf/4.1.2/../../../../nios2-elf/lib\libc.a(lib_a-atexit.o)
 .debug_aranges
                0x00000958       0x20 c:/altera/11.0/nios2eds/bin/gnu/h-i686-mingw32/bin/../lib/gcc/nios2-elf/4.1.2/../../../../nios2-elf/lib\libc.a(lib_a-exit.o)
 .debug_aranges
                0x00000978       0x20 c:/altera/11.0/nios2eds/bin/gnu/h-i686-mingw32/bin/../lib/gcc/nios2-elf/4.1.2/../../../../nios2-elf/lib\libc.a(lib_a-memcmp.o)
 .debug_aranges
                0x00000998       0x20 c:/altera/11.0/nios2eds/bin/gnu/h-i686-mingw32/bin/../lib/gcc/nios2-elf/4.1.2/../../../../nios2-elf/lib\libc.a(lib_a-strlen.o)
 .debug_aranges
                0x000009b8       0x20 c:/altera/11.0/nios2eds/bin/gnu/h-i686-mingw32/bin/../lib/gcc/nios2-elf/4.1.2/../../../../nios2-elf/lib\libc.a(lib_a-__atexit.o)
 .debug_aranges
                0x000009d8       0x20 c:/altera/11.0/nios2eds/bin/gnu/h-i686-mingw32/bin/../lib/gcc/nios2-elf/4.1.2/../../../../nios2-elf/lib\libc.a(lib_a-__call_atexit.o)
 .debug_aranges
                0x000009f8       0x20 ../nios2processor_bsp/\libhal_bsp.a(alt_exit.o)

.debug_pubnames
                0x00000000      0xf1b
 *(.debug_pubnames)
 .debug_pubnames
                0x00000000       0x1b obj/main.o
 .debug_pubnames
                0x0000001b       0x2b c:/altera/11.0/nios2eds/bin/gnu/h-i686-mingw32/bin/../lib/gcc/nios2-elf/4.1.2/../../../../nios2-elf/lib\libc.a(lib_a-fclose.o)
 .debug_pubnames
                0x00000046       0x2b c:/altera/11.0/nios2eds/bin/gnu/h-i686-mingw32/bin/../lib/gcc/nios2-elf/4.1.2/../../../../nios2-elf/lib\libc.a(lib_a-fflush.o)
 .debug_pubnames
                0x00000071       0xdb c:/altera/11.0/nios2eds/bin/gnu/h-i686-mingw32/bin/../lib/gcc/nios2-elf/4.1.2/../../../../nios2-elf/lib\libc.a(lib_a-findfp.o)
 .debug_pubnames
                0x0000014c       0x29 c:/altera/11.0/nios2eds/bin/gnu/h-i686-mingw32/bin/../lib/gcc/nios2-elf/4.1.2/../../../../nios2-elf/lib\libc.a(lib_a-fopen.o)
 .debug_pubnames
                0x00000175       0x31 c:/altera/11.0/nios2eds/bin/gnu/h-i686-mingw32/bin/../lib/gcc/nios2-elf/4.1.2/../../../../nios2-elf/lib\libc.a(lib_a-freer.o)
 .debug_pubnames
                0x000001a6       0x29 c:/altera/11.0/nios2eds/bin/gnu/h-i686-mingw32/bin/../lib/gcc/nios2-elf/4.1.2/../../../../nios2-elf/lib\libc.a(lib_a-fseek.o)
 .debug_pubnames
                0x000001cf       0x1f c:/altera/11.0/nios2eds/bin/gnu/h-i686-mingw32/bin/../lib/gcc/nios2-elf/4.1.2/../../../../nios2-elf/lib\libc.a(lib_a-fstatr.o)
 .debug_pubnames
                0x000001ee       0x2e c:/altera/11.0/nios2eds/bin/gnu/h-i686-mingw32/bin/../lib/gcc/nios2-elf/4.1.2/../../../../nios2-elf/lib\libc.a(lib_a-fwalk.o)
 .debug_pubnames
                0x0000021c       0x2b c:/altera/11.0/nios2eds/bin/gnu/h-i686-mingw32/bin/../lib/gcc/nios2-elf/4.1.2/../../../../nios2-elf/lib\libc.a(lib_a-fwrite.o)
 .debug_pubnames
                0x00000247       0x39 c:/altera/11.0/nios2eds/bin/gnu/h-i686-mingw32/bin/../lib/gcc/nios2-elf/4.1.2/../../../../nios2-elf/lib\libc.a(lib_a-impure.o)
 .debug_pubnames
                0x00000280       0x1c c:/altera/11.0/nios2eds/bin/gnu/h-i686-mingw32/bin/../lib/gcc/nios2-elf/4.1.2/../../../../nios2-elf/lib\libc.a(lib_a-int_errno.o)
 .debug_pubnames
                0x0000029c       0x23 c:/altera/11.0/nios2eds/bin/gnu/h-i686-mingw32/bin/../lib/gcc/nios2-elf/4.1.2/../../../../nios2-elf/lib\libc.a(lib_a-makebuf.o)
 .debug_pubnames
                0x000002bf       0xce c:/altera/11.0/nios2eds/bin/gnu/h-i686-mingw32/bin/../lib/gcc/nios2-elf/4.1.2/../../../../nios2-elf/lib\libc.a(lib_a-mallocr.o)
 .debug_pubnames
                0x0000038d       0x1d c:/altera/11.0/nios2eds/bin/gnu/h-i686-mingw32/bin/../lib/gcc/nios2-elf/4.1.2/../../../../nios2-elf/lib\libc.a(lib_a-memset.o)
 .debug_pubnames
                0x000003aa       0x1e c:/altera/11.0/nios2eds/bin/gnu/h-i686-mingw32/bin/../lib/gcc/nios2-elf/4.1.2/../../../../nios2-elf/lib\libc.a(lib_a-openr.o)
 .debug_pubnames
                0x000003c8       0x22 c:/altera/11.0/nios2eds/bin/gnu/h-i686-mingw32/bin/../lib/gcc/nios2-elf/4.1.2/../../../../nios2-elf/lib\libc.a(lib_a-refill.o)
 .debug_pubnames
                0x000003ea       0x1e c:/altera/11.0/nios2eds/bin/gnu/h-i686-mingw32/bin/../lib/gcc/nios2-elf/4.1.2/../../../../nios2-elf/lib\libc.a(lib_a-sbrkr.o)
 .debug_pubnames
                0x00000408       0x44 c:/altera/11.0/nios2eds/bin/gnu/h-i686-mingw32/bin/../lib/gcc/nios2-elf/4.1.2/../../../../nios2-elf/lib\libc.a(lib_a-stdio.o)
 .debug_pubnames
                0x0000044c       0x1f c:/altera/11.0/nios2eds/bin/gnu/h-i686-mingw32/bin/../lib/gcc/nios2-elf/4.1.2/../../../../nios2-elf/lib\libc.a(lib_a-writer.o)
 .debug_pubnames
                0x0000046b       0x1f c:/altera/11.0/nios2eds/bin/gnu/h-i686-mingw32/bin/../lib/gcc/nios2-elf/4.1.2/../../../../nios2-elf/lib\libc.a(lib_a-closer.o)
 .debug_pubnames
                0x0000048a       0x1f c:/altera/11.0/nios2eds/bin/gnu/h-i686-mingw32/bin/../lib/gcc/nios2-elf/4.1.2/../../../../nios2-elf/lib\libc.a(lib_a-flags.o)
 .debug_pubnames
                0x000004a9       0x23 c:/altera/11.0/nios2eds/bin/gnu/h-i686-mingw32/bin/../lib/gcc/nios2-elf/4.1.2/../../../../nios2-elf/lib\libc.a(lib_a-fvwrite.o)
 .debug_pubnames
                0x000004cc       0x20 c:/altera/11.0/nios2eds/bin/gnu/h-i686-mingw32/bin/../lib/gcc/nios2-elf/4.1.2/../../../../nios2-elf/lib\libc.a(lib_a-isattyr.o)
 .debug_pubnames
                0x000004ec       0x1f c:/altera/11.0/nios2eds/bin/gnu/h-i686-mingw32/bin/../lib/gcc/nios2-elf/4.1.2/../../../../nios2-elf/lib\libc.a(lib_a-lseekr.o)
 .debug_pubnames
                0x0000050b       0x1d c:/altera/11.0/nios2eds/bin/gnu/h-i686-mingw32/bin/../lib/gcc/nios2-elf/4.1.2/../../../../nios2-elf/lib\libc.a(lib_a-memchr.o)
 .debug_pubnames
                0x00000528       0x1d c:/altera/11.0/nios2eds/bin/gnu/h-i686-mingw32/bin/../lib/gcc/nios2-elf/4.1.2/../../../../nios2-elf/lib\libc.a(lib_a-memcpy.o)
 .debug_pubnames
                0x00000545       0x1e c:/altera/11.0/nios2eds/bin/gnu/h-i686-mingw32/bin/../lib/gcc/nios2-elf/4.1.2/../../../../nios2-elf/lib\libc.a(lib_a-memmove.o)
 .debug_pubnames
                0x00000563       0x1e c:/altera/11.0/nios2eds/bin/gnu/h-i686-mingw32/bin/../lib/gcc/nios2-elf/4.1.2/../../../../nios2-elf/lib\libc.a(lib_a-readr.o)
 .debug_pubnames
                0x00000581       0x21 c:/altera/11.0/nios2eds/bin/gnu/h-i686-mingw32/bin/../lib/gcc/nios2-elf/4.1.2/../../../../nios2-elf/lib\libc.a(lib_a-reallocr.o)
 .debug_pubnames
                0x000005a2       0x22 c:/altera/11.0/nios2eds/bin/gnu/h-i686-mingw32/bin/../lib/gcc/nios2-elf/4.1.2/../../../../nios2-elf/lib\libc.a(lib_a-wsetup.o)
 .debug_pubnames
                0x000005c4       0x48 c:/altera/11.0/nios2eds/bin/gnu/h-i686-mingw32/bin/../lib/gcc/nios2-elf/4.1.2\libgcc.a(lib2-divmod.o)
 .debug_pubnames
                0x0000060c       0x1c ../nios2processor_bsp/\libhal_bsp.a(alt_close.o)
 .debug_pubnames
                0x00000628       0x63 ../nios2processor_bsp/\libhal_bsp.a(alt_dev.o)
 .debug_pubnames
                0x0000068b       0x20 ../nios2processor_bsp/\libhal_bsp.a(alt_errno.o)
 .debug_pubnames
                0x000006ab       0x1c ../nios2processor_bsp/\libhal_bsp.a(alt_fstat.o)
 .debug_pubnames
                0x000006c7       0x1d ../nios2processor_bsp/\libhal_bsp.a(alt_isatty.o)
 .debug_pubnames
                0x000006e4       0x1f ../nios2processor_bsp/\libhal_bsp.a(alt_load.o)
 .debug_pubnames
                0x00000703       0x1c ../nios2processor_bsp/\libhal_bsp.a(alt_lseek.o)
 .debug_pubnames
                0x0000071f       0x46 ../nios2processor_bsp/\libhal_bsp.a(alt_main.o)
 .debug_pubnames
                0x00000765       0x38 ../nios2processor_bsp/\libhal_bsp.a(alt_malloc_lock.o)
 .debug_pubnames
                0x0000079d       0x1b ../nios2processor_bsp/\libhal_bsp.a(alt_open.o)
 .debug_pubnames
                0x000007b8       0x1b ../nios2processor_bsp/\libhal_bsp.a(alt_read.o)
 .debug_pubnames
                0x000007d3       0x25 ../nios2processor_bsp/\libhal_bsp.a(alt_release_fd.o)
 .debug_pubnames
                0x000007f8       0x1b ../nios2processor_bsp/\libhal_bsp.a(alt_sbrk.o)
 .debug_pubnames
                0x00000813       0x1d ../nios2processor_bsp/\libhal_bsp.a(alt_usleep.o)
 .debug_pubnames
                0x00000830       0x1c ../nios2processor_bsp/\libhal_bsp.a(alt_write.o)
 .debug_pubnames
                0x0000084c       0x34 ../nios2processor_bsp/\libhal_bsp.a(alt_sys_init.o)
 .debug_pubnames
                0x00000880       0xa5 ../nios2processor_bsp/\libhal_bsp.a(altera_avalon_jtag_uart_fd.o)
 .debug_pubnames
                0x00000925       0x55 ../nios2processor_bsp/\libhal_bsp.a(altera_avalon_jtag_uart_init.o)
 .debug_pubnames
                0x0000097a       0x34 ../nios2processor_bsp/\libhal_bsp.a(altera_avalon_jtag_uart_ioctl.o)
 .debug_pubnames
                0x000009ae       0x33 ../nios2processor_bsp/\libhal_bsp.a(altera_avalon_jtag_uart_read.o)
 .debug_pubnames
                0x000009e1       0x34 ../nios2processor_bsp/\libhal_bsp.a(altera_avalon_jtag_uart_write.o)
 .debug_pubnames
                0x00000a15       0x55 ../nios2processor_bsp/\libhal_bsp.a(altera_avalon_lcd_16207.o)
 .debug_pubnames
                0x00000a6a       0x37 ../nios2processor_bsp/\libhal_bsp.a(altera_avalon_lcd_16207_fd.o)
 .debug_pubnames
                0x00000aa1       0x26 ../nios2processor_bsp/\libhal_bsp.a(alt_alarm_start.o)
 .debug_pubnames
                0x00000ac7       0x25 ../nios2processor_bsp/\libhal_bsp.a(alt_busy_sleep.o)
 .debug_pubnames
                0x00000aec       0x2b ../nios2processor_bsp/\libhal_bsp.a(alt_dcache_flush_all.o)
 .debug_pubnames
                0x00000b17       0x2b ../nios2processor_bsp/\libhal_bsp.a(alt_dev_llist_insert.o)
 .debug_pubnames
                0x00000b42       0x20 ../nios2processor_bsp/\libhal_bsp.a(alt_do_ctors.o)
 .debug_pubnames
                0x00000b62       0x20 ../nios2processor_bsp/\libhal_bsp.a(alt_do_dtors.o)
 .debug_pubnames
                0x00000b82       0x23 ../nios2processor_bsp/\libhal_bsp.a(alt_find_dev.o)
 .debug_pubnames
                0x00000ba5       0x24 ../nios2processor_bsp/\libhal_bsp.a(alt_find_file.o)
 .debug_pubnames
                0x00000bc9       0x21 ../nios2processor_bsp/\libhal_bsp.a(alt_get_fd.o)
 .debug_pubnames
                0x00000bea       0x2b ../nios2processor_bsp/\libhal_bsp.a(alt_icache_flush_all.o)
 .debug_pubnames
                0x00000c15       0x6e ../nios2processor_bsp/\libhal_bsp.a(alt_iic.o)
 .debug_pubnames
                0x00000c83       0x2b ../nios2processor_bsp/\libhal_bsp.a(alt_iic_isr_register.o)
 .debug_pubnames
                0x00000cae       0x26 ../nios2processor_bsp/\libhal_bsp.a(alt_io_redirect.o)
 .debug_pubnames
                0x00000cd4       0x32 ../nios2processor_bsp/\libhal_bsp.a(alt_irq_handler.o)
 .debug_pubnames
                0x00000d06       0x3b ../nios2processor_bsp/\libhal_bsp.a(alt_irq_vars.o)
 .debug_pubnames
                0x00000d41       0x68 ../nios2processor_bsp/\libhal_bsp.a(alt_tick.o)
 .debug_pubnames
                0x00000da9       0x31 ../nios2processor_bsp/\libhal_bsp.a(altera_nios2_qsys_irq.o)
 .debug_pubnames
                0x00000dda       0x27 ../nios2processor_bsp/\libhal_bsp.a(alt_icache_flush.o)
 .debug_pubnames
                0x00000e01       0x2a c:/altera/11.0/nios2eds/bin/gnu/h-i686-mingw32/bin/../lib/gcc/nios2-elf/4.1.2/../../../../nios2-elf/lib\libc.a(lib_a-atexit.o)
 .debug_pubnames
                0x00000e2b       0x2e c:/altera/11.0/nios2eds/bin/gnu/h-i686-mingw32/bin/../lib/gcc/nios2-elf/4.1.2/../../../../nios2-elf/lib\libc.a(lib_a-ctype_.o)
 .debug_pubnames
                0x00000e59       0x1b c:/altera/11.0/nios2eds/bin/gnu/h-i686-mingw32/bin/../lib/gcc/nios2-elf/4.1.2/../../../../nios2-elf/lib\libc.a(lib_a-exit.o)
 .debug_pubnames
                0x00000e74       0x1d c:/altera/11.0/nios2eds/bin/gnu/h-i686-mingw32/bin/../lib/gcc/nios2-elf/4.1.2/../../../../nios2-elf/lib\libc.a(lib_a-memcmp.o)
 .debug_pubnames
                0x00000e91       0x1d c:/altera/11.0/nios2eds/bin/gnu/h-i686-mingw32/bin/../lib/gcc/nios2-elf/4.1.2/../../../../nios2-elf/lib\libc.a(lib_a-strlen.o)
 .debug_pubnames
                0x00000eae       0x2a c:/altera/11.0/nios2eds/bin/gnu/h-i686-mingw32/bin/../lib/gcc/nios2-elf/4.1.2/../../../../nios2-elf/lib\libc.a(lib_a-__atexit.o)
 .debug_pubnames
                0x00000ed8       0x27 c:/altera/11.0/nios2eds/bin/gnu/h-i686-mingw32/bin/../lib/gcc/nios2-elf/4.1.2/../../../../nios2-elf/lib\libc.a(lib_a-__call_atexit.o)
 .debug_pubnames
                0x00000eff       0x1c ../nios2processor_bsp/\libhal_bsp.a(alt_exit.o)

.debug_info     0x00000000    0x1e66d
 *(.debug_info .gnu.linkonce.wi.*)
 .debug_info    0x00000000       0x65 ../nios2processor_bsp//obj/HAL/src/crt0.o
 .debug_info    0x00000065      0xbd8 obj/main.o
 .debug_info    0x00000c3d      0x994 c:/altera/11.0/nios2eds/bin/gnu/h-i686-mingw32/bin/../lib/gcc/nios2-elf/4.1.2/../../../../nios2-elf/lib\libc.a(lib_a-fclose.o)
 .debug_info    0x000015d1      0x9fe c:/altera/11.0/nios2eds/bin/gnu/h-i686-mingw32/bin/../lib/gcc/nios2-elf/4.1.2/../../../../nios2-elf/lib\libc.a(lib_a-fflush.o)
 .debug_info    0x00001fcf      0xb72 c:/altera/11.0/nios2eds/bin/gnu/h-i686-mingw32/bin/../lib/gcc/nios2-elf/4.1.2/../../../../nios2-elf/lib\libc.a(lib_a-findfp.o)
 .debug_info    0x00002b41      0x9e0 c:/altera/11.0/nios2eds/bin/gnu/h-i686-mingw32/bin/../lib/gcc/nios2-elf/4.1.2/../../../../nios2-elf/lib\libc.a(lib_a-fopen.o)
 .debug_info    0x00003521      0xbc9 c:/altera/11.0/nios2eds/bin/gnu/h-i686-mingw32/bin/../lib/gcc/nios2-elf/4.1.2/../../../../nios2-elf/lib\libc.a(lib_a-freer.o)
 .debug_info    0x000040ea      0xbdc c:/altera/11.0/nios2eds/bin/gnu/h-i686-mingw32/bin/../lib/gcc/nios2-elf/4.1.2/../../../../nios2-elf/lib\libc.a(lib_a-fseek.o)
 .debug_info    0x00004cc6      0xafc c:/altera/11.0/nios2eds/bin/gnu/h-i686-mingw32/bin/../lib/gcc/nios2-elf/4.1.2/../../../../nios2-elf/lib\libc.a(lib_a-fstatr.o)
 .debug_info    0x000057c2      0xaed c:/altera/11.0/nios2eds/bin/gnu/h-i686-mingw32/bin/../lib/gcc/nios2-elf/4.1.2/../../../../nios2-elf/lib\libc.a(lib_a-fwalk.o)
 .debug_info    0x000062af      0xa83 c:/altera/11.0/nios2eds/bin/gnu/h-i686-mingw32/bin/../lib/gcc/nios2-elf/4.1.2/../../../../nios2-elf/lib\libc.a(lib_a-fwrite.o)
 .debug_info    0x00006d32      0x93d c:/altera/11.0/nios2eds/bin/gnu/h-i686-mingw32/bin/../lib/gcc/nios2-elf/4.1.2/../../../../nios2-elf/lib\libc.a(lib_a-impure.o)
 .debug_info    0x0000766f       0x8c c:/altera/11.0/nios2eds/bin/gnu/h-i686-mingw32/bin/../lib/gcc/nios2-elf/4.1.2/../../../../nios2-elf/lib\libc.a(lib_a-int_errno.o)
 .debug_info    0x000076fb      0xb1a c:/altera/11.0/nios2eds/bin/gnu/h-i686-mingw32/bin/../lib/gcc/nios2-elf/4.1.2/../../../../nios2-elf/lib\libc.a(lib_a-makebuf.o)
 .debug_info    0x00008215      0xcd0 c:/altera/11.0/nios2eds/bin/gnu/h-i686-mingw32/bin/../lib/gcc/nios2-elf/4.1.2/../../../../nios2-elf/lib\libc.a(lib_a-mallocr.o)
 .debug_info    0x00008ee5      0x113 c:/altera/11.0/nios2eds/bin/gnu/h-i686-mingw32/bin/../lib/gcc/nios2-elf/4.1.2/../../../../nios2-elf/lib\libc.a(lib_a-memset.o)
 .debug_info    0x00008ff8      0x977 c:/altera/11.0/nios2eds/bin/gnu/h-i686-mingw32/bin/../lib/gcc/nios2-elf/4.1.2/../../../../nios2-elf/lib\libc.a(lib_a-openr.o)
 .debug_info    0x0000996f      0x98b c:/altera/11.0/nios2eds/bin/gnu/h-i686-mingw32/bin/../lib/gcc/nios2-elf/4.1.2/../../../../nios2-elf/lib\libc.a(lib_a-refill.o)
 .debug_info    0x0000a2fa      0x962 c:/altera/11.0/nios2eds/bin/gnu/h-i686-mingw32/bin/../lib/gcc/nios2-elf/4.1.2/../../../../nios2-elf/lib\libc.a(lib_a-sbrkr.o)
 .debug_info    0x0000ac5c      0xaac c:/altera/11.0/nios2eds/bin/gnu/h-i686-mingw32/bin/../lib/gcc/nios2-elf/4.1.2/../../../../nios2-elf/lib\libc.a(lib_a-stdio.o)
 .debug_info    0x0000b708      0x993 c:/altera/11.0/nios2eds/bin/gnu/h-i686-mingw32/bin/../lib/gcc/nios2-elf/4.1.2/../../../../nios2-elf/lib\libc.a(lib_a-writer.o)
 .debug_info    0x0000c09b      0x958 c:/altera/11.0/nios2eds/bin/gnu/h-i686-mingw32/bin/../lib/gcc/nios2-elf/4.1.2/../../../../nios2-elf/lib\libc.a(lib_a-closer.o)
 .debug_info    0x0000c9f3      0x977 c:/altera/11.0/nios2eds/bin/gnu/h-i686-mingw32/bin/../lib/gcc/nios2-elf/4.1.2/../../../../nios2-elf/lib\libc.a(lib_a-flags.o)
 .debug_info    0x0000d36a      0xa88 c:/altera/11.0/nios2eds/bin/gnu/h-i686-mingw32/bin/../lib/gcc/nios2-elf/4.1.2/../../../../nios2-elf/lib\libc.a(lib_a-fvwrite.o)
 .debug_info    0x0000ddf2      0x958 c:/altera/11.0/nios2eds/bin/gnu/h-i686-mingw32/bin/../lib/gcc/nios2-elf/4.1.2/../../../../nios2-elf/lib\libc.a(lib_a-isattyr.o)
 .debug_info    0x0000e74a      0x981 c:/altera/11.0/nios2eds/bin/gnu/h-i686-mingw32/bin/../lib/gcc/nios2-elf/4.1.2/../../../../nios2-elf/lib\libc.a(lib_a-lseekr.o)
 .debug_info    0x0000f0cb      0x138 c:/altera/11.0/nios2eds/bin/gnu/h-i686-mingw32/bin/../lib/gcc/nios2-elf/4.1.2/../../../../nios2-elf/lib\libc.a(lib_a-memchr.o)
 .debug_info    0x0000f203      0x106 c:/altera/11.0/nios2eds/bin/gnu/h-i686-mingw32/bin/../lib/gcc/nios2-elf/4.1.2/../../../../nios2-elf/lib\libc.a(lib_a-memcpy.o)
 .debug_info    0x0000f309      0x13e c:/altera/11.0/nios2eds/bin/gnu/h-i686-mingw32/bin/../lib/gcc/nios2-elf/4.1.2/../../../../nios2-elf/lib\libc.a(lib_a-memmove.o)
 .debug_info    0x0000f447      0x98c c:/altera/11.0/nios2eds/bin/gnu/h-i686-mingw32/bin/../lib/gcc/nios2-elf/4.1.2/../../../../nios2-elf/lib\libc.a(lib_a-readr.o)
 .debug_info    0x0000fdd3      0xbd7 c:/altera/11.0/nios2eds/bin/gnu/h-i686-mingw32/bin/../lib/gcc/nios2-elf/4.1.2/../../../../nios2-elf/lib\libc.a(lib_a-reallocr.o)
 .debug_info    0x000109aa      0x95d c:/altera/11.0/nios2eds/bin/gnu/h-i686-mingw32/bin/../lib/gcc/nios2-elf/4.1.2/../../../../nios2-elf/lib\libc.a(lib_a-wsetup.o)
 .debug_info    0x00011307      0x21c c:/altera/11.0/nios2eds/bin/gnu/h-i686-mingw32/bin/../lib/gcc/nios2-elf/4.1.2\libgcc.a(lib2-divmod.o)
 .debug_info    0x00011523      0x451 ../nios2processor_bsp/\libhal_bsp.a(alt_close.o)
 .debug_info    0x00011974      0x669 ../nios2processor_bsp/\libhal_bsp.a(alt_dev.o)
 .debug_info    0x00011fdd      0x14e ../nios2processor_bsp/\libhal_bsp.a(alt_errno.o)
 .debug_info    0x0001212b      0x64a ../nios2processor_bsp/\libhal_bsp.a(alt_fstat.o)
 .debug_info    0x00012775      0x650 ../nios2processor_bsp/\libhal_bsp.a(alt_isatty.o)
 .debug_info    0x00012dc5      0x277 ../nios2processor_bsp/\libhal_bsp.a(alt_load.o)
 .debug_info    0x0001303c      0x484 ../nios2processor_bsp/\libhal_bsp.a(alt_lseek.o)
 .debug_info    0x000134c0      0x20f ../nios2processor_bsp/\libhal_bsp.a(alt_main.o)
 .debug_info    0x000136cf      0xc02 ../nios2processor_bsp/\libhal_bsp.a(alt_malloc_lock.o)
 .debug_info    0x000142d1      0x50f ../nios2processor_bsp/\libhal_bsp.a(alt_open.o)
 .debug_info    0x000147e0      0x674 ../nios2processor_bsp/\libhal_bsp.a(alt_read.o)
 .debug_info    0x00014e54      0x3dc ../nios2processor_bsp/\libhal_bsp.a(alt_release_fd.o)
 .debug_info    0x00015230      0x2a1 ../nios2processor_bsp/\libhal_bsp.a(alt_sbrk.o)
 .debug_info    0x000154d1      0x152 ../nios2processor_bsp/\libhal_bsp.a(alt_usleep.o)
 .debug_info    0x00015623      0x67d ../nios2processor_bsp/\libhal_bsp.a(alt_write.o)
 .debug_info    0x00015ca0      0x8eb ../nios2processor_bsp/\libhal_bsp.a(alt_sys_init.o)
 .debug_info    0x0001658b      0x7c3 ../nios2processor_bsp/\libhal_bsp.a(altera_avalon_jtag_uart_fd.o)
 .debug_info    0x00016d4e      0x5eb ../nios2processor_bsp/\libhal_bsp.a(altera_avalon_jtag_uart_init.o)
 .debug_info    0x00017339      0x42d ../nios2processor_bsp/\libhal_bsp.a(altera_avalon_jtag_uart_ioctl.o)
 .debug_info    0x00017766      0x530 ../nios2processor_bsp/\libhal_bsp.a(altera_avalon_jtag_uart_read.o)
 .debug_info    0x00017c96      0x528 ../nios2processor_bsp/\libhal_bsp.a(altera_avalon_jtag_uart_write.o)
 .debug_info    0x000181be      0x8d8 ../nios2processor_bsp/\libhal_bsp.a(altera_avalon_lcd_16207.o)
 .debug_info    0x00018a96      0x6fc ../nios2processor_bsp/\libhal_bsp.a(altera_avalon_lcd_16207_fd.o)
 .debug_info    0x00019192      0x42c ../nios2processor_bsp/\libhal_bsp.a(alt_alarm_start.o)
 .debug_info    0x000195be      0x195 ../nios2processor_bsp/\libhal_bsp.a(alt_busy_sleep.o)
 .debug_info    0x00019753      0x159 ../nios2processor_bsp/\libhal_bsp.a(alt_dcache_flush_all.o)
 .debug_info    0x000198ac      0x2a1 ../nios2processor_bsp/\libhal_bsp.a(alt_dev_llist_insert.o)
 .debug_info    0x00019b4d       0xf9 ../nios2processor_bsp/\libhal_bsp.a(alt_do_ctors.o)
 .debug_info    0x00019c46       0xf8 ../nios2processor_bsp/\libhal_bsp.a(alt_do_dtors.o)
 .debug_info    0x00019d3e      0x402 ../nios2processor_bsp/\libhal_bsp.a(alt_find_dev.o)
 .debug_info    0x0001a140      0x409 ../nios2processor_bsp/\libhal_bsp.a(alt_find_file.o)
 .debug_info    0x0001a549      0x44a ../nios2processor_bsp/\libhal_bsp.a(alt_get_fd.o)
 .debug_info    0x0001a993      0x146 ../nios2processor_bsp/\libhal_bsp.a(alt_icache_flush_all.o)
 .debug_info    0x0001aad9      0x47d ../nios2processor_bsp/\libhal_bsp.a(alt_iic.o)
 .debug_info    0x0001af56      0x2fe ../nios2processor_bsp/\libhal_bsp.a(alt_iic_isr_register.o)
 .debug_info    0x0001b254      0x67f ../nios2processor_bsp/\libhal_bsp.a(alt_io_redirect.o)
 .debug_info    0x0001b8d3       0x6e ../nios2processor_bsp/\libhal_bsp.a(alt_irq_entry.o)
 .debug_info    0x0001b941      0x25f ../nios2processor_bsp/\libhal_bsp.a(alt_irq_handler.o)
 .debug_info    0x0001bba0      0x151 ../nios2processor_bsp/\libhal_bsp.a(alt_irq_vars.o)
 .debug_info    0x0001bcf1      0x3e8 ../nios2processor_bsp/\libhal_bsp.a(alt_tick.o)
 .debug_info    0x0001c0d9      0x14d ../nios2processor_bsp/\libhal_bsp.a(altera_nios2_qsys_irq.o)
 .debug_info    0x0001c226       0x74 ../nios2processor_bsp/\libhal_bsp.a(alt_exception_entry.o)
 .debug_info    0x0001c29a      0x18e ../nios2processor_bsp/\libhal_bsp.a(alt_icache_flush.o)
 .debug_info    0x0001c428      0x181 c:/altera/11.0/nios2eds/bin/gnu/h-i686-mingw32/bin/../lib/gcc/nios2-elf/4.1.2/../../../../nios2-elf/lib\libc.a(lib_a-atexit.o)
 .debug_info    0x0001c5a9       0xa0 c:/altera/11.0/nios2eds/bin/gnu/h-i686-mingw32/bin/../lib/gcc/nios2-elf/4.1.2/../../../../nios2-elf/lib\libc.a(lib_a-ctype_.o)
 .debug_info    0x0001c649      0x93f c:/altera/11.0/nios2eds/bin/gnu/h-i686-mingw32/bin/../lib/gcc/nios2-elf/4.1.2/../../../../nios2-elf/lib\libc.a(lib_a-exit.o)
 .debug_info    0x0001cf88      0x115 c:/altera/11.0/nios2eds/bin/gnu/h-i686-mingw32/bin/../lib/gcc/nios2-elf/4.1.2/../../../../nios2-elf/lib\libc.a(lib_a-memcmp.o)
 .debug_info    0x0001d09d       0xdb c:/altera/11.0/nios2eds/bin/gnu/h-i686-mingw32/bin/../lib/gcc/nios2-elf/4.1.2/../../../../nios2-elf/lib\libc.a(lib_a-strlen.o)
 .debug_info    0x0001d178      0x99c c:/altera/11.0/nios2eds/bin/gnu/h-i686-mingw32/bin/../lib/gcc/nios2-elf/4.1.2/../../../../nios2-elf/lib\libc.a(lib_a-__atexit.o)
 .debug_info    0x0001db14      0x9e2 c:/altera/11.0/nios2eds/bin/gnu/h-i686-mingw32/bin/../lib/gcc/nios2-elf/4.1.2/../../../../nios2-elf/lib\libc.a(lib_a-__call_atexit.o)
 .debug_info    0x0001e4f6      0x177 ../nios2processor_bsp/\libhal_bsp.a(alt_exit.o)

.debug_abbrev   0x00000000     0x5c5f
 *(.debug_abbrev)